---
source: src/lib/ra_lexer/src/tests.rs
expression: tokens
---
[
  {
    "kind": {
      "Identifier": "single_variable"
    },
    "position": [
      [
        1,
        1
      ],
      [
        1,
        16
      ]
    ],
    "level": 1
  },
  {
    "kind": {
      "Comment": [
        " just an empty variable",
        false
      ]
    },
    "position": [
      [
        1,
        17
      ],
      [
        1,
        42
      ]
    ],
    "level": 1
  },
  {
    "kind": {
      "IntegerLiteral": 1
    },
    "position": [
      [
        3,
        1
      ],
      [
        0,
        0
      ]
    ],
    "level": 1
  },
  {
    "kind": "Plus",
    "position": [
      [
        3,
        3
      ],
      [
        3,
        4
      ]
    ],
    "level": 1
  },
  {
    "kind": {
      "IntegerLiteral": 1
    },
    "position": [
      [
        3,
        5
      ],
      [
        0,
        0
      ]
    ],
    "level": 1
  },
  {
    "kind": {
      "Comment": [
        " expression that has an output of 2",
        false
      ]
    },
    "position": [
      [
        3,
        7
      ],
      [
        3,
        44
      ]
    ],
    "level": 1
  },
  {
    "kind": {
      "Identifier": "assignment"
    },
    "position": [
      [
        5,
        1
      ],
      [
        5,
        11
      ]
    ],
    "level": 1
  },
  {
    "kind": {
      "Comment": [
        " expression that has value 1 assigned",
        false
      ]
    },
    "position": [
      [
        5,
        12
      ],
      [
        5,
        51
      ]
    ],
    "level": 1
  },
  {
    "kind": {
      "IntegerLiteral": 1
    },
    "position": [
      [
        6,
        5
      ],
      [
        0,
        0
      ]
    ],
    "level": 2
  },
  {
    "kind": {
      "Identifier": "assignment"
    },
    "position": [
      [
        8,
        1
      ],
      [
        8,
        11
      ]
    ],
    "level": 1
  },
  {
    "kind": "Plus",
    "position": [
      [
        8,
        12
      ],
      [
        8,
        13
      ]
    ],
    "level": 1
  },
  {
    "kind": {
      "IntegerLiteral": 2
    },
    "position": [
      [
        8,
        14
      ],
      [
        0,
        0
      ]
    ],
    "level": 1
  },
  {
    "kind": {
      "Comment": [
        " expression that has an output of 3",
        false
      ]
    },
    "position": [
      [
        8,
        16
      ],
      [
        8,
        53
      ]
    ],
    "level": 1
  },
  {
    "kind": {
      "Identifier": "nested_variable"
    },
    "position": [
      [
        10,
        1
      ],
      [
        10,
        16
      ]
    ],
    "level": 1
  },
  {
    "kind": {
      "Comment": [
        " expression that has output assigned",
        false
      ]
    },
    "position": [
      [
        10,
        17
      ],
      [
        10,
        55
      ]
    ],
    "level": 1
  },
  {
    "kind": {
      "Identifier": "assignment"
    },
    "position": [
      [
        11,
        5
      ],
      [
        11,
        15
      ]
    ],
    "level": 2
  },
  {
    "kind": "Plus",
    "position": [
      [
        11,
        16
      ],
      [
        11,
        17
      ]
    ],
    "level": 2
  },
  {
    "kind": {
      "IntegerLiteral": 2
    },
    "position": [
      [
        11,
        18
      ],
      [
        0,
        0
      ]
    ],
    "level": 2
  },
  {
    "kind": {
      "Comment": [
        " expression that has an output of 3",
        false
      ]
    },
    "position": [
      [
        11,
        20
      ],
      [
        11,
        57
      ]
    ],
    "level": 2
  },
  {
    "kind": {
      "Identifier": "assignment"
    },
    "position": [
      [
        13,
        1
      ],
      [
        13,
        11
      ]
    ],
    "level": 1
  },
  {
    "kind": "Pipe",
    "position": [
      [
        13,
        12
      ],
      [
        13,
        13
      ]
    ],
    "level": 1
  },
  {
    "kind": {
      "Identifier": "nested_variable"
    },
    "position": [
      [
        13,
        14
      ],
      [
        13,
        29
      ]
    ],
    "level": 1
  },
  {
    "kind": {
      "Comment": [
        " logical expression OR",
        false
      ]
    },
    "position": [
      [
        13,
        30
      ],
      [
        13,
        54
      ]
    ],
    "level": 1
  },
  {
    "kind": {
      "Identifier": "assignment"
    },
    "position": [
      [
        15,
        1
      ],
      [
        15,
        11
      ]
    ],
    "level": 1
  },
  {
    "kind": "Greater",
    "position": [
      [
        15,
        12
      ],
      [
        15,
        13
      ]
    ],
    "level": 1
  },
  {
    "kind": {
      "Identifier": "nested_variable"
    },
    "position": [
      [
        15,
        14
      ],
      [
        15,
        29
      ]
    ],
    "level": 1
  },
  {
    "kind": {
      "Comment": [
        " logical expression Comparison GT",
        false
      ]
    },
    "position": [
      [
        15,
        30
      ],
      [
        15,
        65
      ]
    ],
    "level": 1
  },
  {
    "kind": "OpenParentheses",
    "position": [
      [
        17,
        1
      ],
      [
        17,
        2
      ]
    ],
    "level": 1
  },
  {
    "kind": {
      "IntegerLiteral": 3
    },
    "position": [
      [
        17,
        2
      ],
      [
        0,
        0
      ]
    ],
    "level": 1
  },
  {
    "kind": "Asterisk",
    "position": [
      [
        17,
        3
      ],
      [
        17,
        4
      ]
    ],
    "level": 1
  },
  {
    "kind": {
      "IntegerLiteral": 5
    },
    "position": [
      [
        17,
        4
      ],
      [
        0,
        0
      ]
    ],
    "level": 1
  },
  {
    "kind": "CloseParentheses",
    "position": [
      [
        17,
        5
      ],
      [
        17,
        6
      ]
    ],
    "level": 1
  },
  {
    "kind": "Plus",
    "position": [
      [
        17,
        7
      ],
      [
        17,
        8
      ]
    ],
    "level": 1
  },
  {
    "kind": {
      "IntegerLiteral": 22
    },
    "position": [
      [
        17,
        9
      ],
      [
        17,
        11
      ]
    ],
    "level": 1
  },
  {
    "kind": {
      "Comment": [
        " grouped expression that has an output of 37",
        false
      ]
    },
    "position": [
      [
        17,
        12
      ],
      [
        17,
        58
      ]
    ],
    "level": 1
  },
  {
    "kind": "OpenParentheses",
    "position": [
      [
        19,
        1
      ],
      [
        19,
        2
      ]
    ],
    "level": 1
  },
  {
    "kind": {
      "Identifier": "assignment"
    },
    "position": [
      [
        19,
        2
      ],
      [
        19,
        12
      ]
    ],
    "level": 1
  },
  {
    "kind": "Pipe",
    "position": [
      [
        19,
        13
      ],
      [
        19,
        14
      ]
    ],
    "level": 1
  },
  {
    "kind": {
      "Identifier": "nested_variable"
    },
    "position": [
      [
        19,
        15
      ],
      [
        19,
        30
      ]
    ],
    "level": 1
  },
  {
    "kind": "CloseParentheses",
    "position": [
      [
        19,
        30
      ],
      [
        19,
        31
      ]
    ],
    "level": 1
  },
  {
    "kind": "Plus",
    "position": [
      [
        19,
        32
      ],
      [
        19,
        33
      ]
    ],
    "level": 1
  },
  {
    "kind": {
      "IntegerLiteral": 3
    },
    "position": [
      [
        19,
        34
      ],
      [
        0,
        0
      ]
    ],
    "level": 1
  },
  {
    "kind": {
      "Comment": [
        " grouped expression with logical expression, has an output of 6",
        false
      ]
    },
    "position": [
      [
        19,
        36
      ],
      [
        19,
        101
      ]
    ],
    "level": 1
  },
  {
    "kind": {
      "IntegerLiteral": 1
    },
    "position": [
      [
        21,
        1
      ],
      [
        0,
        0
      ]
    ],
    "level": 1
  },
  {
    "kind": "Plus",
    "position": [
      [
        21,
        3
      ],
      [
        21,
        4
      ]
    ],
    "level": 1
  },
  {
    "kind": {
      "IntegerLiteral": 1
    },
    "position": [
      [
        21,
        5
      ],
      [
        0,
        0
      ]
    ],
    "level": 1
  },
  {
    "kind": "Plus",
    "position": [
      [
        21,
        7
      ],
      [
        21,
        8
      ]
    ],
    "level": 1
  },
  {
    "kind": "OpenParentheses",
    "position": [
      [
        21,
        9
      ],
      [
        21,
        10
      ]
    ],
    "level": 1
  },
  {
    "kind": {
      "IntegerLiteral": 2
    },
    "position": [
      [
        21,
        10
      ],
      [
        0,
        0
      ]
    ],
    "level": 1
  },
  {
    "kind": "Asterisk",
    "position": [
      [
        21,
        11
      ],
      [
        21,
        12
      ]
    ],
    "level": 1
  },
  {
    "kind": {
      "IntegerLiteral": 2
    },
    "position": [
      [
        21,
        12
      ],
      [
        0,
        0
      ]
    ],
    "level": 1
  },
  {
    "kind": "CloseParentheses",
    "position": [
      [
        21,
        13
      ],
      [
        21,
        14
      ]
    ],
    "level": 1
  },
  {
    "kind": "Plus",
    "position": [
      [
        21,
        15
      ],
      [
        21,
        16
      ]
    ],
    "level": 1
  },
  {
    "kind": "OpenParentheses",
    "position": [
      [
        21,
        17
      ],
      [
        21,
        18
      ]
    ],
    "level": 1
  },
  {
    "kind": {
      "IntegerLiteral": 3
    },
    "position": [
      [
        21,
        18
      ],
      [
        0,
        0
      ]
    ],
    "level": 1
  },
  {
    "kind": "Asterisk",
    "position": [
      [
        21,
        19
      ],
      [
        21,
        20
      ]
    ],
    "level": 1
  },
  {
    "kind": "OpenParentheses",
    "position": [
      [
        21,
        20
      ],
      [
        21,
        21
      ]
    ],
    "level": 1
  },
  {
    "kind": {
      "IntegerLiteral": 2
    },
    "position": [
      [
        21,
        21
      ],
      [
        0,
        0
      ]
    ],
    "level": 1
  },
  {
    "kind": "Plus",
    "position": [
      [
        21,
        22
      ],
      [
        21,
        23
      ]
    ],
    "level": 1
  },
  {
    "kind": {
      "IntegerLiteral": 2
    },
    "position": [
      [
        21,
        23
      ],
      [
        0,
        0
      ]
    ],
    "level": 1
  },
  {
    "kind": "CloseParentheses",
    "position": [
      [
        21,
        24
      ],
      [
        21,
        25
      ]
    ],
    "level": 1
  },
  {
    "kind": "CloseParentheses",
    "position": [
      [
        21,
        25
      ],
      [
        21,
        26
      ]
    ],
    "level": 1
  },
  {
    "kind": "Minus",
    "position": [
      [
        21,
        27
      ],
      [
        21,
        28
      ]
    ],
    "level": 1
  },
  {
    "kind": {
      "IntegerLiteral": 18
    },
    "position": [
      [
        21,
        29
      ],
      [
        21,
        31
      ]
    ],
    "level": 1
  },
  {
    "kind": {
      "Comment": [
        " bit more grouping, has an output of 0",
        false
      ]
    },
    "position": [
      [
        21,
        32
      ],
      [
        21,
        72
      ]
    ],
    "level": 1
  }
]
