---
source: src/lib/ra_lexer/src/tests.rs
expression: tokens
---
[
    Token {
        kind: Some(
            OpenCurlyBrace,
        ),
        len: 1,
        content: "{",
        position: (
            [1:0],
            [1:1],
        ),
        level: 0,
    },
    Token {
        kind: Some(
            Identifier(
                "N",
            ),
        ),
        len: 1,
        content: "N",
        position: (
            [1:1],
            [1:2],
        ),
        level: 0,
    },
    Token {
        kind: Some(
            Colon,
        ),
        len: 1,
        content: ":",
        position: (
            [1:2],
            [1:3],
        ),
        level: 0,
    },
    Token {
        kind: Some(
            OpenCurlyBrace,
        ),
        len: 1,
        content: "{",
        position: (
            [1:3],
            [1:4],
        ),
        level: 0,
    },
    Token {
        kind: Some(
            Exclamation,
        ),
        len: 1,
        content: "!",
        position: (
            [2:4],
            [2:5],
        ),
        level: 1,
    },
    Token {
        kind: Some(
            Identifier(
                "sort",
            ),
        ),
        len: 4,
        content: "sort",
        position: (
            [2:5],
            [2:9],
        ),
        level: 1,
    },
    Token {
        kind: Some(
            Colon,
        ),
        len: 1,
        content: ":",
        position: (
            [2:9],
            [2:10],
        ),
        level: 1,
    },
    Token {
        kind: Some(
            Identifier(
                "recipe",
            ),
        ),
        len: 6,
        content: "recipe",
        position: (
            [2:11],
            [2:17],
        ),
        level: 1,
    },
    Token {
        kind: Some(
            Colon,
        ),
        len: 1,
        content: ":",
        position: (
            [2:17],
            [2:18],
        ),
        level: 1,
    },
    Token {
        kind: Some(
            Identifier(
                "recipe",
            ),
        ),
        len: 6,
        content: "recipe",
        position: (
            [2:19],
            [2:25],
        ),
        level: 1,
    },
    Token {
        kind: Some(
            Dot,
        ),
        len: 1,
        content: ".",
        position: (
            [2:25],
            [2:26],
        ),
        level: 1,
    },
    Token {
        kind: Some(
            Identifier(
                "rating",
            ),
        ),
        len: 6,
        content: "rating",
        position: (
            [2:26],
            [2:32],
        ),
        level: 1,
    },
    Token {
        kind: Some(
            Slash,
        ),
        len: 1,
        content: "/",
        position: (
            [2:33],
            [2:34],
        ),
        level: 1,
    },
    Token {
        kind: Some(
            Identifier(
                "recipe",
            ),
        ),
        len: 6,
        content: "recipe",
        position: (
            [2:35],
            [2:41],
        ),
        level: 1,
    },
    Token {
        kind: Some(
            Dot,
        ),
        len: 1,
        content: ".",
        position: (
            [2:41],
            [2:42],
        ),
        level: 1,
    },
    Token {
        kind: Some(
            Identifier(
                "votesCount",
            ),
        ),
        len: 10,
        content: "votesCount",
        position: (
            [2:42],
            [2:52],
        ),
        level: 1,
    },
    Token {
        kind: Some(
            Colon,
        ),
        len: 1,
        content: ":",
        position: (
            [2:53],
            [2:54],
        ),
        level: 1,
    },
    Token {
        kind: Some(
            Identifier(
                "desc",
            ),
        ),
        len: 4,
        content: "desc",
        position: (
            [2:55],
            [2:59],
        ),
        level: 1,
    },
    Token {
        kind: Some(
            CloseCurlyBrace,
        ),
        len: 1,
        content: "}",
        position: (
            [3:0],
            [3:1],
        ),
        level: 0,
    },
    Token {
        kind: Some(
            CloseCurlyBrace,
        ),
        len: 1,
        content: "}",
        position: (
            [3:1],
            [3:2],
        ),
        level: 0,
    },
    Token {
        kind: Some(
            Colon,
        ),
        len: 1,
        content: ":",
        position: (
            [5:0],
            [5:1],
        ),
        level: 0,
    },
    Token {
        kind: Some(
            Identifier(
                "searchInput",
            ),
        ),
        len: 11,
        content: "searchInput",
        position: (
            [5:1],
            [5:12],
        ),
        level: 0,
    },
    Token {
        kind: Some(
            Greater,
        ),
        len: 1,
        content: ">",
        position: (
            [6:4],
            [6:5],
        ),
        level: 1,
    },
    Token {
        kind: Some(
            Colon,
        ),
        len: 1,
        content: ":",
        position: (
            [6:6],
            [6:7],
        ),
        level: 1,
    },
    Token {
        kind: Some(
            Identifier(
                "placeholder",
            ),
        ),
        len: 11,
        content: "placeholder",
        position: (
            [6:7],
            [6:18],
        ),
        level: 1,
    },
    Token {
        kind: Some(
            Equals,
        ),
        len: 1,
        content: "=",
        position: (
            [6:18],
            [6:19],
        ),
        level: 1,
    },
    Token {
        kind: Some(
            At,
        ),
        len: 1,
        content: "@",
        position: (
            [6:19],
            [6:20],
        ),
        level: 1,
    },
    Token {
        kind: Some(
            Identifier(
                "resources",
            ),
        ),
        len: 9,
        content: "resources",
        position: (
            [6:20],
            [6:29],
        ),
        level: 1,
    },
    Token {
        kind: Some(
            Dot,
        ),
        len: 1,
        content: ".",
        position: (
            [6:29],
            [6:30],
        ),
        level: 1,
    },
    Token {
        kind: Some(
            Identifier(
                "searchPlaceholder",
            ),
        ),
        len: 17,
        content: "searchPlaceholder",
        position: (
            [6:30],
            [6:47],
        ),
        level: 1,
    },
    Token {
        kind: Some(
            Exclamation,
        ),
        len: 1,
        content: "!",
        position: (
            [7:8],
            [7:9],
        ),
        level: 2,
    },
    Token {
        kind: Some(
            Identifier(
                "text",
            ),
        ),
        len: 4,
        content: "text",
        position: (
            [7:9],
            [7:13],
        ),
        level: 2,
    },
    Token {
        kind: Some(
            OpenCurlyBrace,
        ),
        len: 1,
        content: "{",
        position: (
            [9:0],
            [9:1],
        ),
        level: 0,
    },
    Token {
        kind: Some(
            Int(
                1,
            ),
        ),
        len: 1,
        content: "1",
        position: (
            [9:1],
            [9:2],
        ),
        level: 0,
    },
    Token {
        kind: Some(
            Colon,
        ),
        len: 1,
        content: ":",
        position: (
            [9:2],
            [9:3],
        ),
        level: 0,
    },
    Token {
        kind: Some(
            Identifier(
                "N",
            ),
        ),
        len: 1,
        content: "N",
        position: (
            [9:3],
            [9:4],
        ),
        level: 0,
    },
    Token {
        kind: Some(
            CloseCurlyBrace,
        ),
        len: 1,
        content: "}",
        position: (
            [9:4],
            [9:5],
        ),
        level: 0,
    },
    Token {
        kind: Some(
            Identifier(
                "navigation",
            ),
        ),
        len: 10,
        content: "navigation",
        position: (
            [10:0],
            [10:10],
        ),
        level: 0,
    },
    Token {
        kind: Some(
            Coma,
        ),
        len: 1,
        content: ",",
        position: (
            [10:10],
            [10:11],
        ),
        level: 0,
    },
    Token {
        kind: Some(
            Greater,
        ),
        len: 1,
        content: ">",
        position: (
            [11:4],
            [11:5],
        ),
        level: 1,
    },
    Token {
        kind: Some(
            Exclamation,
        ),
        len: 1,
        content: "!",
        position: (
            [12:8],
            [12:9],
        ),
        level: 2,
    },
    Token {
        kind: Some(
            Identifier(
                "options",
            ),
        ),
        len: 7,
        content: "options",
        position: (
            [12:9],
            [12:16],
        ),
        level: 2,
    },
    Token {
        kind: Some(
            Colon,
        ),
        len: 1,
        content: ":",
        position: (
            [12:16],
            [12:17],
        ),
        level: 2,
    },
    Token {
        kind: Some(
            At,
        ),
        len: 1,
        content: "@",
        position: (
            [12:17],
            [12:18],
        ),
        level: 2,
    },
    Token {
        kind: Some(
            Identifier(
                "resources",
            ),
        ),
        len: 9,
        content: "resources",
        position: (
            [12:18],
            [12:27],
        ),
        level: 2,
    },
    Token {
        kind: Some(
            Dot,
        ),
        len: 1,
        content: ".",
        position: (
            [12:27],
            [12:28],
        ),
        level: 2,
    },
    Token {
        kind: Some(
            Identifier(
                "navigationItems",
            ),
        ),
        len: 15,
        content: "navigationItems",
        position: (
            [12:28],
            [12:43],
        ),
        level: 2,
    },
    Token {
        kind: Some(
            Exclamation,
        ),
        len: 1,
        content: "!",
        position: (
            [13:8],
            [13:9],
        ),
        level: 2,
    },
    Token {
        kind: Some(
            Identifier(
                "select",
            ),
        ),
        len: 6,
        content: "select",
        position: (
            [13:9],
            [13:15],
        ),
        level: 2,
    },
    Token {
        kind: Some(
            Colon,
        ),
        len: 1,
        content: ":",
        position: (
            [13:15],
            [13:16],
        ),
        level: 2,
    },
    Token {
        kind: Some(
            Identifier(
                "single",
            ),
        ),
        len: 6,
        content: "single",
        position: (
            [13:16],
            [13:22],
        ),
        level: 2,
    },
    Token {
        kind: Some(
            Identifier(
                "search",
            ),
        ),
        len: 6,
        content: "search",
        position: (
            [14:4],
            [14:10],
        ),
        level: 1,
    },
    Token {
        kind: Some(
            Greater,
        ),
        len: 1,
        content: ">",
        position: (
            [14:11],
            [14:12],
        ),
        level: 1,
    },
    Token {
        kind: Some(
            Exclamation,
        ),
        len: 1,
        content: "!",
        position: (
            [15:8],
            [15:9],
        ),
        level: 2,
    },
    Token {
        kind: Some(
            Identifier(
                "searchInput",
            ),
        ),
        len: 11,
        content: "searchInput",
        position: (
            [15:9],
            [15:20],
        ),
        level: 2,
    },
    Token {
        kind: Some(
            Exclamation,
        ),
        len: 1,
        content: "!",
        position: (
            [17:4],
            [17:5],
        ),
        level: 1,
    },
    Token {
        kind: Some(
            Identifier(
                "if",
            ),
        ),
        len: 2,
        content: "if",
        position: (
            [17:5],
            [17:7],
        ),
        level: 1,
    },
    Token {
        kind: Some(
            Colon,
        ),
        len: 1,
        content: ":",
        position: (
            [17:7],
            [17:8],
        ),
        level: 1,
    },
    Token {
        kind: Some(
            Identifier(
                "user",
            ),
        ),
        len: 4,
        content: "user",
        position: (
            [17:8],
            [17:12],
        ),
        level: 1,
    },
    Token {
        kind: Some(
            Greater,
        ),
        len: 1,
        content: ">",
        position: (
            [18:8],
            [18:9],
        ),
        level: 2,
    },
    Token {
        kind: Some(
            Exclamation,
        ),
        len: 1,
        content: "!",
        position: (
            [19:12],
            [19:13],
        ),
        level: 3,
    },
    Token {
        kind: Some(
            Identifier(
                "options",
            ),
        ),
        len: 7,
        content: "options",
        position: (
            [19:13],
            [19:20],
        ),
        level: 3,
    },
    Token {
        kind: Some(
            Colon,
        ),
        len: 1,
        content: ":",
        position: (
            [19:20],
            [19:21],
        ),
        level: 3,
    },
    Token {
        kind: Some(
            At,
        ),
        len: 1,
        content: "@",
        position: (
            [19:21],
            [19:22],
        ),
        level: 3,
    },
    Token {
        kind: Some(
            Identifier(
                "resources",
            ),
        ),
        len: 9,
        content: "resources",
        position: (
            [19:22],
            [19:31],
        ),
        level: 3,
    },
    Token {
        kind: Some(
            Dot,
        ),
        len: 1,
        content: ".",
        position: (
            [19:31],
            [19:32],
        ),
        level: 3,
    },
    Token {
        kind: Some(
            Identifier(
                "userItems",
            ),
        ),
        len: 9,
        content: "userItems",
        position: (
            [19:32],
            [19:41],
        ),
        level: 3,
    },
    Token {
        kind: Some(
            Exclamation,
        ),
        len: 1,
        content: "!",
        position: (
            [20:12],
            [20:13],
        ),
        level: 3,
    },
    Token {
        kind: Some(
            Identifier(
                "select",
            ),
        ),
        len: 6,
        content: "select",
        position: (
            [20:13],
            [20:19],
        ),
        level: 3,
    },
    Token {
        kind: Some(
            Colon,
        ),
        len: 1,
        content: ":",
        position: (
            [20:19],
            [20:20],
        ),
        level: 3,
    },
    Token {
        kind: Some(
            Identifier(
                "single",
            ),
        ),
        len: 6,
        content: "single",
        position: (
            [20:20],
            [20:26],
        ),
        level: 3,
    },
    Token {
        kind: Some(
            Exclamation,
        ),
        len: 1,
        content: "!",
        position: (
            [21:8],
            [21:9],
        ),
        level: 2,
    },
    Token {
        kind: Some(
            Identifier(
                "else",
            ),
        ),
        len: 4,
        content: "else",
        position: (
            [21:9],
            [21:13],
        ),
        level: 2,
    },
    Token {
        kind: Some(
            At,
        ),
        len: 1,
        content: "@",
        position: (
            [22:12],
            [22:13],
        ),
        level: 3,
    },
    Token {
        kind: Some(
            Identifier(
                "resources",
            ),
        ),
        len: 9,
        content: "resources",
        position: (
            [22:13],
            [22:22],
        ),
        level: 3,
    },
    Token {
        kind: Some(
            Dot,
        ),
        len: 1,
        content: ".",
        position: (
            [22:22],
            [22:23],
        ),
        level: 3,
    },
    Token {
        kind: Some(
            Identifier(
                "userItems",
            ),
        ),
        len: 9,
        content: "userItems",
        position: (
            [22:23],
            [22:32],
        ),
        level: 3,
    },
    Token {
        kind: Some(
            Dot,
        ),
        len: 1,
        content: ".",
        position: (
            [22:32],
            [22:33],
        ),
        level: 3,
    },
    Token {
        kind: Some(
            Identifier(
                "addRecipe",
            ),
        ),
        len: 9,
        content: "addRecipe",
        position: (
            [22:33],
            [22:42],
        ),
        level: 3,
    },
    Token {
        kind: Some(
            Greater,
        ),
        len: 1,
        content: ">",
        position: (
            [23:16],
            [23:17],
        ),
        level: 4,
    },
    Token {
        kind: Some(
            Exclamation,
        ),
        len: 1,
        content: "!",
        position: (
            [24:20],
            [24:21],
        ),
        level: 5,
    },
    Token {
        kind: Some(
            Identifier(
                "select",
            ),
        ),
        len: 6,
        content: "select",
        position: (
            [24:21],
            [24:27],
        ),
        level: 5,
    },
    Token {
        kind: Some(
            Colon,
        ),
        len: 1,
        content: ":",
        position: (
            [24:27],
            [24:28],
        ),
        level: 5,
    },
    Token {
        kind: Some(
            Identifier(
                "single",
            ),
        ),
        len: 6,
        content: "single",
        position: (
            [24:28],
            [24:34],
        ),
        level: 5,
    },
    Token {
        kind: Some(
            Exclamation,
        ),
        len: 1,
        content: "!",
        position: (
            [26:0],
            [26:1],
        ),
        level: 0,
    },
    Token {
        kind: Some(
            Identifier(
                "switch",
            ),
        ),
        len: 6,
        content: "switch",
        position: (
            [26:1],
            [26:7],
        ),
        level: 0,
    },
    Token {
        kind: Some(
            Colon,
        ),
        len: 1,
        content: ":",
        position: (
            [26:7],
            [26:8],
        ),
        level: 0,
    },
    Token {
        kind: Some(
            Identifier(
                "navigation",
            ),
        ),
        len: 10,
        content: "navigation",
        position: (
            [26:8],
            [26:18],
        ),
        level: 0,
    },
    Token {
        kind: Some(
            Exclamation,
        ),
        len: 1,
        content: "!",
        position: (
            [27:4],
            [27:5],
        ),
        level: 1,
    },
    Token {
        kind: Some(
            Identifier(
                "default",
            ),
        ),
        len: 7,
        content: "default",
        position: (
            [27:5],
            [27:12],
        ),
        level: 1,
    },
    Token {
        kind: Some(
            Comment,
        ),
        len: 20,
        content: " show landing page",
        position: (
            [28:8],
            [28:28],
        ),
        level: 2,
    },
    Token {
        kind: Some(
            Exclamation,
        ),
        len: 1,
        content: "!",
        position: (
            [29:4],
            [29:5],
        ),
        level: 1,
    },
    Token {
        kind: Some(
            Identifier(
                "case",
            ),
        ),
        len: 4,
        content: "case",
        position: (
            [29:5],
            [29:9],
        ),
        level: 1,
    },
    Token {
        kind: Some(
            Colon,
        ),
        len: 1,
        content: ":",
        position: (
            [29:9],
            [29:10],
        ),
        level: 1,
    },
    Token {
        kind: Some(
            Identifier(
                "navigationItems",
            ),
        ),
        len: 15,
        content: "navigationItems",
        position: (
            [29:10],
            [29:25],
        ),
        level: 1,
    },
    Token {
        kind: Some(
            Dot,
        ),
        len: 1,
        content: ".",
        position: (
            [29:25],
            [29:26],
        ),
        level: 1,
    },
    Token {
        kind: Some(
            Identifier(
                "meals",
            ),
        ),
        len: 5,
        content: "meals",
        position: (
            [29:26],
            [29:31],
        ),
        level: 1,
    },
    Token {
        kind: Some(
            Identifier(
                "mealTypeFilter",
            ),
        ),
        len: 14,
        content: "mealTypeFilter",
        position: (
            [30:12],
            [30:26],
        ),
        level: 3,
    },
    Token {
        kind: Some(
            Greater,
        ),
        len: 1,
        content: ">",
        position: (
            [30:27],
            [30:28],
        ),
        level: 3,
    },
    Token {
        kind: Some(
            Exclamation,
        ),
        len: 1,
        content: "!",
        position: (
            [31:16],
            [31:17],
        ),
        level: 4,
    },
    Token {
        kind: Some(
            Identifier(
                "options",
            ),
        ),
        len: 7,
        content: "options",
        position: (
            [31:17],
            [31:24],
        ),
        level: 4,
    },
    Token {
        kind: Some(
            Colon,
        ),
        len: 1,
        content: ":",
        position: (
            [31:24],
            [31:25],
        ),
        level: 4,
    },
    Token {
        kind: Some(
            Identifier(
                "mealsTypes",
            ),
        ),
        len: 10,
        content: "mealsTypes",
        position: (
            [31:25],
            [31:35],
        ),
        level: 4,
    },
    Token {
        kind: Some(
            Exclamation,
        ),
        len: 1,
        content: "!",
        position: (
            [32:16],
            [32:17],
        ),
        level: 4,
    },
    Token {
        kind: Some(
            Identifier(
                "select",
            ),
        ),
        len: 6,
        content: "select",
        position: (
            [32:17],
            [32:23],
        ),
        level: 4,
    },
    Token {
        kind: Some(
            Colon,
        ),
        len: 1,
        content: ":",
        position: (
            [32:23],
            [32:24],
        ),
        level: 4,
    },
    Token {
        kind: Some(
            Identifier(
                "single",
            ),
        ),
        len: 6,
        content: "single",
        position: (
            [32:24],
            [32:30],
        ),
        level: 4,
    },
    Token {
        kind: Some(
            Exclamation,
        ),
        len: 1,
        content: "!",
        position: (
            [33:4],
            [33:5],
        ),
        level: 1,
    },
    Token {
        kind: Some(
            Identifier(
                "case",
            ),
        ),
        len: 4,
        content: "case",
        position: (
            [33:5],
            [33:9],
        ),
        level: 1,
    },
    Token {
        kind: Some(
            Colon,
        ),
        len: 1,
        content: ":",
        position: (
            [33:9],
            [33:10],
        ),
        level: 1,
    },
    Token {
        kind: Some(
            Identifier(
                "navigationItems",
            ),
        ),
        len: 15,
        content: "navigationItems",
        position: (
            [33:10],
            [33:25],
        ),
        level: 1,
    },
    Token {
        kind: Some(
            Dot,
        ),
        len: 1,
        content: ".",
        position: (
            [33:25],
            [33:26],
        ),
        level: 1,
    },
    Token {
        kind: Some(
            Identifier(
                "countries",
            ),
        ),
        len: 9,
        content: "countries",
        position: (
            [33:26],
            [33:35],
        ),
        level: 1,
    },
    Token {
        kind: Some(
            Identifier(
                "countryFilter",
            ),
        ),
        len: 13,
        content: "countryFilter",
        position: (
            [34:12],
            [34:25],
        ),
        level: 3,
    },
    Token {
        kind: Some(
            Greater,
        ),
        len: 1,
        content: ">",
        position: (
            [34:26],
            [34:27],
        ),
        level: 3,
    },
    Token {
        kind: Some(
            Exclamation,
        ),
        len: 1,
        content: "!",
        position: (
            [35:16],
            [35:17],
        ),
        level: 4,
    },
    Token {
        kind: Some(
            Identifier(
                "options",
            ),
        ),
        len: 7,
        content: "options",
        position: (
            [35:17],
            [35:24],
        ),
        level: 4,
    },
    Token {
        kind: Some(
            Colon,
        ),
        len: 1,
        content: ":",
        position: (
            [35:24],
            [35:25],
        ),
        level: 4,
    },
    Token {
        kind: Some(
            Identifier(
                "countries",
            ),
        ),
        len: 9,
        content: "countries",
        position: (
            [35:25],
            [35:34],
        ),
        level: 4,
    },
    Token {
        kind: Some(
            Exclamation,
        ),
        len: 1,
        content: "!",
        position: (
            [36:16],
            [36:17],
        ),
        level: 4,
    },
    Token {
        kind: Some(
            Identifier(
                "select",
            ),
        ),
        len: 6,
        content: "select",
        position: (
            [36:17],
            [36:23],
        ),
        level: 4,
    },
    Token {
        kind: Some(
            Colon,
        ),
        len: 1,
        content: ":",
        position: (
            [36:23],
            [36:24],
        ),
        level: 4,
    },
    Token {
        kind: Some(
            Identifier(
                "single",
            ),
        ),
        len: 6,
        content: "single",
        position: (
            [36:24],
            [36:30],
        ),
        level: 4,
    },
    Token {
        kind: Some(
            Exclamation,
        ),
        len: 1,
        content: "!",
        position: (
            [37:4],
            [37:5],
        ),
        level: 1,
    },
    Token {
        kind: Some(
            Identifier(
                "case",
            ),
        ),
        len: 4,
        content: "case",
        position: (
            [37:5],
            [37:9],
        ),
        level: 1,
    },
    Token {
        kind: Some(
            Colon,
        ),
        len: 1,
        content: ":",
        position: (
            [37:9],
            [37:10],
        ),
        level: 1,
    },
    Token {
        kind: Some(
            Identifier(
                "navigationItems",
            ),
        ),
        len: 15,
        content: "navigationItems",
        position: (
            [37:10],
            [37:25],
        ),
        level: 1,
    },
    Token {
        kind: Some(
            Dot,
        ),
        len: 1,
        content: ".",
        position: (
            [37:25],
            [37:26],
        ),
        level: 1,
    },
    Token {
        kind: Some(
            Identifier(
                "restrictions",
            ),
        ),
        len: 12,
        content: "restrictions",
        position: (
            [37:26],
            [37:38],
        ),
        level: 1,
    },
    Token {
        kind: Some(
            Identifier(
                "restrictionFilter",
            ),
        ),
        len: 17,
        content: "restrictionFilter",
        position: (
            [38:12],
            [38:29],
        ),
        level: 3,
    },
    Token {
        kind: Some(
            Greater,
        ),
        len: 1,
        content: ">",
        position: (
            [38:30],
            [38:31],
        ),
        level: 3,
    },
    Token {
        kind: Some(
            Exclamation,
        ),
        len: 1,
        content: "!",
        position: (
            [39:16],
            [39:17],
        ),
        level: 4,
    },
    Token {
        kind: Some(
            Identifier(
                "options",
            ),
        ),
        len: 7,
        content: "options",
        position: (
            [39:17],
            [39:24],
        ),
        level: 4,
    },
    Token {
        kind: Some(
            Colon,
        ),
        len: 1,
        content: ":",
        position: (
            [39:24],
            [39:25],
        ),
        level: 4,
    },
    Token {
        kind: Some(
            Identifier(
                "foodRestrictions",
            ),
        ),
        len: 16,
        content: "foodRestrictions",
        position: (
            [39:25],
            [39:41],
        ),
        level: 4,
    },
    Token {
        kind: Some(
            Exclamation,
        ),
        len: 1,
        content: "!",
        position: (
            [40:16],
            [40:17],
        ),
        level: 4,
    },
    Token {
        kind: Some(
            Identifier(
                "select",
            ),
        ),
        len: 6,
        content: "select",
        position: (
            [40:17],
            [40:23],
        ),
        level: 4,
    },
    Token {
        kind: Some(
            Colon,
        ),
        len: 1,
        content: ":",
        position: (
            [40:23],
            [40:24],
        ),
        level: 4,
    },
    Token {
        kind: Some(
            Identifier(
                "single",
            ),
        ),
        len: 6,
        content: "single",
        position: (
            [40:24],
            [40:30],
        ),
        level: 4,
    },
    Token {
        kind: Some(
            Exclamation,
        ),
        len: 1,
        content: "!",
        position: (
            [41:4],
            [41:5],
        ),
        level: 1,
    },
    Token {
        kind: Some(
            Identifier(
                "case",
            ),
        ),
        len: 4,
        content: "case",
        position: (
            [41:5],
            [41:9],
        ),
        level: 1,
    },
    Token {
        kind: Some(
            Colon,
        ),
        len: 1,
        content: ":",
        position: (
            [41:9],
            [41:10],
        ),
        level: 1,
    },
    Token {
        kind: Some(
            Identifier(
                "search",
            ),
        ),
        len: 6,
        content: "search",
        position: (
            [41:10],
            [41:16],
        ),
        level: 1,
    },
    Token {
        kind: Some(
            Pipe,
        ),
        len: 1,
        content: "|",
        position: (
            [41:16],
            [41:17],
        ),
        level: 1,
    },
    Token {
        kind: Some(
            Identifier(
                "mealTypeFilter",
            ),
        ),
        len: 14,
        content: "mealTypeFilter",
        position: (
            [41:17],
            [41:31],
        ),
        level: 1,
    },
    Token {
        kind: Some(
            Pipe,
        ),
        len: 1,
        content: "|",
        position: (
            [41:31],
            [41:32],
        ),
        level: 1,
    },
    Token {
        kind: Some(
            Identifier(
                "countryFilter",
            ),
        ),
        len: 13,
        content: "countryFilter",
        position: (
            [41:32],
            [41:45],
        ),
        level: 1,
    },
    Token {
        kind: Some(
            Pipe,
        ),
        len: 1,
        content: "|",
        position: (
            [41:45],
            [41:46],
        ),
        level: 1,
    },
    Token {
        kind: Some(
            Identifier(
                "restrictionFilter",
            ),
        ),
        len: 17,
        content: "restrictionFilter",
        position: (
            [41:46],
            [41:63],
        ),
        level: 1,
    },
    Token {
        kind: Some(
            Identifier(
                "selectedRecipe",
            ),
        ),
        len: 14,
        content: "selectedRecipe",
        position: (
            [42:8],
            [42:22],
        ),
        level: 2,
    },
    Token {
        kind: Some(
            Identifier(
                "search",
            ),
        ),
        len: 6,
        content: "search",
        position: (
            [43:12],
            [43:18],
        ),
        level: 3,
    },
    Token {
        kind: Some(
            Greater,
        ),
        len: 1,
        content: ">",
        position: (
            [43:19],
            [43:20],
        ),
        level: 3,
    },
    Token {
        kind: Some(
            Coma,
        ),
        len: 1,
        content: ",",
        position: (
            [43:20],
            [43:21],
        ),
        level: 3,
    },
    Token {
        kind: Some(
            Exclamation,
        ),
        len: 1,
        content: "!",
        position: (
            [44:16],
            [44:17],
        ),
        level: 4,
    },
    Token {
        kind: Some(
            Identifier(
                "searchInput",
            ),
        ),
        len: 11,
        content: "searchInput",
        position: (
            [44:17],
            [44:28],
        ),
        level: 4,
    },
    Token {
        kind: Some(
            Identifier(
                "mealTypeFilter",
            ),
        ),
        len: 14,
        content: "mealTypeFilter",
        position: (
            [45:12],
            [45:26],
        ),
        level: 3,
    },
    Token {
        kind: Some(
            Greater,
        ),
        len: 1,
        content: ">",
        position: (
            [45:27],
            [45:28],
        ),
        level: 3,
    },
    Token {
        kind: Some(
            Coma,
        ),
        len: 1,
        content: ",",
        position: (
            [45:28],
            [45:29],
        ),
        level: 3,
    },
    Token {
        kind: Some(
            Exclamation,
        ),
        len: 1,
        content: "!",
        position: (
            [46:16],
            [46:17],
        ),
        level: 4,
    },
    Token {
        kind: Some(
            Identifier(
                "options",
            ),
        ),
        len: 7,
        content: "options",
        position: (
            [46:17],
            [46:24],
        ),
        level: 4,
    },
    Token {
        kind: Some(
            Colon,
        ),
        len: 1,
        content: ":",
        position: (
            [46:24],
            [46:25],
        ),
        level: 4,
    },
    Token {
        kind: Some(
            Identifier(
                "mealsTypes",
            ),
        ),
        len: 10,
        content: "mealsTypes",
        position: (
            [46:25],
            [46:35],
        ),
        level: 4,
    },
    Token {
        kind: Some(
            Exclamation,
        ),
        len: 1,
        content: "!",
        position: (
            [47:16],
            [47:17],
        ),
        level: 4,
    },
    Token {
        kind: Some(
            Identifier(
                "select",
            ),
        ),
        len: 6,
        content: "select",
        position: (
            [47:17],
            [47:23],
        ),
        level: 4,
    },
    Token {
        kind: Some(
            Colon,
        ),
        len: 1,
        content: ":",
        position: (
            [47:23],
            [47:24],
        ),
        level: 4,
    },
    Token {
        kind: Some(
            Identifier(
                "multiple",
            ),
        ),
        len: 8,
        content: "multiple",
        position: (
            [47:24],
            [47:32],
        ),
        level: 4,
    },
    Token {
        kind: Some(
            Identifier(
                "countryFilter",
            ),
        ),
        len: 13,
        content: "countryFilter",
        position: (
            [48:12],
            [48:25],
        ),
        level: 3,
    },
    Token {
        kind: Some(
            Greater,
        ),
        len: 1,
        content: ">",
        position: (
            [48:26],
            [48:27],
        ),
        level: 3,
    },
    Token {
        kind: Some(
            Coma,
        ),
        len: 1,
        content: ",",
        position: (
            [48:27],
            [48:28],
        ),
        level: 3,
    },
    Token {
        kind: Some(
            Exclamation,
        ),
        len: 1,
        content: "!",
        position: (
            [49:16],
            [49:17],
        ),
        level: 4,
    },
    Token {
        kind: Some(
            Identifier(
                "options",
            ),
        ),
        len: 7,
        content: "options",
        position: (
            [49:17],
            [49:24],
        ),
        level: 4,
    },
    Token {
        kind: Some(
            Colon,
        ),
        len: 1,
        content: ":",
        position: (
            [49:24],
            [49:25],
        ),
        level: 4,
    },
    Token {
        kind: Some(
            Identifier(
                "countries",
            ),
        ),
        len: 9,
        content: "countries",
        position: (
            [49:25],
            [49:34],
        ),
        level: 4,
    },
    Token {
        kind: Some(
            Exclamation,
        ),
        len: 1,
        content: "!",
        position: (
            [50:16],
            [50:17],
        ),
        level: 4,
    },
    Token {
        kind: Some(
            Identifier(
                "select",
            ),
        ),
        len: 6,
        content: "select",
        position: (
            [50:17],
            [50:23],
        ),
        level: 4,
    },
    Token {
        kind: Some(
            Colon,
        ),
        len: 1,
        content: ":",
        position: (
            [50:23],
            [50:24],
        ),
        level: 4,
    },
    Token {
        kind: Some(
            Identifier(
                "multiple",
            ),
        ),
        len: 8,
        content: "multiple",
        position: (
            [50:24],
            [50:32],
        ),
        level: 4,
    },
    Token {
        kind: Some(
            Identifier(
                "restrictionFilter",
            ),
        ),
        len: 17,
        content: "restrictionFilter",
        position: (
            [51:12],
            [51:29],
        ),
        level: 3,
    },
    Token {
        kind: Some(
            Greater,
        ),
        len: 1,
        content: ">",
        position: (
            [51:30],
            [51:31],
        ),
        level: 3,
    },
    Token {
        kind: Some(
            Coma,
        ),
        len: 1,
        content: ",",
        position: (
            [51:31],
            [51:32],
        ),
        level: 3,
    },
    Token {
        kind: Some(
            Exclamation,
        ),
        len: 1,
        content: "!",
        position: (
            [52:16],
            [52:17],
        ),
        level: 4,
    },
    Token {
        kind: Some(
            Identifier(
                "options",
            ),
        ),
        len: 7,
        content: "options",
        position: (
            [52:17],
            [52:24],
        ),
        level: 4,
    },
    Token {
        kind: Some(
            Colon,
        ),
        len: 1,
        content: ":",
        position: (
            [52:24],
            [52:25],
        ),
        level: 4,
    },
    Token {
        kind: Some(
            Identifier(
                "foodRestrictions",
            ),
        ),
        len: 16,
        content: "foodRestrictions",
        position: (
            [52:25],
            [52:41],
        ),
        level: 4,
    },
    Token {
        kind: Some(
            Exclamation,
        ),
        len: 1,
        content: "!",
        position: (
            [53:16],
            [53:17],
        ),
        level: 4,
    },
    Token {
        kind: Some(
            Identifier(
                "select",
            ),
        ),
        len: 6,
        content: "select",
        position: (
            [53:17],
            [53:23],
        ),
        level: 4,
    },
    Token {
        kind: Some(
            Colon,
        ),
        len: 1,
        content: ":",
        position: (
            [53:23],
            [53:24],
        ),
        level: 4,
    },
    Token {
        kind: Some(
            Identifier(
                "multiple",
            ),
        ),
        len: 8,
        content: "multiple",
        position: (
            [53:24],
            [53:32],
        ),
        level: 4,
    },
    Token {
        kind: Some(
            Greater,
        ),
        len: 1,
        content: ">",
        position: (
            [54:12],
            [54:13],
        ),
        level: 3,
    },
    Token {
        kind: Some(
            Colon,
        ),
        len: 1,
        content: ":",
        position: (
            [54:14],
            [54:15],
        ),
        level: 3,
    },
    Token {
        kind: Some(
            Identifier(
                "item",
            ),
        ),
        len: 4,
        content: "item",
        position: (
            [54:15],
            [54:19],
        ),
        level: 3,
    },
    Token {
        kind: Some(
            Equals,
        ),
        len: 1,
        content: "=",
        position: (
            [54:20],
            [54:21],
        ),
        level: 3,
    },
    Token {
        kind: Some(
            ContentBlock,
        ),
        len: 238,
        content: "\n                ### {{recipe.name}}\n\n                ![{{recipe.name}}]({{recipe.pictures.1}})\n\n                - {{recipe.kindOfMeal}}\n                - {{recipe.countryOfOrigin}}\n                - {{recipe.restrictions}}\n            ",
        position: (
            [54:22],
            [62:13],
        ),
        level: 3,
    },
    Token {
        kind: Some(
            Exclamation,
        ),
        len: 1,
        content: "!",
        position: (
            [63:16],
            [63:17],
        ),
        level: 4,
    },
    Token {
        kind: Some(
            Identifier(
                "options",
            ),
        ),
        len: 7,
        content: "options",
        position: (
            [63:17],
            [63:24],
        ),
        level: 4,
    },
    Token {
        kind: Some(
            Colon,
        ),
        len: 1,
        content: ":",
        position: (
            [63:24],
            [63:25],
        ),
        level: 4,
    },
    Token {
        kind: Some(
            OpenCurlyBrace,
        ),
        len: 1,
        content: "{",
        position: (
            [64:20],
            [64:21],
        ),
        level: 5,
    },
    Token {
        kind: Some(
            Int(
                1,
            ),
        ),
        len: 1,
        content: "1",
        position: (
            [64:21],
            [64:22],
        ),
        level: 5,
    },
    Token {
        kind: Some(
            Colon,
        ),
        len: 1,
        content: ":",
        position: (
            [64:22],
            [64:23],
        ),
        level: 5,
    },
    Token {
        kind: Some(
            OpenCurlyBrace,
        ),
        len: 1,
        content: "{",
        position: (
            [64:23],
            [64:24],
        ),
        level: 5,
    },
    Token {
        kind: Some(
            Exclamation,
        ),
        len: 1,
        content: "!",
        position: (
            [65:24],
            [65:25],
        ),
        level: 6,
    },
    Token {
        kind: Some(
            Identifier(
                "if",
            ),
        ),
        len: 2,
        content: "if",
        position: (
            [65:25],
            [65:27],
        ),
        level: 6,
    },
    Token {
        kind: Some(
            Colon,
        ),
        len: 1,
        content: ":",
        position: (
            [65:27],
            [65:28],
        ),
        level: 6,
    },
    Token {
        kind: Some(
            Identifier(
                "search",
            ),
        ),
        len: 6,
        content: "search",
        position: (
            [65:29],
            [65:35],
        ),
        level: 6,
    },
    Token {
        kind: Some(
            Exclamation,
        ),
        len: 1,
        content: "!",
        position: (
            [66:28],
            [66:29],
        ),
        level: 7,
    },
    Token {
        kind: Some(
            Identifier(
                "includes",
            ),
        ),
        len: 8,
        content: "includes",
        position: (
            [66:29],
            [66:37],
        ),
        level: 7,
    },
    Token {
        kind: Some(
            Colon,
        ),
        len: 1,
        content: ":",
        position: (
            [66:37],
            [66:38],
        ),
        level: 7,
    },
    Token {
        kind: Some(
            Identifier(
                "recipe",
            ),
        ),
        len: 6,
        content: "recipe",
        position: (
            [66:39],
            [66:45],
        ),
        level: 7,
    },
    Token {
        kind: Some(
            Dot,
        ),
        len: 1,
        content: ".",
        position: (
            [66:45],
            [66:46],
        ),
        level: 7,
    },
    Token {
        kind: Some(
            Identifier(
                "name",
            ),
        ),
        len: 4,
        content: "name",
        position: (
            [66:46],
            [66:50],
        ),
        level: 7,
    },
    Token {
        kind: Some(
            Colon,
        ),
        len: 1,
        content: ":",
        position: (
            [66:51],
            [66:52],
        ),
        level: 7,
    },
    Token {
        kind: Some(
            Identifier(
                "search",
            ),
        ),
        len: 6,
        content: "search",
        position: (
            [66:53],
            [66:59],
        ),
        level: 7,
    },
    Token {
        kind: Some(
            Exclamation,
        ),
        len: 1,
        content: "!",
        position: (
            [67:24],
            [67:25],
        ),
        level: 6,
    },
    Token {
        kind: Some(
            Identifier(
                "if",
            ),
        ),
        len: 2,
        content: "if",
        position: (
            [67:25],
            [67:27],
        ),
        level: 6,
    },
    Token {
        kind: Some(
            Colon,
        ),
        len: 1,
        content: ":",
        position: (
            [67:27],
            [67:28],
        ),
        level: 6,
    },
    Token {
        kind: Some(
            Identifier(
                "mealTypeFilter",
            ),
        ),
        len: 14,
        content: "mealTypeFilter",
        position: (
            [67:29],
            [67:43],
        ),
        level: 6,
    },
    Token {
        kind: Some(
            Exclamation,
        ),
        len: 1,
        content: "!",
        position: (
            [68:28],
            [68:29],
        ),
        level: 7,
    },
    Token {
        kind: Some(
            Identifier(
                "includes",
            ),
        ),
        len: 8,
        content: "includes",
        position: (
            [68:29],
            [68:37],
        ),
        level: 7,
    },
    Token {
        kind: Some(
            Colon,
        ),
        len: 1,
        content: ":",
        position: (
            [68:37],
            [68:38],
        ),
        level: 7,
    },
    Token {
        kind: Some(
            Identifier(
                "mealTypeFilter",
            ),
        ),
        len: 14,
        content: "mealTypeFilter",
        position: (
            [68:39],
            [68:53],
        ),
        level: 7,
    },
    Token {
        kind: Some(
            Colon,
        ),
        len: 1,
        content: ":",
        position: (
            [68:54],
            [68:55],
        ),
        level: 7,
    },
    Token {
        kind: Some(
            Identifier(
                "recipe",
            ),
        ),
        len: 6,
        content: "recipe",
        position: (
            [68:56],
            [68:62],
        ),
        level: 7,
    },
    Token {
        kind: Some(
            Dot,
        ),
        len: 1,
        content: ".",
        position: (
            [68:62],
            [68:63],
        ),
        level: 7,
    },
    Token {
        kind: Some(
            Identifier(
                "kindOfMeal",
            ),
        ),
        len: 10,
        content: "kindOfMeal",
        position: (
            [68:63],
            [68:73],
        ),
        level: 7,
    },
    Token {
        kind: Some(
            Exclamation,
        ),
        len: 1,
        content: "!",
        position: (
            [69:24],
            [69:25],
        ),
        level: 6,
    },
    Token {
        kind: Some(
            Identifier(
                "if",
            ),
        ),
        len: 2,
        content: "if",
        position: (
            [69:25],
            [69:27],
        ),
        level: 6,
    },
    Token {
        kind: Some(
            Colon,
        ),
        len: 1,
        content: ":",
        position: (
            [69:27],
            [69:28],
        ),
        level: 6,
    },
    Token {
        kind: Some(
            Identifier(
                "countryFilter",
            ),
        ),
        len: 13,
        content: "countryFilter",
        position: (
            [69:29],
            [69:42],
        ),
        level: 6,
    },
    Token {
        kind: Some(
            Exclamation,
        ),
        len: 1,
        content: "!",
        position: (
            [70:28],
            [70:29],
        ),
        level: 7,
    },
    Token {
        kind: Some(
            Identifier(
                "includes",
            ),
        ),
        len: 8,
        content: "includes",
        position: (
            [70:29],
            [70:37],
        ),
        level: 7,
    },
    Token {
        kind: Some(
            Colon,
        ),
        len: 1,
        content: ":",
        position: (
            [70:37],
            [70:38],
        ),
        level: 7,
    },
    Token {
        kind: Some(
            Identifier(
                "countryFilter",
            ),
        ),
        len: 13,
        content: "countryFilter",
        position: (
            [70:39],
            [70:52],
        ),
        level: 7,
    },
    Token {
        kind: Some(
            Colon,
        ),
        len: 1,
        content: ":",
        position: (
            [70:53],
            [70:54],
        ),
        level: 7,
    },
    Token {
        kind: Some(
            Identifier(
                "recipe",
            ),
        ),
        len: 6,
        content: "recipe",
        position: (
            [70:55],
            [70:61],
        ),
        level: 7,
    },
    Token {
        kind: Some(
            Dot,
        ),
        len: 1,
        content: ".",
        position: (
            [70:61],
            [70:62],
        ),
        level: 7,
    },
    Token {
        kind: Some(
            Identifier(
                "countryOfOrigin",
            ),
        ),
        len: 15,
        content: "countryOfOrigin",
        position: (
            [70:62],
            [70:77],
        ),
        level: 7,
    },
    Token {
        kind: Some(
            Exclamation,
        ),
        len: 1,
        content: "!",
        position: (
            [71:24],
            [71:25],
        ),
        level: 6,
    },
    Token {
        kind: Some(
            Identifier(
                "if",
            ),
        ),
        len: 2,
        content: "if",
        position: (
            [71:25],
            [71:27],
        ),
        level: 6,
    },
    Token {
        kind: Some(
            Colon,
        ),
        len: 1,
        content: ":",
        position: (
            [71:27],
            [71:28],
        ),
        level: 6,
    },
    Token {
        kind: Some(
            Identifier(
                "restrictionFilter",
            ),
        ),
        len: 17,
        content: "restrictionFilter",
        position: (
            [71:29],
            [71:46],
        ),
        level: 6,
    },
    Token {
        kind: Some(
            Exclamation,
        ),
        len: 1,
        content: "!",
        position: (
            [72:28],
            [72:29],
        ),
        level: 7,
    },
    Token {
        kind: Some(
            Identifier(
                "includes",
            ),
        ),
        len: 8,
        content: "includes",
        position: (
            [72:29],
            [72:37],
        ),
        level: 7,
    },
    Token {
        kind: Some(
            Colon,
        ),
        len: 1,
        content: ":",
        position: (
            [72:37],
            [72:38],
        ),
        level: 7,
    },
    Token {
        kind: Some(
            Identifier(
                "recipe",
            ),
        ),
        len: 6,
        content: "recipe",
        position: (
            [72:39],
            [72:45],
        ),
        level: 7,
    },
    Token {
        kind: Some(
            Dot,
        ),
        len: 1,
        content: ".",
        position: (
            [72:45],
            [72:46],
        ),
        level: 7,
    },
    Token {
        kind: Some(
            Identifier(
                "restrictions",
            ),
        ),
        len: 12,
        content: "restrictions",
        position: (
            [72:46],
            [72:58],
        ),
        level: 7,
    },
    Token {
        kind: Some(
            Colon,
        ),
        len: 1,
        content: ":",
        position: (
            [72:59],
            [72:60],
        ),
        level: 7,
    },
    Token {
        kind: Some(
            Identifier(
                "restrictionFilter",
            ),
        ),
        len: 17,
        content: "restrictionFilter",
        position: (
            [72:61],
            [72:78],
        ),
        level: 7,
    },
    Token {
        kind: Some(
            CloseCurlyBrace,
        ),
        len: 1,
        content: "}",
        position: (
            [73:20],
            [73:21],
        ),
        level: 5,
    },
    Token {
        kind: Some(
            CloseCurlyBrace,
        ),
        len: 1,
        content: "}",
        position: (
            [73:21],
            [73:22],
        ),
        level: 5,
    },
    Token {
        kind: Some(
            Identifier(
                "recipe",
            ),
        ),
        len: 6,
        content: "recipe",
        position: (
            [73:23],
            [73:29],
        ),
        level: 5,
    },
    Token {
        kind: Some(
            Exclamation,
        ),
        len: 1,
        content: "!",
        position: (
            [74:16],
            [74:17],
        ),
        level: 4,
    },
    Token {
        kind: Some(
            Identifier(
                "select",
            ),
        ),
        len: 6,
        content: "select",
        position: (
            [74:17],
            [74:23],
        ),
        level: 4,
    },
    Token {
        kind: Some(
            Colon,
        ),
        len: 1,
        content: ":",
        position: (
            [74:23],
            [74:24],
        ),
        level: 4,
    },
    Token {
        kind: Some(
            Identifier(
                "single",
            ),
        ),
        len: 6,
        content: "single",
        position: (
            [74:24],
            [74:30],
        ),
        level: 4,
    },
    Token {
        kind: Some(
            Exclamation,
        ),
        len: 1,
        content: "!",
        position: (
            [75:4],
            [75:5],
        ),
        level: 1,
    },
    Token {
        kind: Some(
            Identifier(
                "case",
            ),
        ),
        len: 4,
        content: "case",
        position: (
            [75:5],
            [75:9],
        ),
        level: 1,
    },
    Token {
        kind: Some(
            Colon,
        ),
        len: 1,
        content: ":",
        position: (
            [75:9],
            [75:10],
        ),
        level: 1,
    },
    Token {
        kind: Some(
            Identifier(
                "userItems",
            ),
        ),
        len: 9,
        content: "userItems",
        position: (
            [75:10],
            [75:19],
        ),
        level: 1,
    },
    Token {
        kind: Some(
            Dot,
        ),
        len: 1,
        content: ".",
        position: (
            [75:19],
            [75:20],
        ),
        level: 1,
    },
    Token {
        kind: Some(
            Identifier(
                "addRecipe",
            ),
        ),
        len: 9,
        content: "addRecipe",
        position: (
            [75:20],
            [75:29],
        ),
        level: 1,
    },
    Token {
        kind: Some(
            At,
        ),
        len: 1,
        content: "@",
        position: (
            [76:8],
            [76:9],
        ),
        level: 2,
    },
    Token {
        kind: Some(
            Identifier(
                "recipe",
            ),
        ),
        len: 6,
        content: "recipe",
        position: (
            [76:9],
            [76:15],
        ),
        level: 2,
    },
    Token {
        kind: Some(
            Exclamation,
        ),
        len: 1,
        content: "!",
        position: (
            [77:4],
            [77:5],
        ),
        level: 1,
    },
    Token {
        kind: Some(
            Identifier(
                "case",
            ),
        ),
        len: 4,
        content: "case",
        position: (
            [77:5],
            [77:9],
        ),
        level: 1,
    },
    Token {
        kind: Some(
            Colon,
        ),
        len: 1,
        content: ":",
        position: (
            [77:9],
            [77:10],
        ),
        level: 1,
    },
    Token {
        kind: Some(
            Identifier(
                "userItems",
            ),
        ),
        len: 9,
        content: "userItems",
        position: (
            [77:10],
            [77:19],
        ),
        level: 1,
    },
    Token {
        kind: Some(
            Dot,
        ),
        len: 1,
        content: ".",
        position: (
            [77:19],
            [77:20],
        ),
        level: 1,
    },
    Token {
        kind: Some(
            Identifier(
                "myAccount",
            ),
        ),
        len: 9,
        content: "myAccount",
        position: (
            [77:20],
            [77:29],
        ),
        level: 1,
    },
    Token {
        kind: Some(
            At,
        ),
        len: 1,
        content: "@",
        position: (
            [78:8],
            [78:9],
        ),
        level: 2,
    },
    Token {
        kind: Some(
            Identifier(
                "basic",
            ),
        ),
        len: 5,
        content: "basic",
        position: (
            [78:9],
            [78:14],
        ),
        level: 2,
    },
    Token {
        kind: Some(
            Dot,
        ),
        len: 1,
        content: ".",
        position: (
            [78:14],
            [78:15],
        ),
        level: 2,
    },
    Token {
        kind: Some(
            Identifier(
                "user",
            ),
        ),
        len: 4,
        content: "user",
        position: (
            [78:15],
            [78:19],
        ),
        level: 2,
    },
    Token {
        kind: Some(
            Minus,
        ),
        len: 1,
        content: "-",
        position: (
            [78:19],
            [78:20],
        ),
        level: 2,
    },
    Token {
        kind: Some(
            Identifier(
                "account",
            ),
        ),
        len: 7,
        content: "account",
        position: (
            [78:20],
            [78:27],
        ),
        level: 2,
    },
    Token {
        kind: Some(
            Exclamation,
        ),
        len: 1,
        content: "!",
        position: (
            [79:4],
            [79:5],
        ),
        level: 1,
    },
    Token {
        kind: Some(
            Identifier(
                "case",
            ),
        ),
        len: 4,
        content: "case",
        position: (
            [79:5],
            [79:9],
        ),
        level: 1,
    },
    Token {
        kind: Some(
            Colon,
        ),
        len: 1,
        content: ":",
        position: (
            [79:9],
            [79:10],
        ),
        level: 1,
    },
    Token {
        kind: Some(
            Identifier(
                "selectedRecipe",
            ),
        ),
        len: 14,
        content: "selectedRecipe",
        position: (
            [79:10],
            [79:24],
        ),
        level: 1,
    },
    Token {
        kind: Some(
            ContentBlock,
        ),
        len: 50,
        content: "\n            ## {{selectedRecipe.name}}\n        ",
        position: (
            [80:8],
            [82:9],
        ),
        level: 2,
    },
    Token {
        kind: Some(
            Coma,
        ),
        len: 1,
        content: ",",
        position: (
            [82:9],
            [82:10],
        ),
        level: 2,
    },
    Token {
        kind: Some(
            ContentBlock,
        ),
        len: 71,
        content: "\n            ![{{selectedRecipe.name}}]({{selectedPicture}})\n        ",
        position: (
            [83:8],
            [85:9],
        ),
        level: 2,
    },
    Token {
        kind: Some(
            Coma,
        ),
        len: 1,
        content: ",",
        position: (
            [85:9],
            [85:10],
        ),
        level: 2,
    },
    Token {
        kind: Some(
            Identifier(
                "selectedPicture",
            ),
        ),
        len: 15,
        content: "selectedPicture",
        position: (
            [86:8],
            [86:23],
        ),
        level: 2,
    },
    Token {
        kind: Some(
            Greater,
        ),
        len: 1,
        content: ">",
        position: (
            [86:24],
            [86:25],
        ),
        level: 2,
    },
    Token {
        kind: Some(
            Coma,
        ),
        len: 1,
        content: ",",
        position: (
            [86:25],
            [86:26],
        ),
        level: 2,
    },
    Token {
        kind: Some(
            Exclamation,
        ),
        len: 1,
        content: "!",
        position: (
            [87:12],
            [87:13],
        ),
        level: 3,
    },
    Token {
        kind: Some(
            Identifier(
                "select",
            ),
        ),
        len: 6,
        content: "select",
        position: (
            [87:13],
            [87:19],
        ),
        level: 3,
    },
    Token {
        kind: Some(
            Colon,
        ),
        len: 1,
        content: ":",
        position: (
            [87:19],
            [87:20],
        ),
        level: 3,
    },
    Token {
        kind: Some(
            Identifier(
                "single",
            ),
        ),
        len: 6,
        content: "single",
        position: (
            [87:20],
            [87:26],
        ),
        level: 3,
    },
    Token {
        kind: Some(
            Exclamation,
        ),
        len: 1,
        content: "!",
        position: (
            [88:12],
            [88:13],
        ),
        level: 3,
    },
    Token {
        kind: Some(
            Identifier(
                "options",
            ),
        ),
        len: 7,
        content: "options",
        position: (
            [88:13],
            [88:20],
        ),
        level: 3,
    },
    Token {
        kind: Some(
            Colon,
        ),
        len: 1,
        content: ":",
        position: (
            [88:20],
            [88:21],
        ),
        level: 3,
    },
    Token {
        kind: Some(
            Identifier(
                "selectedRecipe",
            ),
        ),
        len: 14,
        content: "selectedRecipe",
        position: (
            [88:21],
            [88:35],
        ),
        level: 3,
    },
    Token {
        kind: Some(
            Dot,
        ),
        len: 1,
        content: ".",
        position: (
            [88:35],
            [88:36],
        ),
        level: 3,
    },
    Token {
        kind: Some(
            Identifier(
                "pictures",
            ),
        ),
        len: 8,
        content: "pictures",
        position: (
            [88:36],
            [88:44],
        ),
        level: 3,
    },
    Token {
        kind: Some(
            ContentBlock,
        ),
        len: 269,
        content: "\n            ### {{selectedRecipe.kindOfMeal}} | {{selectedRecipe.countryOfOrigin}}\n\n            {{\n                restriction ..selectedRecipe.restrictions\n                    `\n                        - {{restriction}}\n                    `\n            }}\n        ",
        position: (
            [89:8],
            [98:9],
        ),
        level: 2,
    },
    Token {
        kind: Some(
            Coma,
        ),
        len: 1,
        content: ",",
        position: (
            [98:9],
            [98:10],
        ),
        level: 2,
    },
    Token {
        kind: Some(
            OpenParentheses,
        ),
        len: 1,
        content: "(",
        position: (
            [99:8],
            [99:9],
        ),
        level: 2,
    },
    Token {
        kind: Some(
            Identifier(
                "step",
            ),
        ),
        len: 4,
        content: "step",
        position: (
            [99:9],
            [99:13],
        ),
        level: 2,
    },
    Token {
        kind: Some(
            Coma,
        ),
        len: 1,
        content: ",",
        position: (
            [99:13],
            [99:14],
        ),
        level: 2,
    },
    Token {
        kind: Some(
            Identifier(
                "index",
            ),
        ),
        len: 5,
        content: "index",
        position: (
            [99:15],
            [99:20],
        ),
        level: 2,
    },
    Token {
        kind: Some(
            CloseParentheses,
        ),
        len: 1,
        content: ")",
        position: (
            [99:20],
            [99:21],
        ),
        level: 2,
    },
    Token {
        kind: Some(
            Dot,
        ),
        len: 1,
        content: ".",
        position: (
            [99:22],
            [99:23],
        ),
        level: 2,
    },
    Token {
        kind: Some(
            Dot,
        ),
        len: 1,
        content: ".",
        position: (
            [99:23],
            [99:24],
        ),
        level: 2,
    },
    Token {
        kind: Some(
            Identifier(
                "selectedRecipe",
            ),
        ),
        len: 14,
        content: "selectedRecipe",
        position: (
            [99:24],
            [99:38],
        ),
        level: 2,
    },
    Token {
        kind: Some(
            Dot,
        ),
        len: 1,
        content: ".",
        position: (
            [99:38],
            [99:39],
        ),
        level: 2,
    },
    Token {
        kind: Some(
            Identifier(
                "preparationSteps",
            ),
        ),
        len: 16,
        content: "preparationSteps",
        position: (
            [99:39],
            [99:55],
        ),
        level: 2,
    },
    Token {
        kind: Some(
            Coma,
        ),
        len: 1,
        content: ",",
        position: (
            [99:55],
            [99:56],
        ),
        level: 2,
    },
    Token {
        kind: Some(
            ContentBlock,
        ),
        len: 147,
        content: "\n                #### {{index + 1}}\n\n                ![{{step.description}}]({{step.picture}})\n\n                {{step.description}}\n            ",
        position: (
            [100:12],
            [106:13],
        ),
        level: 3,
    },
    Token {
        kind: Some(
            Exclamation,
        ),
        len: 1,
        content: "!",
        position: (
            [107:8],
            [107:9],
        ),
        level: 2,
    },
    Token {
        kind: Some(
            Identifier(
                "if",
            ),
        ),
        len: 2,
        content: "if",
        position: (
            [107:9],
            [107:11],
        ),
        level: 2,
    },
    Token {
        kind: Some(
            Colon,
        ),
        len: 1,
        content: ":",
        position: (
            [107:11],
            [107:12],
        ),
        level: 2,
    },
    Token {
        kind: Some(
            Identifier(
                "user",
            ),
        ),
        len: 4,
        content: "user",
        position: (
            [107:13],
            [107:17],
        ),
        level: 2,
    },
    Token {
        kind: Some(
            OpenCurlyBrace,
        ),
        len: 1,
        content: "{",
        position: (
            [108:12],
            [108:13],
        ),
        level: 3,
    },
    Token {
        kind: Some(
            Identifier(
                "N",
            ),
        ),
        len: 1,
        content: "N",
        position: (
            [108:13],
            [108:14],
        ),
        level: 3,
    },
    Token {
        kind: Some(
            Colon,
        ),
        len: 1,
        content: ":",
        position: (
            [108:14],
            [108:15],
        ),
        level: 3,
    },
    Token {
        kind: Some(
            Int(
                1,
            ),
        ),
        len: 1,
        content: "1",
        position: (
            [108:15],
            [108:16],
        ),
        level: 3,
    },
    Token {
        kind: Some(
            CloseCurlyBrace,
        ),
        len: 1,
        content: "}",
        position: (
            [108:16],
            [108:17],
        ),
        level: 3,
    },
    Token {
        kind: Some(
            Identifier(
                "recipe",
            ),
        ),
        len: 6,
        content: "recipe",
        position: (
            [109:12],
            [109:18],
        ),
        level: 3,
    },
    Token {
        kind: Some(
            Identifier(
                "rating",
            ),
        ),
        len: 6,
        content: "rating",
        position: (
            [110:16],
            [110:22],
        ),
        level: 4,
    },
    Token {
        kind: Some(
            Greater,
        ),
        len: 1,
        content: ">",
        position: (
            [110:23],
            [110:24],
        ),
        level: 4,
    },
    Token {
        kind: Some(
            Exclamation,
        ),
        len: 1,
        content: "!",
        position: (
            [111:20],
            [111:21],
        ),
        level: 5,
    },
    Token {
        kind: Some(
            Identifier(
                "select",
            ),
        ),
        len: 6,
        content: "select",
        position: (
            [111:21],
            [111:27],
        ),
        level: 5,
    },
    Token {
        kind: Some(
            Colon,
        ),
        len: 1,
        content: ":",
        position: (
            [111:27],
            [111:28],
        ),
        level: 5,
    },
    Token {
        kind: Some(
            Identifier(
                "single",
            ),
        ),
        len: 6,
        content: "single",
        position: (
            [111:28],
            [111:34],
        ),
        level: 5,
    },
    Token {
        kind: Some(
            Exclamation,
        ),
        len: 1,
        content: "!",
        position: (
            [112:20],
            [112:21],
        ),
        level: 5,
    },
    Token {
        kind: Some(
            Identifier(
                "options",
            ),
        ),
        len: 7,
        content: "options",
        position: (
            [112:21],
            [112:28],
        ),
        level: 5,
    },
    Token {
        kind: Some(
            Colon,
        ),
        len: 1,
        content: ":",
        position: (
            [112:28],
            [112:29],
        ),
        level: 5,
    },
    Token {
        kind: Some(
            Int(
                1,
            ),
        ),
        len: 1,
        content: "1",
        position: (
            [112:29],
            [112:30],
        ),
        level: 5,
    },
    Token {
        kind: Some(
            Dot,
        ),
        len: 1,
        content: ".",
        position: (
            [112:31],
            [112:32],
        ),
        level: 5,
    },
    Token {
        kind: Some(
            Dot,
        ),
        len: 1,
        content: ".",
        position: (
            [112:32],
            [112:33],
        ),
        level: 5,
    },
    Token {
        kind: Some(
            Int(
                6,
            ),
        ),
        len: 1,
        content: "6",
        position: (
            [112:34],
            [112:35],
        ),
        level: 5,
    },
    Token {
        kind: Some(
            Identifier(
                "votesCount",
            ),
        ),
        len: 10,
        content: "votesCount",
        position: (
            [113:16],
            [113:26],
        ),
        level: 4,
    },
    Token {
        kind: Some(
            Plus,
        ),
        len: 1,
        content: "+",
        position: (
            [114:20],
            [114:21],
        ),
        level: 5,
    },
    Token {
        kind: Some(
            Equals,
        ),
        len: 1,
        content: "=",
        position: (
            [114:21],
            [114:22],
        ),
        level: 5,
    },
    Token {
        kind: Some(
            Int(
                1,
            ),
        ),
        len: 1,
        content: "1",
        position: (
            [114:23],
            [114:24],
        ),
        level: 5,
    },
]
