---
source: src/lib/ra_lexer/src/tests.rs
expression: tokens
---
[
  {
    "kind": "Comment",
    "len": 30,
    "content": " this is single line comment",
    "position": [
      [
        1,
        0
      ],
      [
        1,
        30
      ]
    ],
    "level": 0
  },
  {
    "kind": "Comment",
    "len": 41,
    "content": "\n* this\n* is\n* multi-line\n* comment \n",
    "position": [
      [
        3,
        0
      ],
      [
        8,
        2
      ]
    ],
    "level": 0
  },
  {
    "kind": {
      "Identifier": "this_is_a_block_name"
    },
    "len": 20,
    "content": "this_is_a_block_name",
    "position": [
      [
        10,
        0
      ],
      [
        10,
        20
      ]
    ],
    "level": 0
  },
  {
    "kind": "Comment",
    "len": 41,
    "content": " blocks map output and define structure",
    "position": [
      [
        10,
        21
      ],
      [
        10,
        62
      ]
    ],
    "level": 0
  },
  {
    "kind": {
      "Identifier": "this_block_is_a_variable"
    },
    "len": 24,
    "content": "this_block_is_a_variable",
    "position": [
      [
        12,
        0
      ],
      [
        12,
        24
      ]
    ],
    "level": 0
  },
  {
    "kind": "ContentBlock",
    "len": 9,
    "content": "content",
    "position": [
      [
        13,
        2
      ],
      [
        13,
        11
      ]
    ],
    "level": 1
  },
  {
    "kind": "Comment",
    "len": 40,
    "content": " same as block but already has a value",
    "position": [
      [
        13,
        12
      ],
      [
        13,
        52
      ]
    ],
    "level": 1
  },
  {
    "kind": {
      "Identifier": "contents_might_have_multiple_definitions"
    },
    "len": 40,
    "content": "contents_might_have_multiple_definitions",
    "position": [
      [
        15,
        0
      ],
      [
        15,
        40
      ]
    ],
    "level": 0
  },
  {
    "kind": "Comment",
    "len": 20,
    "content": " e.g. translations",
    "position": [
      [
        15,
        41
      ],
      [
        15,
        61
      ]
    ],
    "level": 0
  },
  {
    "kind": "HashPound",
    "len": 1,
    "content": "#",
    "position": [
      [
        16,
        2
      ],
      [
        16,
        3
      ]
    ],
    "level": 1
  },
  {
    "kind": {
      "Identifier": "ln"
    },
    "len": 2,
    "content": "ln",
    "position": [
      [
        16,
        3
      ],
      [
        16,
        5
      ]
    ],
    "level": 1
  },
  {
    "kind": "Colon",
    "len": 1,
    "content": ":",
    "position": [
      [
        16,
        5
      ],
      [
        16,
        6
      ]
    ],
    "level": 1
  },
  {
    "kind": {
      "Identifier": "en"
    },
    "len": 2,
    "content": "en",
    "position": [
      [
        16,
        6
      ],
      [
        16,
        8
      ]
    ],
    "level": 1
  },
  {
    "kind": "ContentBlock",
    "len": 36,
    "content": "\n    This is content in english\n  ",
    "position": [
      [
        16,
        8
      ],
      [
        18,
        3
      ]
    ],
    "level": 1
  },
  {
    "kind": "HashPound",
    "len": 1,
    "content": "#",
    "position": [
      [
        19,
        2
      ],
      [
        19,
        3
      ]
    ],
    "level": 1
  },
  {
    "kind": {
      "Identifier": "ln"
    },
    "len": 2,
    "content": "ln",
    "position": [
      [
        19,
        3
      ],
      [
        19,
        5
      ]
    ],
    "level": 1
  },
  {
    "kind": "Colon",
    "len": 1,
    "content": ":",
    "position": [
      [
        19,
        5
      ],
      [
        19,
        6
      ]
    ],
    "level": 1
  },
  {
    "kind": {
      "Identifier": "ru"
    },
    "len": 2,
    "content": "ru",
    "position": [
      [
        19,
        6
      ],
      [
        19,
        8
      ]
    ],
    "level": 1
  },
  {
    "kind": "ContentBlock",
    "len": 53,
    "content": "\n    Этот контент на русском\n  ",
    "position": [
      [
        19,
        8
      ],
      [
        21,
        3
      ]
    ],
    "level": 1
  },
  {
    "kind": {
      "Identifier": "option_B"
    },
    "len": 8,
    "content": "option_B",
    "position": [
      [
        23,
        0
      ],
      [
        23,
        8
      ]
    ],
    "level": 0
  },
  {
    "kind": "HashPound",
    "len": 1,
    "content": "#",
    "position": [
      [
        24,
        2
      ],
      [
        24,
        3
      ]
    ],
    "level": 1
  },
  {
    "kind": {
      "Identifier": "ln"
    },
    "len": 2,
    "content": "ln",
    "position": [
      [
        24,
        3
      ],
      [
        24,
        5
      ]
    ],
    "level": 1
  },
  {
    "kind": "Colon",
    "len": 1,
    "content": ":",
    "position": [
      [
        24,
        5
      ],
      [
        24,
        6
      ]
    ],
    "level": 1
  },
  {
    "kind": {
      "Identifier": "en"
    },
    "len": 2,
    "content": "en",
    "position": [
      [
        24,
        6
      ],
      [
        24,
        8
      ]
    ],
    "level": 1
  },
  {
    "kind": "ContentBlock",
    "len": 18,
    "content": "\n    Option B\n  ",
    "position": [
      [
        24,
        8
      ],
      [
        26,
        3
      ]
    ],
    "level": 1
  },
  {
    "kind": "HashPound",
    "len": 1,
    "content": "#",
    "position": [
      [
        27,
        2
      ],
      [
        27,
        3
      ]
    ],
    "level": 1
  },
  {
    "kind": {
      "Identifier": "ln"
    },
    "len": 2,
    "content": "ln",
    "position": [
      [
        27,
        3
      ],
      [
        27,
        5
      ]
    ],
    "level": 1
  },
  {
    "kind": "Colon",
    "len": 1,
    "content": ":",
    "position": [
      [
        27,
        5
      ],
      [
        27,
        6
      ]
    ],
    "level": 1
  },
  {
    "kind": {
      "Identifier": "ru"
    },
    "len": 2,
    "content": "ru",
    "position": [
      [
        27,
        6
      ],
      [
        27,
        8
      ]
    ],
    "level": 1
  },
  {
    "kind": "ContentBlock",
    "len": 27,
    "content": "\n    Вариант Б\n  ",
    "position": [
      [
        27,
        8
      ],
      [
        29,
        3
      ]
    ],
    "level": 1
  },
  {
    "kind": {
      "Identifier": "this_block_provides_choices"
    },
    "len": 27,
    "content": "this_block_provides_choices",
    "position": [
      [
        31,
        0
      ],
      [
        31,
        27
      ]
    ],
    "level": 0
  },
  {
    "kind": "Greater",
    "len": 1,
    "content": ">",
    "position": [
      [
        32,
        2
      ],
      [
        32,
        3
      ]
    ],
    "level": 1
  },
  {
    "kind": "Exclamation",
    "len": 1,
    "content": "!",
    "position": [
      [
        33,
        4
      ],
      [
        33,
        5
      ]
    ],
    "level": 2
  },
  {
    "kind": {
      "Identifier": "options"
    },
    "len": 7,
    "content": "options",
    "position": [
      [
        33,
        5
      ],
      [
        33,
        12
      ]
    ],
    "level": 2
  },
  {
    "kind": "Colon",
    "len": 1,
    "content": ":",
    "position": [
      [
        33,
        12
      ],
      [
        33,
        13
      ]
    ],
    "level": 2
  },
  {
    "kind": "ContentBlock",
    "len": 11,
    "content": "An option",
    "position": [
      [
        34,
        6
      ],
      [
        34,
        17
      ]
    ],
    "level": 3
  },
  {
    "kind": "Comment",
    "len": 9,
    "content": " static",
    "position": [
      [
        34,
        18
      ],
      [
        34,
        27
      ]
    ],
    "level": 3
  },
  {
    "kind": {
      "Identifier": "option_B"
    },
    "len": 8,
    "content": "option_B",
    "position": [
      [
        35,
        6
      ],
      [
        35,
        14
      ]
    ],
    "level": 3
  },
  {
    "kind": "Comment",
    "len": 22,
    "content": " or using a variable",
    "position": [
      [
        35,
        15
      ],
      [
        35,
        37
      ]
    ],
    "level": 3
  },
  {
    "kind": {
      "Identifier": "THIS_BLOCK_PROVIDES_A_TEXT_INPUT"
    },
    "len": 32,
    "content": "THIS_BLOCK_PROVIDES_A_TEXT_INPUT",
    "position": [
      [
        37,
        0
      ],
      [
        37,
        32
      ]
    ],
    "level": 0
  },
  {
    "kind": "Comment",
    "len": 23,
    "content": " in caps just for fun",
    "position": [
      [
        37,
        33
      ],
      [
        37,
        56
      ]
    ],
    "level": 0
  },
  {
    "kind": "Greater",
    "len": 1,
    "content": ">",
    "position": [
      [
        38,
        2
      ],
      [
        38,
        3
      ]
    ],
    "level": 1
  },
  {
    "kind": {
      "Identifier": "this_block_provides_a_number_input"
    },
    "len": 34,
    "content": "this_block_provides_a_number_input",
    "position": [
      [
        40,
        0
      ],
      [
        40,
        34
      ]
    ],
    "level": 0
  },
  {
    "kind": "Greater",
    "len": 1,
    "content": ">",
    "position": [
      [
        41,
        2
      ],
      [
        41,
        3
      ]
    ],
    "level": 1
  },
  {
    "kind": "Exclamation",
    "len": 1,
    "content": "!",
    "position": [
      [
        42,
        4
      ],
      [
        42,
        5
      ]
    ],
    "level": 2
  },
  {
    "kind": {
      "Identifier": "number"
    },
    "len": 6,
    "content": "number",
    "position": [
      [
        42,
        5
      ],
      [
        42,
        11
      ]
    ],
    "level": 2
  },
  {
    "kind": {
      "Identifier": "this_block_provides_a_number_input_with_constraints"
    },
    "len": 51,
    "content": "this_block_provides_a_number_input_with_constraints",
    "position": [
      [
        44,
        0
      ],
      [
        44,
        51
      ]
    ],
    "level": 0
  },
  {
    "kind": "Greater",
    "len": 1,
    "content": ">",
    "position": [
      [
        45,
        2
      ],
      [
        45,
        3
      ]
    ],
    "level": 1
  },
  {
    "kind": "Exclamation",
    "len": 1,
    "content": "!",
    "position": [
      [
        46,
        4
      ],
      [
        46,
        5
      ]
    ],
    "level": 2
  },
  {
    "kind": {
      "Identifier": "number"
    },
    "len": 6,
    "content": "number",
    "position": [
      [
        46,
        5
      ],
      [
        46,
        11
      ]
    ],
    "level": 2
  },
  {
    "kind": "Colon",
    "len": 1,
    "content": ":",
    "position": [
      [
        46,
        11
      ],
      [
        46,
        12
      ]
    ],
    "level": 2
  },
  {
    "kind": {
      "Identifier": "max"
    },
    "len": 3,
    "content": "max",
    "position": [
      [
        46,
        12
      ],
      [
        46,
        15
      ]
    ],
    "level": 2
  },
  {
    "kind": "Equals",
    "len": 1,
    "content": "=",
    "position": [
      [
        46,
        15
      ],
      [
        46,
        16
      ]
    ],
    "level": 2
  },
  {
    "kind": {
      "Int": 100
    },
    "len": 3,
    "content": "100",
    "position": [
      [
        46,
        16
      ],
      [
        46,
        19
      ]
    ],
    "level": 2
  },
  {
    "kind": "Colon",
    "len": 1,
    "content": ":",
    "position": [
      [
        46,
        19
      ],
      [
        46,
        20
      ]
    ],
    "level": 2
  },
  {
    "kind": {
      "Identifier": "min"
    },
    "len": 3,
    "content": "min",
    "position": [
      [
        46,
        20
      ],
      [
        46,
        23
      ]
    ],
    "level": 2
  },
  {
    "kind": "Equals",
    "len": 1,
    "content": "=",
    "position": [
      [
        46,
        23
      ],
      [
        46,
        24
      ]
    ],
    "level": 2
  },
  {
    "kind": {
      "Int": 20
    },
    "len": 2,
    "content": "20",
    "position": [
      [
        46,
        24
      ],
      [
        46,
        26
      ]
    ],
    "level": 2
  },
  {
    "kind": {
      "Identifier": "this_block_provides_a_number_input_with_constraints_and_a_default_value"
    },
    "len": 71,
    "content": "this_block_provides_a_number_input_with_constraints_and_a_default_value",
    "position": [
      [
        48,
        0
      ],
      [
        48,
        71
      ]
    ],
    "level": 0
  },
  {
    "kind": "Greater",
    "len": 1,
    "content": ">",
    "position": [
      [
        49,
        2
      ],
      [
        49,
        3
      ]
    ],
    "level": 1
  },
  {
    "kind": "Colon",
    "len": 1,
    "content": ":",
    "position": [
      [
        49,
        4
      ],
      [
        49,
        5
      ]
    ],
    "level": 1
  },
  {
    "kind": {
      "Identifier": "default"
    },
    "len": 7,
    "content": "default",
    "position": [
      [
        49,
        5
      ],
      [
        49,
        12
      ]
    ],
    "level": 1
  },
  {
    "kind": "Equals",
    "len": 1,
    "content": "=",
    "position": [
      [
        49,
        12
      ],
      [
        49,
        13
      ]
    ],
    "level": 1
  },
  {
    "kind": {
      "Int": 42
    },
    "len": 2,
    "content": "42",
    "position": [
      [
        49,
        13
      ],
      [
        49,
        15
      ]
    ],
    "level": 1
  },
  {
    "kind": "Exclamation",
    "len": 1,
    "content": "!",
    "position": [
      [
        50,
        4
      ],
      [
        50,
        5
      ]
    ],
    "level": 2
  },
  {
    "kind": {
      "Identifier": "number"
    },
    "len": 6,
    "content": "number",
    "position": [
      [
        50,
        5
      ],
      [
        50,
        11
      ]
    ],
    "level": 2
  },
  {
    "kind": "Colon",
    "len": 1,
    "content": ":",
    "position": [
      [
        50,
        11
      ],
      [
        50,
        12
      ]
    ],
    "level": 2
  },
  {
    "kind": {
      "Identifier": "max"
    },
    "len": 3,
    "content": "max",
    "position": [
      [
        50,
        12
      ],
      [
        50,
        15
      ]
    ],
    "level": 2
  },
  {
    "kind": "Equals",
    "len": 1,
    "content": "=",
    "position": [
      [
        50,
        15
      ],
      [
        50,
        16
      ]
    ],
    "level": 2
  },
  {
    "kind": {
      "Int": 100
    },
    "len": 3,
    "content": "100",
    "position": [
      [
        50,
        16
      ],
      [
        50,
        19
      ]
    ],
    "level": 2
  },
  {
    "kind": "Colon",
    "len": 1,
    "content": ":",
    "position": [
      [
        50,
        19
      ],
      [
        50,
        20
      ]
    ],
    "level": 2
  },
  {
    "kind": {
      "Identifier": "min"
    },
    "len": 3,
    "content": "min",
    "position": [
      [
        50,
        20
      ],
      [
        50,
        23
      ]
    ],
    "level": 2
  },
  {
    "kind": "Equals",
    "len": 1,
    "content": "=",
    "position": [
      [
        50,
        23
      ],
      [
        50,
        24
      ]
    ],
    "level": 2
  },
  {
    "kind": {
      "Int": 20
    },
    "len": 2,
    "content": "20",
    "position": [
      [
        50,
        24
      ],
      [
        50,
        26
      ]
    ],
    "level": 2
  },
  {
    "kind": {
      "Identifier": "this_block_provides_an_email_input"
    },
    "len": 34,
    "content": "this_block_provides_an_email_input",
    "position": [
      [
        52,
        0
      ],
      [
        52,
        34
      ]
    ],
    "level": 0
  },
  {
    "kind": "Greater",
    "len": 1,
    "content": ">",
    "position": [
      [
        53,
        2
      ],
      [
        53,
        3
      ]
    ],
    "level": 1
  },
  {
    "kind": "Exclamation",
    "len": 1,
    "content": "!",
    "position": [
      [
        54,
        4
      ],
      [
        54,
        5
      ]
    ],
    "level": 2
  },
  {
    "kind": {
      "Identifier": "pattern"
    },
    "len": 7,
    "content": "pattern",
    "position": [
      [
        54,
        5
      ],
      [
        54,
        12
      ]
    ],
    "level": 2
  },
  {
    "kind": "Colon",
    "len": 1,
    "content": ":",
    "position": [
      [
        54,
        12
      ],
      [
        54,
        13
      ]
    ],
    "level": 2
  },
  {
    "kind": {
      "Identifier": "email"
    },
    "len": 5,
    "content": "email",
    "position": [
      [
        54,
        13
      ],
      [
        54,
        18
      ]
    ],
    "level": 2
  },
  {
    "kind": {
      "Identifier": "block_can_be_nested_to_create_a_sequence"
    },
    "len": 40,
    "content": "block_can_be_nested_to_create_a_sequence",
    "position": [
      [
        56,
        0
      ],
      [
        56,
        40
      ]
    ],
    "level": 0
  },
  {
    "kind": {
      "Identifier": "a_property"
    },
    "len": 10,
    "content": "a_property",
    "position": [
      [
        57,
        2
      ],
      [
        57,
        12
      ]
    ],
    "level": 1
  },
  {
    "kind": "Comment",
    "len": 13,
    "content": " any string",
    "position": [
      [
        57,
        13
      ],
      [
        57,
        26
      ]
    ],
    "level": 1
  },
  {
    "kind": "Greater",
    "len": 1,
    "content": ">",
    "position": [
      [
        58,
        4
      ],
      [
        58,
        5
      ]
    ],
    "level": 2
  },
  {
    "kind": {
      "Identifier": "b_property"
    },
    "len": 10,
    "content": "b_property",
    "position": [
      [
        59,
        2
      ],
      [
        59,
        12
      ]
    ],
    "level": 1
  },
  {
    "kind": "Comment",
    "len": 40,
    "content": " string, with 42 as its maximum length",
    "position": [
      [
        59,
        13
      ],
      [
        59,
        53
      ]
    ],
    "level": 1
  },
  {
    "kind": "Greater",
    "len": 1,
    "content": ">",
    "position": [
      [
        60,
        4
      ],
      [
        60,
        5
      ]
    ],
    "level": 2
  },
  {
    "kind": "Exclamation",
    "len": 1,
    "content": "!",
    "position": [
      [
        61,
        6
      ],
      [
        61,
        7
      ]
    ],
    "level": 3
  },
  {
    "kind": {
      "Identifier": "length"
    },
    "len": 6,
    "content": "length",
    "position": [
      [
        61,
        7
      ],
      [
        61,
        13
      ]
    ],
    "level": 3
  },
  {
    "kind": "Colon",
    "len": 1,
    "content": ":",
    "position": [
      [
        61,
        13
      ],
      [
        61,
        14
      ]
    ],
    "level": 3
  },
  {
    "kind": {
      "Identifier": "max"
    },
    "len": 3,
    "content": "max",
    "position": [
      [
        61,
        14
      ],
      [
        61,
        17
      ]
    ],
    "level": 3
  },
  {
    "kind": "Equals",
    "len": 1,
    "content": "=",
    "position": [
      [
        61,
        17
      ],
      [
        61,
        18
      ]
    ],
    "level": 3
  },
  {
    "kind": {
      "Int": 24
    },
    "len": 2,
    "content": "24",
    "position": [
      [
        61,
        18
      ],
      [
        61,
        20
      ]
    ],
    "level": 3
  },
  {
    "kind": {
      "Identifier": "lists_can_be_created_as_well"
    },
    "len": 28,
    "content": "lists_can_be_created_as_well",
    "position": [
      [
        63,
        0
      ],
      [
        63,
        28
      ]
    ],
    "level": 0
  },
  {
    "kind": "Comment",
    "len": 22,
    "content": " maximum of 3 emails",
    "position": [
      [
        63,
        29
      ],
      [
        63,
        51
      ]
    ],
    "level": 0
  },
  {
    "kind": "Plus",
    "len": 1,
    "content": "+",
    "position": [
      [
        64,
        2
      ],
      [
        64,
        3
      ]
    ],
    "level": 1
  },
  {
    "kind": "Greater",
    "len": 1,
    "content": ">",
    "position": [
      [
        64,
        3
      ],
      [
        64,
        4
      ]
    ],
    "level": 1
  },
  {
    "kind": "Exclamation",
    "len": 1,
    "content": "!",
    "position": [
      [
        65,
        4
      ],
      [
        65,
        5
      ]
    ],
    "level": 2
  },
  {
    "kind": {
      "Identifier": "count"
    },
    "len": 5,
    "content": "count",
    "position": [
      [
        65,
        5
      ],
      [
        65,
        10
      ]
    ],
    "level": 2
  },
  {
    "kind": "Colon",
    "len": 1,
    "content": ":",
    "position": [
      [
        65,
        10
      ],
      [
        65,
        11
      ]
    ],
    "level": 2
  },
  {
    "kind": {
      "Identifier": "max"
    },
    "len": 3,
    "content": "max",
    "position": [
      [
        65,
        11
      ],
      [
        65,
        14
      ]
    ],
    "level": 2
  },
  {
    "kind": "Equals",
    "len": 1,
    "content": "=",
    "position": [
      [
        65,
        14
      ],
      [
        65,
        15
      ]
    ],
    "level": 2
  },
  {
    "kind": {
      "Int": 3
    },
    "len": 1,
    "content": "3",
    "position": [
      [
        65,
        15
      ],
      [
        65,
        16
      ]
    ],
    "level": 2
  },
  {
    "kind": "Exclamation",
    "len": 1,
    "content": "!",
    "position": [
      [
        66,
        4
      ],
      [
        66,
        5
      ]
    ],
    "level": 2
  },
  {
    "kind": {
      "Identifier": "format"
    },
    "len": 6,
    "content": "format",
    "position": [
      [
        66,
        5
      ],
      [
        66,
        11
      ]
    ],
    "level": 2
  },
  {
    "kind": "Colon",
    "len": 1,
    "content": ":",
    "position": [
      [
        66,
        11
      ],
      [
        66,
        12
      ]
    ],
    "level": 2
  },
  {
    "kind": {
      "Identifier": "email"
    },
    "len": 5,
    "content": "email",
    "position": [
      [
        66,
        12
      ],
      [
        66,
        17
      ]
    ],
    "level": 2
  },
  {
    "kind": "Equals",
    "len": 1,
    "content": "=",
    "position": [
      [
        66,
        17
      ],
      [
        66,
        18
      ]
    ],
    "level": 2
  },
  {
    "kind": {
      "Identifier": "true"
    },
    "len": 4,
    "content": "true",
    "position": [
      [
        66,
        18
      ],
      [
        66,
        22
      ]
    ],
    "level": 2
  },
  {
    "kind": {
      "Identifier": "block_that_refers_to_another_sequence"
    },
    "len": 37,
    "content": "block_that_refers_to_another_sequence",
    "position": [
      [
        68,
        0
      ],
      [
        68,
        37
      ]
    ],
    "level": 0
  },
  {
    "kind": "At",
    "len": 1,
    "content": "@",
    "position": [
      [
        69,
        2
      ],
      [
        69,
        3
      ]
    ],
    "level": 1
  },
  {
    "kind": {
      "Identifier": "basic"
    },
    "len": 5,
    "content": "basic",
    "position": [
      [
        69,
        3
      ],
      [
        69,
        8
      ]
    ],
    "level": 1
  },
  {
    "kind": "Dot",
    "len": 1,
    "content": ".",
    "position": [
      [
        69,
        8
      ],
      [
        69,
        9
      ]
    ],
    "level": 1
  },
  {
    "kind": {
      "Identifier": "demographics"
    },
    "len": 12,
    "content": "demographics",
    "position": [
      [
        69,
        9
      ],
      [
        69,
        21
      ]
    ],
    "level": 1
  },
  {
    "kind": "Comment",
    "len": 59,
    "content": " following example shows how to reuse data between blocks",
    "position": [
      [
        71,
        0
      ],
      [
        71,
        59
      ]
    ],
    "level": 0
  },
  {
    "kind": {
      "Identifier": "my_initial_block"
    },
    "len": 16,
    "content": "my_initial_block",
    "position": [
      [
        73,
        0
      ],
      [
        73,
        16
      ]
    ],
    "level": 0
  },
  {
    "kind": "Comment",
    "len": 26,
    "content": " list of 1 to 30 strings",
    "position": [
      [
        73,
        17
      ],
      [
        73,
        43
      ]
    ],
    "level": 0
  },
  {
    "kind": "Plus",
    "len": 1,
    "content": "+",
    "position": [
      [
        74,
        2
      ],
      [
        74,
        3
      ]
    ],
    "level": 1
  },
  {
    "kind": "Greater",
    "len": 1,
    "content": ">",
    "position": [
      [
        74,
        3
      ],
      [
        74,
        4
      ]
    ],
    "level": 1
  },
  {
    "kind": "Exclamation",
    "len": 1,
    "content": "!",
    "position": [
      [
        75,
        4
      ],
      [
        75,
        5
      ]
    ],
    "level": 2
  },
  {
    "kind": {
      "Identifier": "count"
    },
    "len": 5,
    "content": "count",
    "position": [
      [
        75,
        5
      ],
      [
        75,
        10
      ]
    ],
    "level": 2
  },
  {
    "kind": "Colon",
    "len": 1,
    "content": ":",
    "position": [
      [
        75,
        10
      ],
      [
        75,
        11
      ]
    ],
    "level": 2
  },
  {
    "kind": {
      "Identifier": "min"
    },
    "len": 3,
    "content": "min",
    "position": [
      [
        75,
        11
      ],
      [
        75,
        14
      ]
    ],
    "level": 2
  },
  {
    "kind": "Equals",
    "len": 1,
    "content": "=",
    "position": [
      [
        75,
        14
      ],
      [
        75,
        15
      ]
    ],
    "level": 2
  },
  {
    "kind": {
      "Int": 1
    },
    "len": 1,
    "content": "1",
    "position": [
      [
        75,
        15
      ],
      [
        75,
        16
      ]
    ],
    "level": 2
  },
  {
    "kind": "Colon",
    "len": 1,
    "content": ":",
    "position": [
      [
        75,
        16
      ],
      [
        75,
        17
      ]
    ],
    "level": 2
  },
  {
    "kind": {
      "Identifier": "max"
    },
    "len": 3,
    "content": "max",
    "position": [
      [
        75,
        17
      ],
      [
        75,
        20
      ]
    ],
    "level": 2
  },
  {
    "kind": "Equals",
    "len": 1,
    "content": "=",
    "position": [
      [
        75,
        20
      ],
      [
        75,
        21
      ]
    ],
    "level": 2
  },
  {
    "kind": {
      "Int": 30
    },
    "len": 2,
    "content": "30",
    "position": [
      [
        75,
        21
      ],
      [
        75,
        23
      ]
    ],
    "level": 2
  },
  {
    "kind": {
      "Identifier": "another_block"
    },
    "len": 13,
    "content": "another_block",
    "position": [
      [
        77,
        0
      ],
      [
        77,
        13
      ]
    ],
    "level": 0
  },
  {
    "kind": "Comment",
    "len": 61,
    "content": " enter number from 0 to 10 for each of the items, default 6",
    "position": [
      [
        77,
        14
      ],
      [
        77,
        75
      ]
    ],
    "level": 0
  },
  {
    "kind": "Exclamation",
    "len": 1,
    "content": "!",
    "position": [
      [
        78,
        2
      ],
      [
        78,
        3
      ]
    ],
    "level": 1
  },
  {
    "kind": {
      "Identifier": "iterate"
    },
    "len": 7,
    "content": "iterate",
    "position": [
      [
        78,
        3
      ],
      [
        78,
        10
      ]
    ],
    "level": 1
  },
  {
    "kind": "Colon",
    "len": 1,
    "content": ":",
    "position": [
      [
        78,
        10
      ],
      [
        78,
        11
      ]
    ],
    "level": 1
  },
  {
    "kind": {
      "Identifier": "my_initial_block"
    },
    "len": 16,
    "content": "my_initial_block",
    "position": [
      [
        78,
        11
      ],
      [
        78,
        27
      ]
    ],
    "level": 1
  },
  {
    "kind": "Greater",
    "len": 1,
    "content": ">",
    "position": [
      [
        79,
        4
      ],
      [
        79,
        5
      ]
    ],
    "level": 2
  },
  {
    "kind": "Colon",
    "len": 1,
    "content": ":",
    "position": [
      [
        79,
        6
      ],
      [
        79,
        7
      ]
    ],
    "level": 2
  },
  {
    "kind": {
      "Identifier": "default"
    },
    "len": 7,
    "content": "default",
    "position": [
      [
        79,
        7
      ],
      [
        79,
        14
      ]
    ],
    "level": 2
  },
  {
    "kind": "Equals",
    "len": 1,
    "content": "=",
    "position": [
      [
        79,
        14
      ],
      [
        79,
        15
      ]
    ],
    "level": 2
  },
  {
    "kind": {
      "Int": 6
    },
    "len": 1,
    "content": "6",
    "position": [
      [
        79,
        15
      ],
      [
        79,
        16
      ]
    ],
    "level": 2
  },
  {
    "kind": "Exclamation",
    "len": 1,
    "content": "!",
    "position": [
      [
        80,
        6
      ],
      [
        80,
        7
      ]
    ],
    "level": 3
  },
  {
    "kind": {
      "Identifier": "number"
    },
    "len": 6,
    "content": "number",
    "position": [
      [
        80,
        7
      ],
      [
        80,
        13
      ]
    ],
    "level": 3
  },
  {
    "kind": "Colon",
    "len": 1,
    "content": ":",
    "position": [
      [
        80,
        13
      ],
      [
        80,
        14
      ]
    ],
    "level": 3
  },
  {
    "kind": {
      "Identifier": "min"
    },
    "len": 3,
    "content": "min",
    "position": [
      [
        80,
        14
      ],
      [
        80,
        17
      ]
    ],
    "level": 3
  },
  {
    "kind": "Equals",
    "len": 1,
    "content": "=",
    "position": [
      [
        80,
        17
      ],
      [
        80,
        18
      ]
    ],
    "level": 3
  },
  {
    "kind": {
      "Int": 0
    },
    "len": 1,
    "content": "0",
    "position": [
      [
        80,
        18
      ],
      [
        80,
        19
      ]
    ],
    "level": 3
  },
  {
    "kind": "Colon",
    "len": 1,
    "content": ":",
    "position": [
      [
        80,
        19
      ],
      [
        80,
        20
      ]
    ],
    "level": 3
  },
  {
    "kind": {
      "Identifier": "max"
    },
    "len": 3,
    "content": "max",
    "position": [
      [
        80,
        20
      ],
      [
        80,
        23
      ]
    ],
    "level": 3
  },
  {
    "kind": "Equals",
    "len": 1,
    "content": "=",
    "position": [
      [
        80,
        23
      ],
      [
        80,
        24
      ]
    ],
    "level": 3
  },
  {
    "kind": {
      "Int": 10
    },
    "len": 2,
    "content": "10",
    "position": [
      [
        80,
        24
      ],
      [
        80,
        26
      ]
    ],
    "level": 3
  },
  {
    "kind": "Comment",
    "len": 32,
    "content": "\n* Declaring your own rules\n",
    "position": [
      [
        82,
        0
      ],
      [
        84,
        2
      ]
    ],
    "level": 0
  },
  {
    "kind": "Colon",
    "len": 1,
    "content": ":",
    "position": [
      [
        86,
        0
      ],
      [
        86,
        1
      ]
    ],
    "level": 0
  },
  {
    "kind": {
      "Identifier": "my_rule"
    },
    "len": 7,
    "content": "my_rule",
    "position": [
      [
        86,
        1
      ],
      [
        86,
        8
      ]
    ],
    "level": 0
  },
  {
    "kind": "Comment",
    "len": 66,
    "content": " yes colon at the start of the line means it's a rule definition",
    "position": [
      [
        86,
        9
      ],
      [
        86,
        75
      ]
    ],
    "level": 0
  },
  {
    "kind": {
      "Identifier": "argument_1"
    },
    "len": 10,
    "content": "argument_1",
    "position": [
      [
        87,
        2
      ],
      [
        87,
        12
      ]
    ],
    "level": 1
  },
  {
    "kind": "Comment",
    "len": 23,
    "content": " arguments are blocks",
    "position": [
      [
        87,
        13
      ],
      [
        87,
        36
      ]
    ],
    "level": 1
  },
  {
    "kind": "Greater",
    "len": 1,
    "content": ">",
    "position": [
      [
        88,
        4
      ],
      [
        88,
        5
      ]
    ],
    "level": 2
  },
  {
    "kind": "Exclamation",
    "len": 1,
    "content": "!",
    "position": [
      [
        89,
        6
      ],
      [
        89,
        7
      ]
    ],
    "level": 3
  },
  {
    "kind": {
      "Identifier": "number"
    },
    "len": 6,
    "content": "number",
    "position": [
      [
        89,
        7
      ],
      [
        89,
        13
      ]
    ],
    "level": 3
  },
  {
    "kind": "Comment",
    "len": 24,
    "content": " with validated inputs",
    "position": [
      [
        89,
        14
      ],
      [
        89,
        38
      ]
    ],
    "level": 3
  },
  {
    "kind": {
      "Identifier": "argument_2"
    },
    "len": 10,
    "content": "argument_2",
    "position": [
      [
        90,
        2
      ],
      [
        90,
        12
      ]
    ],
    "level": 1
  },
  {
    "kind": "Greater",
    "len": 1,
    "content": ">",
    "position": [
      [
        91,
        4
      ],
      [
        91,
        5
      ]
    ],
    "level": 2
  },
  {
    "kind": "Colon",
    "len": 1,
    "content": ":",
    "position": [
      [
        91,
        6
      ],
      [
        91,
        7
      ]
    ],
    "level": 2
  },
  {
    "kind": {
      "Identifier": "default"
    },
    "len": 7,
    "content": "default",
    "position": [
      [
        91,
        7
      ],
      [
        91,
        14
      ]
    ],
    "level": 2
  },
  {
    "kind": "Equals",
    "len": 1,
    "content": "=",
    "position": [
      [
        91,
        14
      ],
      [
        91,
        15
      ]
    ],
    "level": 2
  },
  {
    "kind": "ContentBlock",
    "len": 9,
    "content": "default",
    "position": [
      [
        91,
        15
      ],
      [
        91,
        24
      ]
    ],
    "level": 2
  },
  {
    "kind": "Comment",
    "len": 46,
    "content": " content below will be executed in a sandbox",
    "position": [
      [
        92,
        2
      ],
      [
        92,
        48
      ]
    ],
    "level": 1
  },
  {
    "kind": "HashPound",
    "len": 1,
    "content": "#",
    "position": [
      [
        93,
        2
      ],
      [
        93,
        3
      ]
    ],
    "level": 1
  },
  {
    "kind": {
      "Identifier": "lang"
    },
    "len": 4,
    "content": "lang",
    "position": [
      [
        93,
        3
      ],
      [
        93,
        7
      ]
    ],
    "level": 1
  },
  {
    "kind": "Colon",
    "len": 1,
    "content": ":",
    "position": [
      [
        93,
        7
      ],
      [
        93,
        8
      ]
    ],
    "level": 1
  },
  {
    "kind": {
      "Identifier": "typescript"
    },
    "len": 10,
    "content": "typescript",
    "position": [
      [
        93,
        8
      ],
      [
        93,
        18
      ]
    ],
    "level": 1
  },
  {
    "kind": "ContentBlock",
    "len": 352,
    "content": "\n    export default function(\n      in /* \"in\" will prepare the inputs */,\n      out /* \"out\" should be called with valid inputs */,\n      arg1, arg2 /* \"arg1\" and \"arg2\" are your arguments */\n    ) {\n      in((el, context) => {\n        // create UI things here\n\n        // call out with the value if valid\n        out('my value');\n      });\n    }\n  ",
    "position": [
      [
        93,
        18
      ],
      [
        106,
        3
      ]
    ],
    "level": 1
  },
  {
    "kind": {
      "Identifier": "block_that_uses_the_rule"
    },
    "len": 24,
    "content": "block_that_uses_the_rule",
    "position": [
      [
        108,
        0
      ],
      [
        108,
        24
      ]
    ],
    "level": 0
  },
  {
    "kind": "Greater",
    "len": 1,
    "content": ">",
    "position": [
      [
        109,
        2
      ],
      [
        109,
        3
      ]
    ],
    "level": 1
  },
  {
    "kind": "Exclamation",
    "len": 1,
    "content": "!",
    "position": [
      [
        110,
        2
      ],
      [
        110,
        3
      ]
    ],
    "level": 1
  },
  {
    "kind": {
      "Identifier": "my_rule"
    },
    "len": 7,
    "content": "my_rule",
    "position": [
      [
        110,
        3
      ],
      [
        110,
        10
      ]
    ],
    "level": 1
  },
  {
    "kind": "Colon",
    "len": 1,
    "content": ":",
    "position": [
      [
        110,
        11
      ],
      [
        110,
        12
      ]
    ],
    "level": 1
  },
  {
    "kind": {
      "Identifier": "argument_1"
    },
    "len": 10,
    "content": "argument_1",
    "position": [
      [
        110,
        13
      ],
      [
        110,
        23
      ]
    ],
    "level": 1
  },
  {
    "kind": "Equals",
    "len": 1,
    "content": "=",
    "position": [
      [
        110,
        24
      ],
      [
        110,
        25
      ]
    ],
    "level": 1
  },
  {
    "kind": {
      "Int": 10
    },
    "len": 2,
    "content": "10",
    "position": [
      [
        110,
        26
      ],
      [
        110,
        28
      ]
    ],
    "level": 1
  },
  {
    "kind": "Colon",
    "len": 1,
    "content": ":",
    "position": [
      [
        110,
        29
      ],
      [
        110,
        30
      ]
    ],
    "level": 1
  },
  {
    "kind": {
      "Identifier": "argument_2"
    },
    "len": 10,
    "content": "argument_2",
    "position": [
      [
        110,
        31
      ],
      [
        110,
        41
      ]
    ],
    "level": 1
  },
  {
    "kind": "Equals",
    "len": 1,
    "content": "=",
    "position": [
      [
        110,
        42
      ],
      [
        110,
        43
      ]
    ],
    "level": 1
  },
  {
    "kind": "ContentBlock",
    "len": 11,
    "content": "something",
    "position": [
      [
        110,
        44
      ],
      [
        110,
        55
      ]
    ],
    "level": 1
  },
  {
    "kind": "Comment",
    "len": 133,
    "content": " следубщий блок использует логический оператор, сравнение и метаданные",
    "position": [
      [
        112,
        0
      ],
      [
        112,
        72
      ]
    ],
    "level": 0
  },
  {
    "kind": "Comment",
    "len": 57,
    "content": " об одном из предыдущих блоков",
    "position": [
      [
        113,
        0
      ],
      [
        113,
        32
      ]
    ],
    "level": 0
  },
  {
    "kind": {
      "Identifier": "conditioned_block"
    },
    "len": 17,
    "content": "conditioned_block",
    "position": [
      [
        115,
        0
      ],
      [
        115,
        17
      ]
    ],
    "level": 0
  },
  {
    "kind": "Exclamation",
    "len": 1,
    "content": "!",
    "position": [
      [
        116,
        2
      ],
      [
        116,
        3
      ]
    ],
    "level": 1
  },
  {
    "kind": {
      "Identifier": "if"
    },
    "len": 2,
    "content": "if",
    "position": [
      [
        116,
        3
      ],
      [
        116,
        5
      ]
    ],
    "level": 1
  },
  {
    "kind": "Colon",
    "len": 1,
    "content": ":",
    "position": [
      [
        116,
        5
      ],
      [
        116,
        6
      ]
    ],
    "level": 1
  },
  {
    "kind": {
      "Identifier": "my_initial_block"
    },
    "len": 16,
    "content": "my_initial_block",
    "position": [
      [
        116,
        6
      ],
      [
        116,
        22
      ]
    ],
    "level": 1
  },
  {
    "kind": "Dot",
    "len": 1,
    "content": ".",
    "position": [
      [
        116,
        22
      ],
      [
        116,
        23
      ]
    ],
    "level": 1
  },
  {
    "kind": {
      "Identifier": "count"
    },
    "len": 5,
    "content": "count",
    "position": [
      [
        116,
        23
      ],
      [
        116,
        28
      ]
    ],
    "level": 1
  },
  {
    "kind": "Greater",
    "len": 1,
    "content": ">",
    "position": [
      [
        116,
        29
      ],
      [
        116,
        30
      ]
    ],
    "level": 1
  },
  {
    "kind": {
      "Int": 3
    },
    "len": 1,
    "content": "3",
    "position": [
      [
        116,
        31
      ],
      [
        116,
        32
      ]
    ],
    "level": 1
  },
  {
    "kind": "ContentBlock",
    "len": 56,
    "content": "\n      ## Какой элемент лишний?\n    ",
    "position": [
      [
        117,
        4
      ],
      [
        119,
        5
      ]
    ],
    "level": 2
  },
  {
    "kind": "Greater",
    "len": 1,
    "content": ">",
    "position": [
      [
        120,
        4
      ],
      [
        120,
        5
      ]
    ],
    "level": 2
  },
  {
    "kind": "Exclamation",
    "len": 1,
    "content": "!",
    "position": [
      [
        121,
        6
      ],
      [
        121,
        7
      ]
    ],
    "level": 3
  },
  {
    "kind": {
      "Identifier": "options"
    },
    "len": 7,
    "content": "options",
    "position": [
      [
        121,
        7
      ],
      [
        121,
        14
      ]
    ],
    "level": 3
  },
  {
    "kind": "Colon",
    "len": 1,
    "content": ":",
    "position": [
      [
        121,
        14
      ],
      [
        121,
        15
      ]
    ],
    "level": 3
  },
  {
    "kind": {
      "Identifier": "my_initial_block"
    },
    "len": 16,
    "content": "my_initial_block",
    "position": [
      [
        121,
        15
      ],
      [
        121,
        31
      ]
    ],
    "level": 3
  },
  {
    "kind": "Exclamation",
    "len": 1,
    "content": "!",
    "position": [
      [
        122,
        6
      ],
      [
        122,
        7
      ]
    ],
    "level": 3
  },
  {
    "kind": {
      "Identifier": "choice"
    },
    "len": 6,
    "content": "choice",
    "position": [
      [
        122,
        7
      ],
      [
        122,
        13
      ]
    ],
    "level": 3
  },
  {
    "kind": "Colon",
    "len": 1,
    "content": ":",
    "position": [
      [
        122,
        13
      ],
      [
        122,
        14
      ]
    ],
    "level": 3
  },
  {
    "kind": {
      "Identifier": "multiple"
    },
    "len": 8,
    "content": "multiple",
    "position": [
      [
        122,
        14
      ],
      [
        122,
        22
      ]
    ],
    "level": 3
  },
  {
    "kind": "Exclamation",
    "len": 1,
    "content": "!",
    "position": [
      [
        123,
        6
      ],
      [
        123,
        7
      ]
    ],
    "level": 3
  },
  {
    "kind": {
      "Identifier": "count"
    },
    "len": 5,
    "content": "count",
    "position": [
      [
        123,
        7
      ],
      [
        123,
        12
      ]
    ],
    "level": 3
  },
  {
    "kind": "Colon",
    "len": 1,
    "content": ":",
    "position": [
      [
        123,
        12
      ],
      [
        123,
        13
      ]
    ],
    "level": 3
  },
  {
    "kind": {
      "Identifier": "min"
    },
    "len": 3,
    "content": "min",
    "position": [
      [
        123,
        13
      ],
      [
        123,
        16
      ]
    ],
    "level": 3
  },
  {
    "kind": "Equals",
    "len": 1,
    "content": "=",
    "position": [
      [
        123,
        16
      ],
      [
        123,
        17
      ]
    ],
    "level": 3
  },
  {
    "kind": "OpenParentheses",
    "len": 1,
    "content": "(",
    "position": [
      [
        123,
        17
      ],
      [
        123,
        18
      ]
    ],
    "level": 3
  },
  {
    "kind": {
      "Identifier": "my_initial_block"
    },
    "len": 16,
    "content": "my_initial_block",
    "position": [
      [
        123,
        18
      ],
      [
        123,
        34
      ]
    ],
    "level": 3
  },
  {
    "kind": "Dot",
    "len": 1,
    "content": ".",
    "position": [
      [
        123,
        34
      ],
      [
        123,
        35
      ]
    ],
    "level": 3
  },
  {
    "kind": {
      "Identifier": "count"
    },
    "len": 5,
    "content": "count",
    "position": [
      [
        123,
        35
      ],
      [
        123,
        40
      ]
    ],
    "level": 3
  },
  {
    "kind": "Minus",
    "len": 1,
    "content": "-",
    "position": [
      [
        123,
        41
      ],
      [
        123,
        42
      ]
    ],
    "level": 3
  },
  {
    "kind": {
      "Int": 3
    },
    "len": 1,
    "content": "3",
    "position": [
      [
        123,
        43
      ],
      [
        123,
        44
      ]
    ],
    "level": 3
  },
  {
    "kind": "CloseParentheses",
    "len": 1,
    "content": ")",
    "position": [
      [
        123,
        44
      ],
      [
        123,
        45
      ]
    ],
    "level": 3
  },
  {
    "kind": "Exclamation",
    "len": 1,
    "content": "!",
    "position": [
      [
        124,
        2
      ],
      [
        124,
        3
      ]
    ],
    "level": 1
  },
  {
    "kind": {
      "Identifier": "else"
    },
    "len": 4,
    "content": "else",
    "position": [
      [
        124,
        3
      ],
      [
        124,
        7
      ]
    ],
    "level": 1
  },
  {
    "kind": "ContentBlock",
    "len": 24,
    "content": "Все отлично!",
    "position": [
      [
        125,
        4
      ],
      [
        125,
        18
      ]
    ],
    "level": 2
  },
  {
    "kind": {
      "Identifier": "switching_block"
    },
    "len": 15,
    "content": "switching_block",
    "position": [
      [
        127,
        0
      ],
      [
        127,
        15
      ]
    ],
    "level": 0
  },
  {
    "kind": "Exclamation",
    "len": 1,
    "content": "!",
    "position": [
      [
        128,
        2
      ],
      [
        128,
        3
      ]
    ],
    "level": 1
  },
  {
    "kind": {
      "Identifier": "switch"
    },
    "len": 6,
    "content": "switch",
    "position": [
      [
        128,
        3
      ],
      [
        128,
        9
      ]
    ],
    "level": 1
  },
  {
    "kind": "Comment",
    "len": 62,
    "content": " without a parameter will evaluate expressions for each case",
    "position": [
      [
        128,
        10
      ],
      [
        128,
        72
      ]
    ],
    "level": 1
  },
  {
    "kind": "Exclamation",
    "len": 1,
    "content": "!",
    "position": [
      [
        129,
        4
      ],
      [
        129,
        5
      ]
    ],
    "level": 2
  },
  {
    "kind": {
      "Identifier": "case"
    },
    "len": 4,
    "content": "case",
    "position": [
      [
        129,
        5
      ],
      [
        129,
        9
      ]
    ],
    "level": 2
  },
  {
    "kind": "Colon",
    "len": 1,
    "content": ":",
    "position": [
      [
        129,
        9
      ],
      [
        129,
        10
      ]
    ],
    "level": 2
  },
  {
    "kind": {
      "Identifier": "conditioned_block"
    },
    "len": 17,
    "content": "conditioned_block",
    "position": [
      [
        129,
        10
      ],
      [
        129,
        27
      ]
    ],
    "level": 2
  },
  {
    "kind": "Dot",
    "len": 1,
    "content": ".",
    "position": [
      [
        129,
        27
      ],
      [
        129,
        28
      ]
    ],
    "level": 2
  },
  {
    "kind": {
      "Identifier": "count"
    },
    "len": 5,
    "content": "count",
    "position": [
      [
        129,
        28
      ],
      [
        129,
        33
      ]
    ],
    "level": 2
  },
  {
    "kind": "Exclamation",
    "len": 1,
    "content": "!",
    "position": [
      [
        129,
        34
      ],
      [
        129,
        35
      ]
    ],
    "level": 2
  },
  {
    "kind": "Equals",
    "len": 1,
    "content": "=",
    "position": [
      [
        129,
        35
      ],
      [
        129,
        36
      ]
    ],
    "level": 2
  },
  {
    "kind": {
      "Int": 0
    },
    "len": 1,
    "content": "0",
    "position": [
      [
        129,
        37
      ],
      [
        129,
        38
      ]
    ],
    "level": 2
  },
  {
    "kind": "Comment",
    "len": 87,
    "content": " :case accepts exactly one argument \"case\", so the argument assignment can be omitted",
    "position": [
      [
        129,
        39
      ],
      [
        129,
        126
      ]
    ],
    "level": 2
  },
  {
    "kind": "ContentBlock",
    "len": 53,
    "content": "Самый неподходящий варинат?",
    "position": [
      [
        130,
        6
      ],
      [
        130,
        35
      ]
    ],
    "level": 3
  },
  {
    "kind": "Greater",
    "len": 1,
    "content": ">",
    "position": [
      [
        131,
        6
      ],
      [
        131,
        7
      ]
    ],
    "level": 3
  },
  {
    "kind": "Exclamation",
    "len": 1,
    "content": "!",
    "position": [
      [
        132,
        8
      ],
      [
        132,
        9
      ]
    ],
    "level": 4
  },
  {
    "kind": {
      "Identifier": "options"
    },
    "len": 7,
    "content": "options",
    "position": [
      [
        132,
        9
      ],
      [
        132,
        16
      ]
    ],
    "level": 4
  },
  {
    "kind": "Colon",
    "len": 1,
    "content": ":",
    "position": [
      [
        132,
        16
      ],
      [
        132,
        17
      ]
    ],
    "level": 4
  },
  {
    "kind": {
      "Identifier": "conditioned_block"
    },
    "len": 17,
    "content": "conditioned_block",
    "position": [
      [
        132,
        17
      ],
      [
        132,
        34
      ]
    ],
    "level": 4
  },
  {
    "kind": "Exclamation",
    "len": 1,
    "content": "!",
    "position": [
      [
        133,
        8
      ],
      [
        133,
        9
      ]
    ],
    "level": 4
  },
  {
    "kind": {
      "Identifier": "choice"
    },
    "len": 6,
    "content": "choice",
    "position": [
      [
        133,
        9
      ],
      [
        133,
        15
      ]
    ],
    "level": 4
  },
  {
    "kind": "Colon",
    "len": 1,
    "content": ":",
    "position": [
      [
        133,
        15
      ],
      [
        133,
        16
      ]
    ],
    "level": 4
  },
  {
    "kind": {
      "Identifier": "multiple"
    },
    "len": 8,
    "content": "multiple",
    "position": [
      [
        133,
        16
      ],
      [
        133,
        24
      ]
    ],
    "level": 4
  },
  {
    "kind": "Exclamation",
    "len": 1,
    "content": "!",
    "position": [
      [
        134,
        4
      ],
      [
        134,
        5
      ]
    ],
    "level": 2
  },
  {
    "kind": {
      "Identifier": "default"
    },
    "len": 7,
    "content": "default",
    "position": [
      [
        134,
        5
      ],
      [
        134,
        12
      ]
    ],
    "level": 2
  },
  {
    "kind": "ContentBlock",
    "len": 31,
    "content": "Спасибо большое",
    "position": [
      [
        135,
        6
      ],
      [
        135,
        23
      ]
    ],
    "level": 3
  },
  {
    "kind": {
      "Identifier": "another_switching_block"
    },
    "len": 23,
    "content": "another_switching_block",
    "position": [
      [
        137,
        0
      ],
      [
        137,
        23
      ]
    ],
    "level": 0
  },
  {
    "kind": "Exclamation",
    "len": 1,
    "content": "!",
    "position": [
      [
        138,
        2
      ],
      [
        138,
        3
      ]
    ],
    "level": 1
  },
  {
    "kind": {
      "Identifier": "switch"
    },
    "len": 6,
    "content": "switch",
    "position": [
      [
        138,
        3
      ],
      [
        138,
        9
      ]
    ],
    "level": 1
  },
  {
    "kind": "Colon",
    "len": 1,
    "content": ":",
    "position": [
      [
        138,
        9
      ],
      [
        138,
        10
      ]
    ],
    "level": 1
  },
  {
    "kind": {
      "Identifier": "conditioned_block"
    },
    "len": 17,
    "content": "conditioned_block",
    "position": [
      [
        138,
        10
      ],
      [
        138,
        27
      ]
    ],
    "level": 1
  },
  {
    "kind": "Dot",
    "len": 1,
    "content": ".",
    "position": [
      [
        138,
        27
      ],
      [
        138,
        28
      ]
    ],
    "level": 1
  },
  {
    "kind": {
      "Identifier": "count"
    },
    "len": 5,
    "content": "count",
    "position": [
      [
        138,
        28
      ],
      [
        138,
        33
      ]
    ],
    "level": 1
  },
  {
    "kind": "Exclamation",
    "len": 1,
    "content": "!",
    "position": [
      [
        139,
        4
      ],
      [
        139,
        5
      ]
    ],
    "level": 2
  },
  {
    "kind": {
      "Identifier": "case"
    },
    "len": 4,
    "content": "case",
    "position": [
      [
        139,
        5
      ],
      [
        139,
        9
      ]
    ],
    "level": 2
  },
  {
    "kind": "Colon",
    "len": 1,
    "content": ":",
    "position": [
      [
        139,
        9
      ],
      [
        139,
        10
      ]
    ],
    "level": 2
  },
  {
    "kind": {
      "Identifier": "case"
    },
    "len": 4,
    "content": "case",
    "position": [
      [
        139,
        10
      ],
      [
        139,
        14
      ]
    ],
    "level": 2
  },
  {
    "kind": "Equals",
    "len": 1,
    "content": "=",
    "position": [
      [
        139,
        14
      ],
      [
        139,
        15
      ]
    ],
    "level": 2
  },
  {
    "kind": {
      "Int": 0
    },
    "len": 1,
    "content": "0",
    "position": [
      [
        139,
        15
      ],
      [
        139,
        16
      ]
    ],
    "level": 2
  },
  {
    "kind": "Comment",
    "len": 48,
    "content": " or a more verbose way same as writing !case:0",
    "position": [
      [
        139,
        17
      ],
      [
        139,
        65
      ]
    ],
    "level": 2
  },
  {
    "kind": "ContentBlock",
    "len": 61,
    "content": "че то вы ничо нам не написали... :-(",
    "position": [
      [
        140,
        6
      ],
      [
        140,
        44
      ]
    ],
    "level": 3
  },
  {
    "kind": "Exclamation",
    "len": 1,
    "content": "!",
    "position": [
      [
        141,
        4
      ],
      [
        141,
        5
      ]
    ],
    "level": 2
  },
  {
    "kind": {
      "Identifier": "default"
    },
    "len": 7,
    "content": "default",
    "position": [
      [
        141,
        5
      ],
      [
        141,
        12
      ]
    ],
    "level": 2
  },
  {
    "kind": "ContentBlock",
    "len": 31,
    "content": "ну все на этом :-)",
    "position": [
      [
        142,
        6
      ],
      [
        142,
        26
      ]
    ],
    "level": 3
  },
  {
    "kind": "OpenCurlyBrace",
    "len": 1,
    "content": "{",
    "position": [
      [
        144,
        0
      ],
      [
        144,
        1
      ]
    ],
    "level": 0
  },
  {
    "kind": {
      "Int": 1
    },
    "len": 1,
    "content": "1",
    "position": [
      [
        144,
        1
      ],
      [
        144,
        2
      ]
    ],
    "level": 0
  },
  {
    "kind": "Colon",
    "len": 1,
    "content": ":",
    "position": [
      [
        144,
        2
      ],
      [
        144,
        3
      ]
    ],
    "level": 0
  },
  {
    "kind": {
      "Int": 1
    },
    "len": 1,
    "content": "1",
    "position": [
      [
        144,
        3
      ],
      [
        144,
        4
      ]
    ],
    "level": 0
  },
  {
    "kind": "CloseCurlyBrace",
    "len": 1,
    "content": "}",
    "position": [
      [
        144,
        4
      ],
      [
        144,
        5
      ]
    ],
    "level": 0
  },
  {
    "kind": "Comment",
    "len": 77,
    "content": " is switching contexts. 1:1 is default one and stands for one entry at once",
    "position": [
      [
        144,
        6
      ],
      [
        144,
        83
      ]
    ],
    "level": 0
  },
  {
    "kind": "OpenCurlyBrace",
    "len": 1,
    "content": "{",
    "position": [
      [
        146,
        0
      ],
      [
        146,
        1
      ]
    ],
    "level": 0
  },
  {
    "kind": {
      "Identifier": "N"
    },
    "len": 1,
    "content": "N",
    "position": [
      [
        146,
        1
      ],
      [
        146,
        2
      ]
    ],
    "level": 0
  },
  {
    "kind": "Colon",
    "len": 1,
    "content": ":",
    "position": [
      [
        146,
        2
      ],
      [
        146,
        3
      ]
    ],
    "level": 0
  },
  {
    "kind": {
      "Int": 1
    },
    "len": 1,
    "content": "1",
    "position": [
      [
        146,
        3
      ],
      [
        146,
        4
      ]
    ],
    "level": 0
  },
  {
    "kind": "CloseCurlyBrace",
    "len": 1,
    "content": "}",
    "position": [
      [
        146,
        4
      ],
      [
        146,
        5
      ]
    ],
    "level": 0
  },
  {
    "kind": "Comment",
    "len": 117,
    "content": " is common for many apps - multiple enries at once. For example in a note taking app there are N notes for one user",
    "position": [
      [
        146,
        6
      ],
      [
        146,
        123
      ]
    ],
    "level": 0
  },
  {
    "kind": "OpenCurlyBrace",
    "len": 1,
    "content": "{",
    "position": [
      [
        148,
        0
      ],
      [
        148,
        1
      ]
    ],
    "level": 0
  },
  {
    "kind": {
      "Int": 1
    },
    "len": 1,
    "content": "1",
    "position": [
      [
        148,
        1
      ],
      [
        148,
        2
      ]
    ],
    "level": 0
  },
  {
    "kind": "Colon",
    "len": 1,
    "content": ":",
    "position": [
      [
        148,
        2
      ],
      [
        148,
        3
      ]
    ],
    "level": 0
  },
  {
    "kind": {
      "Identifier": "N"
    },
    "len": 1,
    "content": "N",
    "position": [
      [
        148,
        3
      ],
      [
        148,
        4
      ]
    ],
    "level": 0
  },
  {
    "kind": "CloseCurlyBrace",
    "len": 1,
    "content": "}",
    "position": [
      [
        148,
        4
      ],
      [
        148,
        5
      ]
    ],
    "level": 0
  },
  {
    "kind": "Comment",
    "len": 27,
    "content": " collaborate on one entry",
    "position": [
      [
        148,
        6
      ],
      [
        148,
        33
      ]
    ],
    "level": 0
  },
  {
    "kind": "OpenCurlyBrace",
    "len": 1,
    "content": "{",
    "position": [
      [
        150,
        0
      ],
      [
        150,
        1
      ]
    ],
    "level": 0
  },
  {
    "kind": {
      "Identifier": "M"
    },
    "len": 1,
    "content": "M",
    "position": [
      [
        150,
        1
      ],
      [
        150,
        2
      ]
    ],
    "level": 0
  },
  {
    "kind": "Colon",
    "len": 1,
    "content": ":",
    "position": [
      [
        150,
        2
      ],
      [
        150,
        3
      ]
    ],
    "level": 0
  },
  {
    "kind": {
      "Identifier": "N"
    },
    "len": 1,
    "content": "N",
    "position": [
      [
        150,
        3
      ],
      [
        150,
        4
      ]
    ],
    "level": 0
  },
  {
    "kind": "CloseCurlyBrace",
    "len": 1,
    "content": "}",
    "position": [
      [
        150,
        4
      ],
      [
        150,
        5
      ]
    ],
    "level": 0
  },
  {
    "kind": "Comment",
    "len": 29,
    "content": " is multiple collaborations",
    "position": [
      [
        150,
        6
      ],
      [
        150,
        35
      ]
    ],
    "level": 0
  }
]
