---
source: src/lib/ra_lexer/src/tests.rs
expression: tokens
---
[
  {
    "kind": "OpenCurlyBrace",
    "len": 1,
    "content": "{",
    "position": [
      [
        1,
        0
      ],
      [
        1,
        1
      ]
    ],
    "level": 1
  },
  {
    "kind": {
      "Identifier": "N"
    },
    "len": 1,
    "content": "N",
    "position": [
      [
        1,
        1
      ],
      [
        1,
        2
      ]
    ],
    "level": 1
  },
  {
    "kind": "Colon",
    "len": 1,
    "content": ":",
    "position": [
      [
        1,
        2
      ],
      [
        1,
        3
      ]
    ],
    "level": 1
  },
  {
    "kind": "OpenCurlyBrace",
    "len": 1,
    "content": "{",
    "position": [
      [
        1,
        3
      ],
      [
        1,
        4
      ]
    ],
    "level": 1
  },
  {
    "kind": "Exclamation",
    "len": 1,
    "content": "!",
    "position": [
      [
        2,
        0
      ],
      [
        2,
        1
      ]
    ],
    "level": 1
  },
  {
    "kind": {
      "Identifier": "sort"
    },
    "len": 4,
    "content": "sort",
    "position": [
      [
        2,
        1
      ],
      [
        2,
        5
      ]
    ],
    "level": 1
  },
  {
    "kind": "Colon",
    "len": 1,
    "content": ":",
    "position": [
      [
        2,
        5
      ],
      [
        2,
        6
      ]
    ],
    "level": 1
  },
  {
    "kind": {
      "Identifier": "recipe"
    },
    "len": 6,
    "content": "recipe",
    "position": [
      [
        2,
        7
      ],
      [
        2,
        13
      ]
    ],
    "level": 1
  },
  {
    "kind": "Colon",
    "len": 1,
    "content": ":",
    "position": [
      [
        2,
        13
      ],
      [
        2,
        14
      ]
    ],
    "level": 1
  },
  {
    "kind": {
      "Identifier": "recipe"
    },
    "len": 6,
    "content": "recipe",
    "position": [
      [
        2,
        15
      ],
      [
        2,
        21
      ]
    ],
    "level": 1
  },
  {
    "kind": "Dot",
    "len": 1,
    "content": ".",
    "position": [
      [
        2,
        21
      ],
      [
        2,
        22
      ]
    ],
    "level": 1
  },
  {
    "kind": {
      "Identifier": "rating"
    },
    "len": 6,
    "content": "rating",
    "position": [
      [
        2,
        22
      ],
      [
        2,
        28
      ]
    ],
    "level": 1
  },
  {
    "kind": "Slash",
    "len": 1,
    "content": "/",
    "position": [
      [
        2,
        29
      ],
      [
        2,
        30
      ]
    ],
    "level": 1
  },
  {
    "kind": {
      "Identifier": "recipe"
    },
    "len": 6,
    "content": "recipe",
    "position": [
      [
        2,
        31
      ],
      [
        2,
        37
      ]
    ],
    "level": 1
  },
  {
    "kind": "Dot",
    "len": 1,
    "content": ".",
    "position": [
      [
        2,
        37
      ],
      [
        2,
        38
      ]
    ],
    "level": 1
  },
  {
    "kind": {
      "Identifier": "votesCount"
    },
    "len": 10,
    "content": "votesCount",
    "position": [
      [
        2,
        38
      ],
      [
        2,
        48
      ]
    ],
    "level": 1
  },
  {
    "kind": "Colon",
    "len": 1,
    "content": ":",
    "position": [
      [
        2,
        49
      ],
      [
        2,
        50
      ]
    ],
    "level": 1
  },
  {
    "kind": {
      "Identifier": "desc"
    },
    "len": 4,
    "content": "desc",
    "position": [
      [
        2,
        51
      ],
      [
        2,
        55
      ]
    ],
    "level": 1
  },
  {
    "kind": "CloseCurlyBrace",
    "len": 1,
    "content": "}",
    "position": [
      [
        3,
        0
      ],
      [
        3,
        1
      ]
    ],
    "level": 1
  },
  {
    "kind": "CloseCurlyBrace",
    "len": 1,
    "content": "}",
    "position": [
      [
        3,
        1
      ],
      [
        3,
        2
      ]
    ],
    "level": 1
  },
  {
    "kind": "Colon",
    "len": 1,
    "content": ":",
    "position": [
      [
        5,
        0
      ],
      [
        5,
        1
      ]
    ],
    "level": 1
  },
  {
    "kind": {
      "Identifier": "searchInput"
    },
    "len": 11,
    "content": "searchInput",
    "position": [
      [
        5,
        1
      ],
      [
        5,
        12
      ]
    ],
    "level": 1
  },
  {
    "kind": "Greater",
    "len": 1,
    "content": ">",
    "position": [
      [
        6,
        0
      ],
      [
        6,
        1
      ]
    ],
    "level": 1
  },
  {
    "kind": "Colon",
    "len": 1,
    "content": ":",
    "position": [
      [
        6,
        2
      ],
      [
        6,
        3
      ]
    ],
    "level": 1
  },
  {
    "kind": {
      "Identifier": "placeholder"
    },
    "len": 11,
    "content": "placeholder",
    "position": [
      [
        6,
        3
      ],
      [
        6,
        14
      ]
    ],
    "level": 1
  },
  {
    "kind": "Equals",
    "len": 1,
    "content": "=",
    "position": [
      [
        6,
        14
      ],
      [
        6,
        15
      ]
    ],
    "level": 1
  },
  {
    "kind": "At",
    "len": 1,
    "content": "@",
    "position": [
      [
        6,
        15
      ],
      [
        6,
        16
      ]
    ],
    "level": 1
  },
  {
    "kind": {
      "Identifier": "resources"
    },
    "len": 9,
    "content": "resources",
    "position": [
      [
        6,
        16
      ],
      [
        6,
        25
      ]
    ],
    "level": 1
  },
  {
    "kind": "Dot",
    "len": 1,
    "content": ".",
    "position": [
      [
        6,
        25
      ],
      [
        6,
        26
      ]
    ],
    "level": 1
  },
  {
    "kind": {
      "Identifier": "searchPlaceholder"
    },
    "len": 17,
    "content": "searchPlaceholder",
    "position": [
      [
        6,
        26
      ],
      [
        6,
        43
      ]
    ],
    "level": 1
  },
  {
    "kind": "Exclamation",
    "len": 1,
    "content": "!",
    "position": [
      [
        7,
        4
      ],
      [
        7,
        5
      ]
    ],
    "level": 2
  },
  {
    "kind": {
      "Identifier": "text"
    },
    "len": 4,
    "content": "text",
    "position": [
      [
        7,
        5
      ],
      [
        7,
        9
      ]
    ],
    "level": 2
  },
  {
    "kind": "OpenCurlyBrace",
    "len": 1,
    "content": "{",
    "position": [
      [
        9,
        0
      ],
      [
        9,
        1
      ]
    ],
    "level": 1
  },
  {
    "kind": {
      "Int": 1
    },
    "len": 1,
    "content": "1",
    "position": [
      [
        9,
        1
      ],
      [
        9,
        2
      ]
    ],
    "level": 1
  },
  {
    "kind": "Colon",
    "len": 1,
    "content": ":",
    "position": [
      [
        9,
        2
      ],
      [
        9,
        3
      ]
    ],
    "level": 1
  },
  {
    "kind": {
      "Identifier": "N"
    },
    "len": 1,
    "content": "N",
    "position": [
      [
        9,
        3
      ],
      [
        9,
        4
      ]
    ],
    "level": 1
  },
  {
    "kind": "CloseCurlyBrace",
    "len": 1,
    "content": "}",
    "position": [
      [
        9,
        4
      ],
      [
        9,
        5
      ]
    ],
    "level": 1
  },
  {
    "kind": {
      "Identifier": "navigation"
    },
    "len": 10,
    "content": "navigation",
    "position": [
      [
        10,
        0
      ],
      [
        10,
        10
      ]
    ],
    "level": 1
  },
  {
    "kind": "Coma",
    "len": 1,
    "content": ",",
    "position": [
      [
        10,
        10
      ],
      [
        10,
        11
      ]
    ],
    "level": 1
  },
  {
    "kind": "Greater",
    "len": 1,
    "content": ">",
    "position": [
      [
        11,
        0
      ],
      [
        11,
        1
      ]
    ],
    "level": 1
  },
  {
    "kind": "Exclamation",
    "len": 1,
    "content": "!",
    "position": [
      [
        12,
        4
      ],
      [
        12,
        5
      ]
    ],
    "level": 2
  },
  {
    "kind": {
      "Identifier": "options"
    },
    "len": 7,
    "content": "options",
    "position": [
      [
        12,
        5
      ],
      [
        12,
        12
      ]
    ],
    "level": 2
  },
  {
    "kind": "Colon",
    "len": 1,
    "content": ":",
    "position": [
      [
        12,
        12
      ],
      [
        12,
        13
      ]
    ],
    "level": 2
  },
  {
    "kind": "At",
    "len": 1,
    "content": "@",
    "position": [
      [
        12,
        13
      ],
      [
        12,
        14
      ]
    ],
    "level": 2
  },
  {
    "kind": {
      "Identifier": "resources"
    },
    "len": 9,
    "content": "resources",
    "position": [
      [
        12,
        14
      ],
      [
        12,
        23
      ]
    ],
    "level": 2
  },
  {
    "kind": "Dot",
    "len": 1,
    "content": ".",
    "position": [
      [
        12,
        23
      ],
      [
        12,
        24
      ]
    ],
    "level": 2
  },
  {
    "kind": {
      "Identifier": "navigationItems"
    },
    "len": 15,
    "content": "navigationItems",
    "position": [
      [
        12,
        24
      ],
      [
        12,
        39
      ]
    ],
    "level": 2
  },
  {
    "kind": "Exclamation",
    "len": 1,
    "content": "!",
    "position": [
      [
        13,
        4
      ],
      [
        13,
        5
      ]
    ],
    "level": 2
  },
  {
    "kind": {
      "Identifier": "select"
    },
    "len": 6,
    "content": "select",
    "position": [
      [
        13,
        5
      ],
      [
        13,
        11
      ]
    ],
    "level": 2
  },
  {
    "kind": "Colon",
    "len": 1,
    "content": ":",
    "position": [
      [
        13,
        11
      ],
      [
        13,
        12
      ]
    ],
    "level": 2
  },
  {
    "kind": {
      "Identifier": "single"
    },
    "len": 6,
    "content": "single",
    "position": [
      [
        13,
        12
      ],
      [
        13,
        18
      ]
    ],
    "level": 2
  },
  {
    "kind": {
      "Identifier": "search"
    },
    "len": 6,
    "content": "search",
    "position": [
      [
        14,
        0
      ],
      [
        14,
        6
      ]
    ],
    "level": 1
  },
  {
    "kind": "Greater",
    "len": 1,
    "content": ">",
    "position": [
      [
        14,
        7
      ],
      [
        14,
        8
      ]
    ],
    "level": 1
  },
  {
    "kind": "Exclamation",
    "len": 1,
    "content": "!",
    "position": [
      [
        15,
        4
      ],
      [
        15,
        5
      ]
    ],
    "level": 2
  },
  {
    "kind": {
      "Identifier": "searchInput"
    },
    "len": 11,
    "content": "searchInput",
    "position": [
      [
        15,
        5
      ],
      [
        15,
        16
      ]
    ],
    "level": 2
  },
  {
    "kind": "Exclamation",
    "len": 1,
    "content": "!",
    "position": [
      [
        17,
        0
      ],
      [
        17,
        1
      ]
    ],
    "level": 1
  },
  {
    "kind": {
      "Identifier": "if"
    },
    "len": 2,
    "content": "if",
    "position": [
      [
        17,
        1
      ],
      [
        17,
        3
      ]
    ],
    "level": 1
  },
  {
    "kind": "Colon",
    "len": 1,
    "content": ":",
    "position": [
      [
        17,
        3
      ],
      [
        17,
        4
      ]
    ],
    "level": 1
  },
  {
    "kind": {
      "Identifier": "user"
    },
    "len": 4,
    "content": "user",
    "position": [
      [
        17,
        4
      ],
      [
        17,
        8
      ]
    ],
    "level": 1
  },
  {
    "kind": "Greater",
    "len": 1,
    "content": ">",
    "position": [
      [
        18,
        4
      ],
      [
        18,
        5
      ]
    ],
    "level": 2
  },
  {
    "kind": "Exclamation",
    "len": 1,
    "content": "!",
    "position": [
      [
        19,
        8
      ],
      [
        19,
        9
      ]
    ],
    "level": 3
  },
  {
    "kind": {
      "Identifier": "options"
    },
    "len": 7,
    "content": "options",
    "position": [
      [
        19,
        9
      ],
      [
        19,
        16
      ]
    ],
    "level": 3
  },
  {
    "kind": "Colon",
    "len": 1,
    "content": ":",
    "position": [
      [
        19,
        16
      ],
      [
        19,
        17
      ]
    ],
    "level": 3
  },
  {
    "kind": "At",
    "len": 1,
    "content": "@",
    "position": [
      [
        19,
        17
      ],
      [
        19,
        18
      ]
    ],
    "level": 3
  },
  {
    "kind": {
      "Identifier": "resources"
    },
    "len": 9,
    "content": "resources",
    "position": [
      [
        19,
        18
      ],
      [
        19,
        27
      ]
    ],
    "level": 3
  },
  {
    "kind": "Dot",
    "len": 1,
    "content": ".",
    "position": [
      [
        19,
        27
      ],
      [
        19,
        28
      ]
    ],
    "level": 3
  },
  {
    "kind": {
      "Identifier": "userItems"
    },
    "len": 9,
    "content": "userItems",
    "position": [
      [
        19,
        28
      ],
      [
        19,
        37
      ]
    ],
    "level": 3
  },
  {
    "kind": "Exclamation",
    "len": 1,
    "content": "!",
    "position": [
      [
        20,
        8
      ],
      [
        20,
        9
      ]
    ],
    "level": 3
  },
  {
    "kind": {
      "Identifier": "select"
    },
    "len": 6,
    "content": "select",
    "position": [
      [
        20,
        9
      ],
      [
        20,
        15
      ]
    ],
    "level": 3
  },
  {
    "kind": "Colon",
    "len": 1,
    "content": ":",
    "position": [
      [
        20,
        15
      ],
      [
        20,
        16
      ]
    ],
    "level": 3
  },
  {
    "kind": {
      "Identifier": "single"
    },
    "len": 6,
    "content": "single",
    "position": [
      [
        20,
        16
      ],
      [
        20,
        22
      ]
    ],
    "level": 3
  },
  {
    "kind": "Exclamation",
    "len": 1,
    "content": "!",
    "position": [
      [
        21,
        0
      ],
      [
        21,
        1
      ]
    ],
    "level": 1
  },
  {
    "kind": {
      "Identifier": "else"
    },
    "len": 4,
    "content": "else",
    "position": [
      [
        21,
        1
      ],
      [
        21,
        5
      ]
    ],
    "level": 1
  },
  {
    "kind": "At",
    "len": 1,
    "content": "@",
    "position": [
      [
        22,
        4
      ],
      [
        22,
        5
      ]
    ],
    "level": 2
  },
  {
    "kind": {
      "Identifier": "resources"
    },
    "len": 9,
    "content": "resources",
    "position": [
      [
        22,
        5
      ],
      [
        22,
        14
      ]
    ],
    "level": 2
  },
  {
    "kind": "Dot",
    "len": 1,
    "content": ".",
    "position": [
      [
        22,
        14
      ],
      [
        22,
        15
      ]
    ],
    "level": 2
  },
  {
    "kind": {
      "Identifier": "userItems"
    },
    "len": 9,
    "content": "userItems",
    "position": [
      [
        22,
        15
      ],
      [
        22,
        24
      ]
    ],
    "level": 2
  },
  {
    "kind": "Dot",
    "len": 1,
    "content": ".",
    "position": [
      [
        22,
        24
      ],
      [
        22,
        25
      ]
    ],
    "level": 2
  },
  {
    "kind": {
      "Identifier": "addRecipe"
    },
    "len": 9,
    "content": "addRecipe",
    "position": [
      [
        22,
        25
      ],
      [
        22,
        34
      ]
    ],
    "level": 2
  },
  {
    "kind": "Greater",
    "len": 1,
    "content": ">",
    "position": [
      [
        23,
        8
      ],
      [
        23,
        9
      ]
    ],
    "level": 3
  },
  {
    "kind": "Exclamation",
    "len": 1,
    "content": "!",
    "position": [
      [
        24,
        12
      ],
      [
        24,
        13
      ]
    ],
    "level": 4
  },
  {
    "kind": {
      "Identifier": "select"
    },
    "len": 6,
    "content": "select",
    "position": [
      [
        24,
        13
      ],
      [
        24,
        19
      ]
    ],
    "level": 4
  },
  {
    "kind": "Colon",
    "len": 1,
    "content": ":",
    "position": [
      [
        24,
        19
      ],
      [
        24,
        20
      ]
    ],
    "level": 4
  },
  {
    "kind": {
      "Identifier": "single"
    },
    "len": 6,
    "content": "single",
    "position": [
      [
        24,
        20
      ],
      [
        24,
        26
      ]
    ],
    "level": 4
  },
  {
    "kind": "Exclamation",
    "len": 1,
    "content": "!",
    "position": [
      [
        26,
        0
      ],
      [
        26,
        1
      ]
    ],
    "level": 1
  },
  {
    "kind": {
      "Identifier": "switch"
    },
    "len": 6,
    "content": "switch",
    "position": [
      [
        26,
        1
      ],
      [
        26,
        7
      ]
    ],
    "level": 1
  },
  {
    "kind": "Colon",
    "len": 1,
    "content": ":",
    "position": [
      [
        26,
        7
      ],
      [
        26,
        8
      ]
    ],
    "level": 1
  },
  {
    "kind": {
      "Identifier": "navigation"
    },
    "len": 10,
    "content": "navigation",
    "position": [
      [
        26,
        8
      ],
      [
        26,
        18
      ]
    ],
    "level": 1
  },
  {
    "kind": "Exclamation",
    "len": 1,
    "content": "!",
    "position": [
      [
        27,
        0
      ],
      [
        27,
        1
      ]
    ],
    "level": 1
  },
  {
    "kind": {
      "Identifier": "default"
    },
    "len": 7,
    "content": "default",
    "position": [
      [
        27,
        1
      ],
      [
        27,
        8
      ]
    ],
    "level": 1
  },
  {
    "kind": "Comment",
    "len": 20,
    "content": " show landing page",
    "position": [
      [
        28,
        4
      ],
      [
        28,
        24
      ]
    ],
    "level": 2
  },
  {
    "kind": "Exclamation",
    "len": 1,
    "content": "!",
    "position": [
      [
        29,
        0
      ],
      [
        29,
        1
      ]
    ],
    "level": 1
  },
  {
    "kind": {
      "Identifier": "case"
    },
    "len": 4,
    "content": "case",
    "position": [
      [
        29,
        1
      ],
      [
        29,
        5
      ]
    ],
    "level": 1
  },
  {
    "kind": "Colon",
    "len": 1,
    "content": ":",
    "position": [
      [
        29,
        5
      ],
      [
        29,
        6
      ]
    ],
    "level": 1
  },
  {
    "kind": {
      "Identifier": "navigationItems"
    },
    "len": 15,
    "content": "navigationItems",
    "position": [
      [
        29,
        6
      ],
      [
        29,
        21
      ]
    ],
    "level": 1
  },
  {
    "kind": "Dot",
    "len": 1,
    "content": ".",
    "position": [
      [
        29,
        21
      ],
      [
        29,
        22
      ]
    ],
    "level": 1
  },
  {
    "kind": {
      "Identifier": "meals"
    },
    "len": 5,
    "content": "meals",
    "position": [
      [
        29,
        22
      ],
      [
        29,
        27
      ]
    ],
    "level": 1
  },
  {
    "kind": {
      "Identifier": "mealTypeFilter"
    },
    "len": 14,
    "content": "mealTypeFilter",
    "position": [
      [
        30,
        8
      ],
      [
        30,
        22
      ]
    ],
    "level": 3
  },
  {
    "kind": "Greater",
    "len": 1,
    "content": ">",
    "position": [
      [
        30,
        23
      ],
      [
        30,
        24
      ]
    ],
    "level": 3
  },
  {
    "kind": "Exclamation",
    "len": 1,
    "content": "!",
    "position": [
      [
        31,
        12
      ],
      [
        31,
        13
      ]
    ],
    "level": 4
  },
  {
    "kind": {
      "Identifier": "options"
    },
    "len": 7,
    "content": "options",
    "position": [
      [
        31,
        13
      ],
      [
        31,
        20
      ]
    ],
    "level": 4
  },
  {
    "kind": "Colon",
    "len": 1,
    "content": ":",
    "position": [
      [
        31,
        20
      ],
      [
        31,
        21
      ]
    ],
    "level": 4
  },
  {
    "kind": {
      "Identifier": "mealsTypes"
    },
    "len": 10,
    "content": "mealsTypes",
    "position": [
      [
        31,
        21
      ],
      [
        31,
        31
      ]
    ],
    "level": 4
  },
  {
    "kind": "Exclamation",
    "len": 1,
    "content": "!",
    "position": [
      [
        32,
        12
      ],
      [
        32,
        13
      ]
    ],
    "level": 4
  },
  {
    "kind": {
      "Identifier": "select"
    },
    "len": 6,
    "content": "select",
    "position": [
      [
        32,
        13
      ],
      [
        32,
        19
      ]
    ],
    "level": 4
  },
  {
    "kind": "Colon",
    "len": 1,
    "content": ":",
    "position": [
      [
        32,
        19
      ],
      [
        32,
        20
      ]
    ],
    "level": 4
  },
  {
    "kind": {
      "Identifier": "single"
    },
    "len": 6,
    "content": "single",
    "position": [
      [
        32,
        20
      ],
      [
        32,
        26
      ]
    ],
    "level": 4
  },
  {
    "kind": "Exclamation",
    "len": 1,
    "content": "!",
    "position": [
      [
        33,
        0
      ],
      [
        33,
        1
      ]
    ],
    "level": 1
  },
  {
    "kind": {
      "Identifier": "case"
    },
    "len": 4,
    "content": "case",
    "position": [
      [
        33,
        1
      ],
      [
        33,
        5
      ]
    ],
    "level": 1
  },
  {
    "kind": "Colon",
    "len": 1,
    "content": ":",
    "position": [
      [
        33,
        5
      ],
      [
        33,
        6
      ]
    ],
    "level": 1
  },
  {
    "kind": {
      "Identifier": "navigationItems"
    },
    "len": 15,
    "content": "navigationItems",
    "position": [
      [
        33,
        6
      ],
      [
        33,
        21
      ]
    ],
    "level": 1
  },
  {
    "kind": "Dot",
    "len": 1,
    "content": ".",
    "position": [
      [
        33,
        21
      ],
      [
        33,
        22
      ]
    ],
    "level": 1
  },
  {
    "kind": {
      "Identifier": "countries"
    },
    "len": 9,
    "content": "countries",
    "position": [
      [
        33,
        22
      ],
      [
        33,
        31
      ]
    ],
    "level": 1
  },
  {
    "kind": {
      "Identifier": "countryFilter"
    },
    "len": 13,
    "content": "countryFilter",
    "position": [
      [
        34,
        8
      ],
      [
        34,
        21
      ]
    ],
    "level": 3
  },
  {
    "kind": "Greater",
    "len": 1,
    "content": ">",
    "position": [
      [
        34,
        22
      ],
      [
        34,
        23
      ]
    ],
    "level": 3
  },
  {
    "kind": "Exclamation",
    "len": 1,
    "content": "!",
    "position": [
      [
        35,
        12
      ],
      [
        35,
        13
      ]
    ],
    "level": 4
  },
  {
    "kind": {
      "Identifier": "options"
    },
    "len": 7,
    "content": "options",
    "position": [
      [
        35,
        13
      ],
      [
        35,
        20
      ]
    ],
    "level": 4
  },
  {
    "kind": "Colon",
    "len": 1,
    "content": ":",
    "position": [
      [
        35,
        20
      ],
      [
        35,
        21
      ]
    ],
    "level": 4
  },
  {
    "kind": {
      "Identifier": "countries"
    },
    "len": 9,
    "content": "countries",
    "position": [
      [
        35,
        21
      ],
      [
        35,
        30
      ]
    ],
    "level": 4
  },
  {
    "kind": "Exclamation",
    "len": 1,
    "content": "!",
    "position": [
      [
        36,
        12
      ],
      [
        36,
        13
      ]
    ],
    "level": 4
  },
  {
    "kind": {
      "Identifier": "select"
    },
    "len": 6,
    "content": "select",
    "position": [
      [
        36,
        13
      ],
      [
        36,
        19
      ]
    ],
    "level": 4
  },
  {
    "kind": "Colon",
    "len": 1,
    "content": ":",
    "position": [
      [
        36,
        19
      ],
      [
        36,
        20
      ]
    ],
    "level": 4
  },
  {
    "kind": {
      "Identifier": "single"
    },
    "len": 6,
    "content": "single",
    "position": [
      [
        36,
        20
      ],
      [
        36,
        26
      ]
    ],
    "level": 4
  },
  {
    "kind": "Exclamation",
    "len": 1,
    "content": "!",
    "position": [
      [
        37,
        0
      ],
      [
        37,
        1
      ]
    ],
    "level": 1
  },
  {
    "kind": {
      "Identifier": "case"
    },
    "len": 4,
    "content": "case",
    "position": [
      [
        37,
        1
      ],
      [
        37,
        5
      ]
    ],
    "level": 1
  },
  {
    "kind": "Colon",
    "len": 1,
    "content": ":",
    "position": [
      [
        37,
        5
      ],
      [
        37,
        6
      ]
    ],
    "level": 1
  },
  {
    "kind": {
      "Identifier": "navigationItems"
    },
    "len": 15,
    "content": "navigationItems",
    "position": [
      [
        37,
        6
      ],
      [
        37,
        21
      ]
    ],
    "level": 1
  },
  {
    "kind": "Dot",
    "len": 1,
    "content": ".",
    "position": [
      [
        37,
        21
      ],
      [
        37,
        22
      ]
    ],
    "level": 1
  },
  {
    "kind": {
      "Identifier": "restrictions"
    },
    "len": 12,
    "content": "restrictions",
    "position": [
      [
        37,
        22
      ],
      [
        37,
        34
      ]
    ],
    "level": 1
  },
  {
    "kind": {
      "Identifier": "restrictionFilter"
    },
    "len": 17,
    "content": "restrictionFilter",
    "position": [
      [
        38,
        8
      ],
      [
        38,
        25
      ]
    ],
    "level": 3
  },
  {
    "kind": "Greater",
    "len": 1,
    "content": ">",
    "position": [
      [
        38,
        26
      ],
      [
        38,
        27
      ]
    ],
    "level": 3
  },
  {
    "kind": "Exclamation",
    "len": 1,
    "content": "!",
    "position": [
      [
        39,
        12
      ],
      [
        39,
        13
      ]
    ],
    "level": 4
  },
  {
    "kind": {
      "Identifier": "options"
    },
    "len": 7,
    "content": "options",
    "position": [
      [
        39,
        13
      ],
      [
        39,
        20
      ]
    ],
    "level": 4
  },
  {
    "kind": "Colon",
    "len": 1,
    "content": ":",
    "position": [
      [
        39,
        20
      ],
      [
        39,
        21
      ]
    ],
    "level": 4
  },
  {
    "kind": {
      "Identifier": "foodRestrictions"
    },
    "len": 16,
    "content": "foodRestrictions",
    "position": [
      [
        39,
        21
      ],
      [
        39,
        37
      ]
    ],
    "level": 4
  },
  {
    "kind": "Exclamation",
    "len": 1,
    "content": "!",
    "position": [
      [
        40,
        12
      ],
      [
        40,
        13
      ]
    ],
    "level": 4
  },
  {
    "kind": {
      "Identifier": "select"
    },
    "len": 6,
    "content": "select",
    "position": [
      [
        40,
        13
      ],
      [
        40,
        19
      ]
    ],
    "level": 4
  },
  {
    "kind": "Colon",
    "len": 1,
    "content": ":",
    "position": [
      [
        40,
        19
      ],
      [
        40,
        20
      ]
    ],
    "level": 4
  },
  {
    "kind": {
      "Identifier": "single"
    },
    "len": 6,
    "content": "single",
    "position": [
      [
        40,
        20
      ],
      [
        40,
        26
      ]
    ],
    "level": 4
  },
  {
    "kind": "Exclamation",
    "len": 1,
    "content": "!",
    "position": [
      [
        41,
        0
      ],
      [
        41,
        1
      ]
    ],
    "level": 1
  },
  {
    "kind": {
      "Identifier": "case"
    },
    "len": 4,
    "content": "case",
    "position": [
      [
        41,
        1
      ],
      [
        41,
        5
      ]
    ],
    "level": 1
  },
  {
    "kind": "Colon",
    "len": 1,
    "content": ":",
    "position": [
      [
        41,
        5
      ],
      [
        41,
        6
      ]
    ],
    "level": 1
  },
  {
    "kind": {
      "Identifier": "search"
    },
    "len": 6,
    "content": "search",
    "position": [
      [
        41,
        6
      ],
      [
        41,
        12
      ]
    ],
    "level": 1
  },
  {
    "kind": "Pipe",
    "len": 1,
    "content": "|",
    "position": [
      [
        41,
        12
      ],
      [
        41,
        13
      ]
    ],
    "level": 1
  },
  {
    "kind": {
      "Identifier": "mealTypeFilter"
    },
    "len": 14,
    "content": "mealTypeFilter",
    "position": [
      [
        41,
        13
      ],
      [
        41,
        27
      ]
    ],
    "level": 1
  },
  {
    "kind": "Pipe",
    "len": 1,
    "content": "|",
    "position": [
      [
        41,
        27
      ],
      [
        41,
        28
      ]
    ],
    "level": 1
  },
  {
    "kind": {
      "Identifier": "countryFilter"
    },
    "len": 13,
    "content": "countryFilter",
    "position": [
      [
        41,
        28
      ],
      [
        41,
        41
      ]
    ],
    "level": 1
  },
  {
    "kind": "Pipe",
    "len": 1,
    "content": "|",
    "position": [
      [
        41,
        41
      ],
      [
        41,
        42
      ]
    ],
    "level": 1
  },
  {
    "kind": {
      "Identifier": "restrictionFilter"
    },
    "len": 17,
    "content": "restrictionFilter",
    "position": [
      [
        41,
        42
      ],
      [
        41,
        59
      ]
    ],
    "level": 1
  },
  {
    "kind": {
      "Identifier": "selectedRecipe"
    },
    "len": 14,
    "content": "selectedRecipe",
    "position": [
      [
        42,
        4
      ],
      [
        42,
        18
      ]
    ],
    "level": 2
  },
  {
    "kind": {
      "Identifier": "search"
    },
    "len": 6,
    "content": "search",
    "position": [
      [
        43,
        8
      ],
      [
        43,
        14
      ]
    ],
    "level": 3
  },
  {
    "kind": "Greater",
    "len": 1,
    "content": ">",
    "position": [
      [
        43,
        15
      ],
      [
        43,
        16
      ]
    ],
    "level": 3
  },
  {
    "kind": "Coma",
    "len": 1,
    "content": ",",
    "position": [
      [
        43,
        16
      ],
      [
        43,
        17
      ]
    ],
    "level": 3
  },
  {
    "kind": "Exclamation",
    "len": 1,
    "content": "!",
    "position": [
      [
        44,
        12
      ],
      [
        44,
        13
      ]
    ],
    "level": 4
  },
  {
    "kind": {
      "Identifier": "searchInput"
    },
    "len": 11,
    "content": "searchInput",
    "position": [
      [
        44,
        13
      ],
      [
        44,
        24
      ]
    ],
    "level": 4
  },
  {
    "kind": {
      "Identifier": "mealTypeFilter"
    },
    "len": 14,
    "content": "mealTypeFilter",
    "position": [
      [
        45,
        8
      ],
      [
        45,
        22
      ]
    ],
    "level": 3
  },
  {
    "kind": "Greater",
    "len": 1,
    "content": ">",
    "position": [
      [
        45,
        23
      ],
      [
        45,
        24
      ]
    ],
    "level": 3
  },
  {
    "kind": "Coma",
    "len": 1,
    "content": ",",
    "position": [
      [
        45,
        24
      ],
      [
        45,
        25
      ]
    ],
    "level": 3
  },
  {
    "kind": "Exclamation",
    "len": 1,
    "content": "!",
    "position": [
      [
        46,
        12
      ],
      [
        46,
        13
      ]
    ],
    "level": 4
  },
  {
    "kind": {
      "Identifier": "options"
    },
    "len": 7,
    "content": "options",
    "position": [
      [
        46,
        13
      ],
      [
        46,
        20
      ]
    ],
    "level": 4
  },
  {
    "kind": "Colon",
    "len": 1,
    "content": ":",
    "position": [
      [
        46,
        20
      ],
      [
        46,
        21
      ]
    ],
    "level": 4
  },
  {
    "kind": {
      "Identifier": "mealsTypes"
    },
    "len": 10,
    "content": "mealsTypes",
    "position": [
      [
        46,
        21
      ],
      [
        46,
        31
      ]
    ],
    "level": 4
  },
  {
    "kind": "Exclamation",
    "len": 1,
    "content": "!",
    "position": [
      [
        47,
        12
      ],
      [
        47,
        13
      ]
    ],
    "level": 4
  },
  {
    "kind": {
      "Identifier": "select"
    },
    "len": 6,
    "content": "select",
    "position": [
      [
        47,
        13
      ],
      [
        47,
        19
      ]
    ],
    "level": 4
  },
  {
    "kind": "Colon",
    "len": 1,
    "content": ":",
    "position": [
      [
        47,
        19
      ],
      [
        47,
        20
      ]
    ],
    "level": 4
  },
  {
    "kind": {
      "Identifier": "multiple"
    },
    "len": 8,
    "content": "multiple",
    "position": [
      [
        47,
        20
      ],
      [
        47,
        28
      ]
    ],
    "level": 4
  },
  {
    "kind": {
      "Identifier": "countryFilter"
    },
    "len": 13,
    "content": "countryFilter",
    "position": [
      [
        48,
        8
      ],
      [
        48,
        21
      ]
    ],
    "level": 3
  },
  {
    "kind": "Greater",
    "len": 1,
    "content": ">",
    "position": [
      [
        48,
        22
      ],
      [
        48,
        23
      ]
    ],
    "level": 3
  },
  {
    "kind": "Coma",
    "len": 1,
    "content": ",",
    "position": [
      [
        48,
        23
      ],
      [
        48,
        24
      ]
    ],
    "level": 3
  },
  {
    "kind": "Exclamation",
    "len": 1,
    "content": "!",
    "position": [
      [
        49,
        12
      ],
      [
        49,
        13
      ]
    ],
    "level": 4
  },
  {
    "kind": {
      "Identifier": "options"
    },
    "len": 7,
    "content": "options",
    "position": [
      [
        49,
        13
      ],
      [
        49,
        20
      ]
    ],
    "level": 4
  },
  {
    "kind": "Colon",
    "len": 1,
    "content": ":",
    "position": [
      [
        49,
        20
      ],
      [
        49,
        21
      ]
    ],
    "level": 4
  },
  {
    "kind": {
      "Identifier": "countries"
    },
    "len": 9,
    "content": "countries",
    "position": [
      [
        49,
        21
      ],
      [
        49,
        30
      ]
    ],
    "level": 4
  },
  {
    "kind": "Exclamation",
    "len": 1,
    "content": "!",
    "position": [
      [
        50,
        12
      ],
      [
        50,
        13
      ]
    ],
    "level": 4
  },
  {
    "kind": {
      "Identifier": "select"
    },
    "len": 6,
    "content": "select",
    "position": [
      [
        50,
        13
      ],
      [
        50,
        19
      ]
    ],
    "level": 4
  },
  {
    "kind": "Colon",
    "len": 1,
    "content": ":",
    "position": [
      [
        50,
        19
      ],
      [
        50,
        20
      ]
    ],
    "level": 4
  },
  {
    "kind": {
      "Identifier": "multiple"
    },
    "len": 8,
    "content": "multiple",
    "position": [
      [
        50,
        20
      ],
      [
        50,
        28
      ]
    ],
    "level": 4
  },
  {
    "kind": {
      "Identifier": "restrictionFilter"
    },
    "len": 17,
    "content": "restrictionFilter",
    "position": [
      [
        51,
        8
      ],
      [
        51,
        25
      ]
    ],
    "level": 3
  },
  {
    "kind": "Greater",
    "len": 1,
    "content": ">",
    "position": [
      [
        51,
        26
      ],
      [
        51,
        27
      ]
    ],
    "level": 3
  },
  {
    "kind": "Coma",
    "len": 1,
    "content": ",",
    "position": [
      [
        51,
        27
      ],
      [
        51,
        28
      ]
    ],
    "level": 3
  },
  {
    "kind": "Exclamation",
    "len": 1,
    "content": "!",
    "position": [
      [
        52,
        12
      ],
      [
        52,
        13
      ]
    ],
    "level": 4
  },
  {
    "kind": {
      "Identifier": "options"
    },
    "len": 7,
    "content": "options",
    "position": [
      [
        52,
        13
      ],
      [
        52,
        20
      ]
    ],
    "level": 4
  },
  {
    "kind": "Colon",
    "len": 1,
    "content": ":",
    "position": [
      [
        52,
        20
      ],
      [
        52,
        21
      ]
    ],
    "level": 4
  },
  {
    "kind": {
      "Identifier": "foodRestrictions"
    },
    "len": 16,
    "content": "foodRestrictions",
    "position": [
      [
        52,
        21
      ],
      [
        52,
        37
      ]
    ],
    "level": 4
  },
  {
    "kind": "Exclamation",
    "len": 1,
    "content": "!",
    "position": [
      [
        53,
        12
      ],
      [
        53,
        13
      ]
    ],
    "level": 4
  },
  {
    "kind": {
      "Identifier": "select"
    },
    "len": 6,
    "content": "select",
    "position": [
      [
        53,
        13
      ],
      [
        53,
        19
      ]
    ],
    "level": 4
  },
  {
    "kind": "Colon",
    "len": 1,
    "content": ":",
    "position": [
      [
        53,
        19
      ],
      [
        53,
        20
      ]
    ],
    "level": 4
  },
  {
    "kind": {
      "Identifier": "multiple"
    },
    "len": 8,
    "content": "multiple",
    "position": [
      [
        53,
        20
      ],
      [
        53,
        28
      ]
    ],
    "level": 4
  },
  {
    "kind": "Greater",
    "len": 1,
    "content": ">",
    "position": [
      [
        54,
        8
      ],
      [
        54,
        9
      ]
    ],
    "level": 3
  },
  {
    "kind": "Colon",
    "len": 1,
    "content": ":",
    "position": [
      [
        54,
        10
      ],
      [
        54,
        11
      ]
    ],
    "level": 3
  },
  {
    "kind": {
      "Identifier": "item"
    },
    "len": 4,
    "content": "item",
    "position": [
      [
        54,
        11
      ],
      [
        54,
        15
      ]
    ],
    "level": 3
  },
  {
    "kind": "Equals",
    "len": 1,
    "content": "=",
    "position": [
      [
        54,
        16
      ],
      [
        54,
        17
      ]
    ],
    "level": 3
  },
  {
    "kind": "ContentBlock",
    "len": 238,
    "content": "\n                ### {{recipe.name}}\n\n                ![{{recipe.name}}]({{recipe.pictures.1}})\n\n                - {{recipe.kindOfMeal}}\n                - {{recipe.countryOfOrigin}}\n                - {{recipe.restrictions}}\n            ",
    "position": [
      [
        54,
        18
      ],
      [
        62,
        9
      ]
    ],
    "level": 3
  },
  {
    "kind": "Exclamation",
    "len": 1,
    "content": "!",
    "position": [
      [
        63,
        12
      ],
      [
        63,
        13
      ]
    ],
    "level": 4
  },
  {
    "kind": {
      "Identifier": "options"
    },
    "len": 7,
    "content": "options",
    "position": [
      [
        63,
        13
      ],
      [
        63,
        20
      ]
    ],
    "level": 4
  },
  {
    "kind": "Colon",
    "len": 1,
    "content": ":",
    "position": [
      [
        63,
        20
      ],
      [
        63,
        21
      ]
    ],
    "level": 4
  },
  {
    "kind": "OpenCurlyBrace",
    "len": 1,
    "content": "{",
    "position": [
      [
        64,
        16
      ],
      [
        64,
        17
      ]
    ],
    "level": 5
  },
  {
    "kind": {
      "Int": 1
    },
    "len": 1,
    "content": "1",
    "position": [
      [
        64,
        17
      ],
      [
        64,
        18
      ]
    ],
    "level": 5
  },
  {
    "kind": "Colon",
    "len": 1,
    "content": ":",
    "position": [
      [
        64,
        18
      ],
      [
        64,
        19
      ]
    ],
    "level": 5
  },
  {
    "kind": "OpenCurlyBrace",
    "len": 1,
    "content": "{",
    "position": [
      [
        64,
        19
      ],
      [
        64,
        20
      ]
    ],
    "level": 5
  },
  {
    "kind": "Exclamation",
    "len": 1,
    "content": "!",
    "position": [
      [
        65,
        20
      ],
      [
        65,
        21
      ]
    ],
    "level": 6
  },
  {
    "kind": {
      "Identifier": "if"
    },
    "len": 2,
    "content": "if",
    "position": [
      [
        65,
        21
      ],
      [
        65,
        23
      ]
    ],
    "level": 6
  },
  {
    "kind": "Colon",
    "len": 1,
    "content": ":",
    "position": [
      [
        65,
        23
      ],
      [
        65,
        24
      ]
    ],
    "level": 6
  },
  {
    "kind": {
      "Identifier": "search"
    },
    "len": 6,
    "content": "search",
    "position": [
      [
        65,
        25
      ],
      [
        65,
        31
      ]
    ],
    "level": 6
  },
  {
    "kind": "Exclamation",
    "len": 1,
    "content": "!",
    "position": [
      [
        66,
        24
      ],
      [
        66,
        25
      ]
    ],
    "level": 7
  },
  {
    "kind": {
      "Identifier": "includes"
    },
    "len": 8,
    "content": "includes",
    "position": [
      [
        66,
        25
      ],
      [
        66,
        33
      ]
    ],
    "level": 7
  },
  {
    "kind": "Colon",
    "len": 1,
    "content": ":",
    "position": [
      [
        66,
        33
      ],
      [
        66,
        34
      ]
    ],
    "level": 7
  },
  {
    "kind": {
      "Identifier": "recipe"
    },
    "len": 6,
    "content": "recipe",
    "position": [
      [
        66,
        35
      ],
      [
        66,
        41
      ]
    ],
    "level": 7
  },
  {
    "kind": "Dot",
    "len": 1,
    "content": ".",
    "position": [
      [
        66,
        41
      ],
      [
        66,
        42
      ]
    ],
    "level": 7
  },
  {
    "kind": {
      "Identifier": "name"
    },
    "len": 4,
    "content": "name",
    "position": [
      [
        66,
        42
      ],
      [
        66,
        46
      ]
    ],
    "level": 7
  },
  {
    "kind": "Colon",
    "len": 1,
    "content": ":",
    "position": [
      [
        66,
        47
      ],
      [
        66,
        48
      ]
    ],
    "level": 7
  },
  {
    "kind": {
      "Identifier": "search"
    },
    "len": 6,
    "content": "search",
    "position": [
      [
        66,
        49
      ],
      [
        66,
        55
      ]
    ],
    "level": 7
  },
  {
    "kind": "Exclamation",
    "len": 1,
    "content": "!",
    "position": [
      [
        67,
        20
      ],
      [
        67,
        21
      ]
    ],
    "level": 6
  },
  {
    "kind": {
      "Identifier": "if"
    },
    "len": 2,
    "content": "if",
    "position": [
      [
        67,
        21
      ],
      [
        67,
        23
      ]
    ],
    "level": 6
  },
  {
    "kind": "Colon",
    "len": 1,
    "content": ":",
    "position": [
      [
        67,
        23
      ],
      [
        67,
        24
      ]
    ],
    "level": 6
  },
  {
    "kind": {
      "Identifier": "mealTypeFilter"
    },
    "len": 14,
    "content": "mealTypeFilter",
    "position": [
      [
        67,
        25
      ],
      [
        67,
        39
      ]
    ],
    "level": 6
  },
  {
    "kind": "Exclamation",
    "len": 1,
    "content": "!",
    "position": [
      [
        68,
        24
      ],
      [
        68,
        25
      ]
    ],
    "level": 7
  },
  {
    "kind": {
      "Identifier": "includes"
    },
    "len": 8,
    "content": "includes",
    "position": [
      [
        68,
        25
      ],
      [
        68,
        33
      ]
    ],
    "level": 7
  },
  {
    "kind": "Colon",
    "len": 1,
    "content": ":",
    "position": [
      [
        68,
        33
      ],
      [
        68,
        34
      ]
    ],
    "level": 7
  },
  {
    "kind": {
      "Identifier": "mealTypeFilter"
    },
    "len": 14,
    "content": "mealTypeFilter",
    "position": [
      [
        68,
        35
      ],
      [
        68,
        49
      ]
    ],
    "level": 7
  },
  {
    "kind": "Colon",
    "len": 1,
    "content": ":",
    "position": [
      [
        68,
        50
      ],
      [
        68,
        51
      ]
    ],
    "level": 7
  },
  {
    "kind": {
      "Identifier": "recipe"
    },
    "len": 6,
    "content": "recipe",
    "position": [
      [
        68,
        52
      ],
      [
        68,
        58
      ]
    ],
    "level": 7
  },
  {
    "kind": "Dot",
    "len": 1,
    "content": ".",
    "position": [
      [
        68,
        58
      ],
      [
        68,
        59
      ]
    ],
    "level": 7
  },
  {
    "kind": {
      "Identifier": "kindOfMeal"
    },
    "len": 10,
    "content": "kindOfMeal",
    "position": [
      [
        68,
        59
      ],
      [
        68,
        69
      ]
    ],
    "level": 7
  },
  {
    "kind": "Exclamation",
    "len": 1,
    "content": "!",
    "position": [
      [
        69,
        20
      ],
      [
        69,
        21
      ]
    ],
    "level": 6
  },
  {
    "kind": {
      "Identifier": "if"
    },
    "len": 2,
    "content": "if",
    "position": [
      [
        69,
        21
      ],
      [
        69,
        23
      ]
    ],
    "level": 6
  },
  {
    "kind": "Colon",
    "len": 1,
    "content": ":",
    "position": [
      [
        69,
        23
      ],
      [
        69,
        24
      ]
    ],
    "level": 6
  },
  {
    "kind": {
      "Identifier": "countryFilter"
    },
    "len": 13,
    "content": "countryFilter",
    "position": [
      [
        69,
        25
      ],
      [
        69,
        38
      ]
    ],
    "level": 6
  },
  {
    "kind": "Exclamation",
    "len": 1,
    "content": "!",
    "position": [
      [
        70,
        24
      ],
      [
        70,
        25
      ]
    ],
    "level": 7
  },
  {
    "kind": {
      "Identifier": "includes"
    },
    "len": 8,
    "content": "includes",
    "position": [
      [
        70,
        25
      ],
      [
        70,
        33
      ]
    ],
    "level": 7
  },
  {
    "kind": "Colon",
    "len": 1,
    "content": ":",
    "position": [
      [
        70,
        33
      ],
      [
        70,
        34
      ]
    ],
    "level": 7
  },
  {
    "kind": {
      "Identifier": "countryFilter"
    },
    "len": 13,
    "content": "countryFilter",
    "position": [
      [
        70,
        35
      ],
      [
        70,
        48
      ]
    ],
    "level": 7
  },
  {
    "kind": "Colon",
    "len": 1,
    "content": ":",
    "position": [
      [
        70,
        49
      ],
      [
        70,
        50
      ]
    ],
    "level": 7
  },
  {
    "kind": {
      "Identifier": "recipe"
    },
    "len": 6,
    "content": "recipe",
    "position": [
      [
        70,
        51
      ],
      [
        70,
        57
      ]
    ],
    "level": 7
  },
  {
    "kind": "Dot",
    "len": 1,
    "content": ".",
    "position": [
      [
        70,
        57
      ],
      [
        70,
        58
      ]
    ],
    "level": 7
  },
  {
    "kind": {
      "Identifier": "countryOfOrigin"
    },
    "len": 15,
    "content": "countryOfOrigin",
    "position": [
      [
        70,
        58
      ],
      [
        70,
        73
      ]
    ],
    "level": 7
  },
  {
    "kind": "Exclamation",
    "len": 1,
    "content": "!",
    "position": [
      [
        71,
        20
      ],
      [
        71,
        21
      ]
    ],
    "level": 6
  },
  {
    "kind": {
      "Identifier": "if"
    },
    "len": 2,
    "content": "if",
    "position": [
      [
        71,
        21
      ],
      [
        71,
        23
      ]
    ],
    "level": 6
  },
  {
    "kind": "Colon",
    "len": 1,
    "content": ":",
    "position": [
      [
        71,
        23
      ],
      [
        71,
        24
      ]
    ],
    "level": 6
  },
  {
    "kind": {
      "Identifier": "restrictionFilter"
    },
    "len": 17,
    "content": "restrictionFilter",
    "position": [
      [
        71,
        25
      ],
      [
        71,
        42
      ]
    ],
    "level": 6
  },
  {
    "kind": "Exclamation",
    "len": 1,
    "content": "!",
    "position": [
      [
        72,
        24
      ],
      [
        72,
        25
      ]
    ],
    "level": 7
  },
  {
    "kind": {
      "Identifier": "includes"
    },
    "len": 8,
    "content": "includes",
    "position": [
      [
        72,
        25
      ],
      [
        72,
        33
      ]
    ],
    "level": 7
  },
  {
    "kind": "Colon",
    "len": 1,
    "content": ":",
    "position": [
      [
        72,
        33
      ],
      [
        72,
        34
      ]
    ],
    "level": 7
  },
  {
    "kind": {
      "Identifier": "recipe"
    },
    "len": 6,
    "content": "recipe",
    "position": [
      [
        72,
        35
      ],
      [
        72,
        41
      ]
    ],
    "level": 7
  },
  {
    "kind": "Dot",
    "len": 1,
    "content": ".",
    "position": [
      [
        72,
        41
      ],
      [
        72,
        42
      ]
    ],
    "level": 7
  },
  {
    "kind": {
      "Identifier": "restrictions"
    },
    "len": 12,
    "content": "restrictions",
    "position": [
      [
        72,
        42
      ],
      [
        72,
        54
      ]
    ],
    "level": 7
  },
  {
    "kind": "Colon",
    "len": 1,
    "content": ":",
    "position": [
      [
        72,
        55
      ],
      [
        72,
        56
      ]
    ],
    "level": 7
  },
  {
    "kind": {
      "Identifier": "restrictionFilter"
    },
    "len": 17,
    "content": "restrictionFilter",
    "position": [
      [
        72,
        57
      ],
      [
        72,
        74
      ]
    ],
    "level": 7
  },
  {
    "kind": "CloseCurlyBrace",
    "len": 1,
    "content": "}",
    "position": [
      [
        73,
        16
      ],
      [
        73,
        17
      ]
    ],
    "level": 5
  },
  {
    "kind": "CloseCurlyBrace",
    "len": 1,
    "content": "}",
    "position": [
      [
        73,
        17
      ],
      [
        73,
        18
      ]
    ],
    "level": 5
  },
  {
    "kind": {
      "Identifier": "recipe"
    },
    "len": 6,
    "content": "recipe",
    "position": [
      [
        73,
        19
      ],
      [
        73,
        25
      ]
    ],
    "level": 5
  },
  {
    "kind": "Exclamation",
    "len": 1,
    "content": "!",
    "position": [
      [
        74,
        12
      ],
      [
        74,
        13
      ]
    ],
    "level": 4
  },
  {
    "kind": {
      "Identifier": "select"
    },
    "len": 6,
    "content": "select",
    "position": [
      [
        74,
        13
      ],
      [
        74,
        19
      ]
    ],
    "level": 4
  },
  {
    "kind": "Colon",
    "len": 1,
    "content": ":",
    "position": [
      [
        74,
        19
      ],
      [
        74,
        20
      ]
    ],
    "level": 4
  },
  {
    "kind": {
      "Identifier": "single"
    },
    "len": 6,
    "content": "single",
    "position": [
      [
        74,
        20
      ],
      [
        74,
        26
      ]
    ],
    "level": 4
  },
  {
    "kind": "Exclamation",
    "len": 1,
    "content": "!",
    "position": [
      [
        75,
        0
      ],
      [
        75,
        1
      ]
    ],
    "level": 1
  },
  {
    "kind": {
      "Identifier": "case"
    },
    "len": 4,
    "content": "case",
    "position": [
      [
        75,
        1
      ],
      [
        75,
        5
      ]
    ],
    "level": 1
  },
  {
    "kind": "Colon",
    "len": 1,
    "content": ":",
    "position": [
      [
        75,
        5
      ],
      [
        75,
        6
      ]
    ],
    "level": 1
  },
  {
    "kind": {
      "Identifier": "userItems"
    },
    "len": 9,
    "content": "userItems",
    "position": [
      [
        75,
        6
      ],
      [
        75,
        15
      ]
    ],
    "level": 1
  },
  {
    "kind": "Dot",
    "len": 1,
    "content": ".",
    "position": [
      [
        75,
        15
      ],
      [
        75,
        16
      ]
    ],
    "level": 1
  },
  {
    "kind": {
      "Identifier": "addRecipe"
    },
    "len": 9,
    "content": "addRecipe",
    "position": [
      [
        75,
        16
      ],
      [
        75,
        25
      ]
    ],
    "level": 1
  },
  {
    "kind": "At",
    "len": 1,
    "content": "@",
    "position": [
      [
        76,
        4
      ],
      [
        76,
        5
      ]
    ],
    "level": 2
  },
  {
    "kind": {
      "Identifier": "recipe"
    },
    "len": 6,
    "content": "recipe",
    "position": [
      [
        76,
        5
      ],
      [
        76,
        11
      ]
    ],
    "level": 2
  },
  {
    "kind": "Exclamation",
    "len": 1,
    "content": "!",
    "position": [
      [
        77,
        0
      ],
      [
        77,
        1
      ]
    ],
    "level": 1
  },
  {
    "kind": {
      "Identifier": "case"
    },
    "len": 4,
    "content": "case",
    "position": [
      [
        77,
        1
      ],
      [
        77,
        5
      ]
    ],
    "level": 1
  },
  {
    "kind": "Colon",
    "len": 1,
    "content": ":",
    "position": [
      [
        77,
        5
      ],
      [
        77,
        6
      ]
    ],
    "level": 1
  },
  {
    "kind": {
      "Identifier": "userItems"
    },
    "len": 9,
    "content": "userItems",
    "position": [
      [
        77,
        6
      ],
      [
        77,
        15
      ]
    ],
    "level": 1
  },
  {
    "kind": "Dot",
    "len": 1,
    "content": ".",
    "position": [
      [
        77,
        15
      ],
      [
        77,
        16
      ]
    ],
    "level": 1
  },
  {
    "kind": {
      "Identifier": "myAccount"
    },
    "len": 9,
    "content": "myAccount",
    "position": [
      [
        77,
        16
      ],
      [
        77,
        25
      ]
    ],
    "level": 1
  },
  {
    "kind": "At",
    "len": 1,
    "content": "@",
    "position": [
      [
        78,
        4
      ],
      [
        78,
        5
      ]
    ],
    "level": 2
  },
  {
    "kind": {
      "Identifier": "basic"
    },
    "len": 5,
    "content": "basic",
    "position": [
      [
        78,
        5
      ],
      [
        78,
        10
      ]
    ],
    "level": 2
  },
  {
    "kind": "Dot",
    "len": 1,
    "content": ".",
    "position": [
      [
        78,
        10
      ],
      [
        78,
        11
      ]
    ],
    "level": 2
  },
  {
    "kind": {
      "Identifier": "user"
    },
    "len": 4,
    "content": "user",
    "position": [
      [
        78,
        11
      ],
      [
        78,
        15
      ]
    ],
    "level": 2
  },
  {
    "kind": "Minus",
    "len": 1,
    "content": "-",
    "position": [
      [
        78,
        15
      ],
      [
        78,
        16
      ]
    ],
    "level": 2
  },
  {
    "kind": {
      "Identifier": "account"
    },
    "len": 7,
    "content": "account",
    "position": [
      [
        78,
        16
      ],
      [
        78,
        23
      ]
    ],
    "level": 2
  },
  {
    "kind": "Exclamation",
    "len": 1,
    "content": "!",
    "position": [
      [
        79,
        0
      ],
      [
        79,
        1
      ]
    ],
    "level": 1
  },
  {
    "kind": {
      "Identifier": "case"
    },
    "len": 4,
    "content": "case",
    "position": [
      [
        79,
        1
      ],
      [
        79,
        5
      ]
    ],
    "level": 1
  },
  {
    "kind": "Colon",
    "len": 1,
    "content": ":",
    "position": [
      [
        79,
        5
      ],
      [
        79,
        6
      ]
    ],
    "level": 1
  },
  {
    "kind": {
      "Identifier": "selectedRecipe"
    },
    "len": 14,
    "content": "selectedRecipe",
    "position": [
      [
        79,
        6
      ],
      [
        79,
        20
      ]
    ],
    "level": 1
  },
  {
    "kind": "ContentBlock",
    "len": 50,
    "content": "\n            ## {{selectedRecipe.name}}\n        ",
    "position": [
      [
        80,
        4
      ],
      [
        82,
        5
      ]
    ],
    "level": 2
  },
  {
    "kind": "Coma",
    "len": 1,
    "content": ",",
    "position": [
      [
        82,
        5
      ],
      [
        82,
        6
      ]
    ],
    "level": 2
  },
  {
    "kind": "ContentBlock",
    "len": 71,
    "content": "\n            ![{{selectedRecipe.name}}]({{selectedPicture}})\n        ",
    "position": [
      [
        83,
        4
      ],
      [
        85,
        5
      ]
    ],
    "level": 2
  },
  {
    "kind": "Coma",
    "len": 1,
    "content": ",",
    "position": [
      [
        85,
        5
      ],
      [
        85,
        6
      ]
    ],
    "level": 2
  },
  {
    "kind": {
      "Identifier": "selectedPicture"
    },
    "len": 15,
    "content": "selectedPicture",
    "position": [
      [
        86,
        4
      ],
      [
        86,
        19
      ]
    ],
    "level": 2
  },
  {
    "kind": "Greater",
    "len": 1,
    "content": ">",
    "position": [
      [
        86,
        20
      ],
      [
        86,
        21
      ]
    ],
    "level": 2
  },
  {
    "kind": "Coma",
    "len": 1,
    "content": ",",
    "position": [
      [
        86,
        21
      ],
      [
        86,
        22
      ]
    ],
    "level": 2
  },
  {
    "kind": "Exclamation",
    "len": 1,
    "content": "!",
    "position": [
      [
        87,
        8
      ],
      [
        87,
        9
      ]
    ],
    "level": 3
  },
  {
    "kind": {
      "Identifier": "select"
    },
    "len": 6,
    "content": "select",
    "position": [
      [
        87,
        9
      ],
      [
        87,
        15
      ]
    ],
    "level": 3
  },
  {
    "kind": "Colon",
    "len": 1,
    "content": ":",
    "position": [
      [
        87,
        15
      ],
      [
        87,
        16
      ]
    ],
    "level": 3
  },
  {
    "kind": {
      "Identifier": "single"
    },
    "len": 6,
    "content": "single",
    "position": [
      [
        87,
        16
      ],
      [
        87,
        22
      ]
    ],
    "level": 3
  },
  {
    "kind": "Exclamation",
    "len": 1,
    "content": "!",
    "position": [
      [
        88,
        8
      ],
      [
        88,
        9
      ]
    ],
    "level": 3
  },
  {
    "kind": {
      "Identifier": "options"
    },
    "len": 7,
    "content": "options",
    "position": [
      [
        88,
        9
      ],
      [
        88,
        16
      ]
    ],
    "level": 3
  },
  {
    "kind": "Colon",
    "len": 1,
    "content": ":",
    "position": [
      [
        88,
        16
      ],
      [
        88,
        17
      ]
    ],
    "level": 3
  },
  {
    "kind": {
      "Identifier": "selectedRecipe"
    },
    "len": 14,
    "content": "selectedRecipe",
    "position": [
      [
        88,
        17
      ],
      [
        88,
        31
      ]
    ],
    "level": 3
  },
  {
    "kind": "Dot",
    "len": 1,
    "content": ".",
    "position": [
      [
        88,
        31
      ],
      [
        88,
        32
      ]
    ],
    "level": 3
  },
  {
    "kind": {
      "Identifier": "pictures"
    },
    "len": 8,
    "content": "pictures",
    "position": [
      [
        88,
        32
      ],
      [
        88,
        40
      ]
    ],
    "level": 3
  },
  {
    "kind": "ContentBlock",
    "len": 269,
    "content": "\n            ### {{selectedRecipe.kindOfMeal}} | {{selectedRecipe.countryOfOrigin}}\n\n            {{\n                restriction ..selectedRecipe.restrictions\n                    `\n                        - {{restriction}}\n                    `\n            }}\n        ",
    "position": [
      [
        89,
        4
      ],
      [
        98,
        5
      ]
    ],
    "level": 2
  },
  {
    "kind": "Coma",
    "len": 1,
    "content": ",",
    "position": [
      [
        98,
        5
      ],
      [
        98,
        6
      ]
    ],
    "level": 2
  },
  {
    "kind": "OpenParentheses",
    "len": 1,
    "content": "(",
    "position": [
      [
        99,
        4
      ],
      [
        99,
        5
      ]
    ],
    "level": 2
  },
  {
    "kind": {
      "Identifier": "step"
    },
    "len": 4,
    "content": "step",
    "position": [
      [
        99,
        5
      ],
      [
        99,
        9
      ]
    ],
    "level": 2
  },
  {
    "kind": "Coma",
    "len": 1,
    "content": ",",
    "position": [
      [
        99,
        9
      ],
      [
        99,
        10
      ]
    ],
    "level": 2
  },
  {
    "kind": {
      "Identifier": "index"
    },
    "len": 5,
    "content": "index",
    "position": [
      [
        99,
        11
      ],
      [
        99,
        16
      ]
    ],
    "level": 2
  },
  {
    "kind": "CloseParentheses",
    "len": 1,
    "content": ")",
    "position": [
      [
        99,
        16
      ],
      [
        99,
        17
      ]
    ],
    "level": 2
  },
  {
    "kind": "Dot",
    "len": 1,
    "content": ".",
    "position": [
      [
        99,
        18
      ],
      [
        99,
        19
      ]
    ],
    "level": 2
  },
  {
    "kind": "Dot",
    "len": 1,
    "content": ".",
    "position": [
      [
        99,
        19
      ],
      [
        99,
        20
      ]
    ],
    "level": 2
  },
  {
    "kind": {
      "Identifier": "selectedRecipe"
    },
    "len": 14,
    "content": "selectedRecipe",
    "position": [
      [
        99,
        20
      ],
      [
        99,
        34
      ]
    ],
    "level": 2
  },
  {
    "kind": "Dot",
    "len": 1,
    "content": ".",
    "position": [
      [
        99,
        34
      ],
      [
        99,
        35
      ]
    ],
    "level": 2
  },
  {
    "kind": {
      "Identifier": "preparationSteps"
    },
    "len": 16,
    "content": "preparationSteps",
    "position": [
      [
        99,
        35
      ],
      [
        99,
        51
      ]
    ],
    "level": 2
  },
  {
    "kind": "Coma",
    "len": 1,
    "content": ",",
    "position": [
      [
        99,
        51
      ],
      [
        99,
        52
      ]
    ],
    "level": 2
  },
  {
    "kind": "ContentBlock",
    "len": 147,
    "content": "\n                #### {{index + 1}}\n\n                ![{{step.description}}]({{step.picture}})\n\n                {{step.description}}\n            ",
    "position": [
      [
        100,
        8
      ],
      [
        106,
        9
      ]
    ],
    "level": 3
  },
  {
    "kind": "Exclamation",
    "len": 1,
    "content": "!",
    "position": [
      [
        107,
        4
      ],
      [
        107,
        5
      ]
    ],
    "level": 2
  },
  {
    "kind": {
      "Identifier": "if"
    },
    "len": 2,
    "content": "if",
    "position": [
      [
        107,
        5
      ],
      [
        107,
        7
      ]
    ],
    "level": 2
  },
  {
    "kind": "Colon",
    "len": 1,
    "content": ":",
    "position": [
      [
        107,
        7
      ],
      [
        107,
        8
      ]
    ],
    "level": 2
  },
  {
    "kind": {
      "Identifier": "user"
    },
    "len": 4,
    "content": "user",
    "position": [
      [
        107,
        9
      ],
      [
        107,
        13
      ]
    ],
    "level": 2
  },
  {
    "kind": "OpenCurlyBrace",
    "len": 1,
    "content": "{",
    "position": [
      [
        108,
        8
      ],
      [
        108,
        9
      ]
    ],
    "level": 3
  },
  {
    "kind": {
      "Identifier": "N"
    },
    "len": 1,
    "content": "N",
    "position": [
      [
        108,
        9
      ],
      [
        108,
        10
      ]
    ],
    "level": 3
  },
  {
    "kind": "Colon",
    "len": 1,
    "content": ":",
    "position": [
      [
        108,
        10
      ],
      [
        108,
        11
      ]
    ],
    "level": 3
  },
  {
    "kind": {
      "Int": 1
    },
    "len": 1,
    "content": "1",
    "position": [
      [
        108,
        11
      ],
      [
        108,
        12
      ]
    ],
    "level": 3
  },
  {
    "kind": "CloseCurlyBrace",
    "len": 1,
    "content": "}",
    "position": [
      [
        108,
        12
      ],
      [
        108,
        13
      ]
    ],
    "level": 3
  },
  {
    "kind": {
      "Identifier": "recipe"
    },
    "len": 6,
    "content": "recipe",
    "position": [
      [
        109,
        8
      ],
      [
        109,
        14
      ]
    ],
    "level": 3
  },
  {
    "kind": {
      "Identifier": "rating"
    },
    "len": 6,
    "content": "rating",
    "position": [
      [
        110,
        12
      ],
      [
        110,
        18
      ]
    ],
    "level": 4
  },
  {
    "kind": "Greater",
    "len": 1,
    "content": ">",
    "position": [
      [
        110,
        19
      ],
      [
        110,
        20
      ]
    ],
    "level": 4
  },
  {
    "kind": "Exclamation",
    "len": 1,
    "content": "!",
    "position": [
      [
        111,
        16
      ],
      [
        111,
        17
      ]
    ],
    "level": 5
  },
  {
    "kind": {
      "Identifier": "select"
    },
    "len": 6,
    "content": "select",
    "position": [
      [
        111,
        17
      ],
      [
        111,
        23
      ]
    ],
    "level": 5
  },
  {
    "kind": "Colon",
    "len": 1,
    "content": ":",
    "position": [
      [
        111,
        23
      ],
      [
        111,
        24
      ]
    ],
    "level": 5
  },
  {
    "kind": {
      "Identifier": "single"
    },
    "len": 6,
    "content": "single",
    "position": [
      [
        111,
        24
      ],
      [
        111,
        30
      ]
    ],
    "level": 5
  },
  {
    "kind": "Exclamation",
    "len": 1,
    "content": "!",
    "position": [
      [
        112,
        16
      ],
      [
        112,
        17
      ]
    ],
    "level": 5
  },
  {
    "kind": {
      "Identifier": "options"
    },
    "len": 7,
    "content": "options",
    "position": [
      [
        112,
        17
      ],
      [
        112,
        24
      ]
    ],
    "level": 5
  },
  {
    "kind": "Colon",
    "len": 1,
    "content": ":",
    "position": [
      [
        112,
        24
      ],
      [
        112,
        25
      ]
    ],
    "level": 5
  },
  {
    "kind": {
      "Int": 1
    },
    "len": 1,
    "content": "1",
    "position": [
      [
        112,
        25
      ],
      [
        112,
        26
      ]
    ],
    "level": 5
  },
  {
    "kind": "Dot",
    "len": 1,
    "content": ".",
    "position": [
      [
        112,
        27
      ],
      [
        112,
        28
      ]
    ],
    "level": 5
  },
  {
    "kind": "Dot",
    "len": 1,
    "content": ".",
    "position": [
      [
        112,
        28
      ],
      [
        112,
        29
      ]
    ],
    "level": 5
  },
  {
    "kind": {
      "Int": 6
    },
    "len": 1,
    "content": "6",
    "position": [
      [
        112,
        30
      ],
      [
        112,
        31
      ]
    ],
    "level": 5
  },
  {
    "kind": {
      "Identifier": "votesCount"
    },
    "len": 10,
    "content": "votesCount",
    "position": [
      [
        113,
        12
      ],
      [
        113,
        22
      ]
    ],
    "level": 4
  },
  {
    "kind": "Plus",
    "len": 1,
    "content": "+",
    "position": [
      [
        114,
        16
      ],
      [
        114,
        17
      ]
    ],
    "level": 5
  },
  {
    "kind": "Equals",
    "len": 1,
    "content": "=",
    "position": [
      [
        114,
        17
      ],
      [
        114,
        18
      ]
    ],
    "level": 5
  },
  {
    "kind": {
      "Int": 1
    },
    "len": 1,
    "content": "1",
    "position": [
      [
        114,
        19
      ],
      [
        114,
        20
      ]
    ],
    "level": 5
  }
]
