---
source: src/lib/ra_tree_parser/src/tests.rs
expression: tree
---
{
  "tokens": [],
  "level": 0,
  "position": [
    [
      0,
      0
    ],
    [
      57,
      6
    ]
  ],
  "children": [
    {
      "tokens": [
        {
          "kind": "Colon",
          "position": [
            [
              1,
              1
            ],
            [
              1,
              2
            ]
          ],
          "level": 1
        },
        {
          "kind": {
            "Identifier": "navigationItems"
          },
          "position": [
            [
              1,
              2
            ],
            [
              1,
              17
            ]
          ],
          "level": 1
        }
      ],
      "level": 1,
      "position": [
        [
          1,
          1
        ],
        [
          22,
          10
        ]
      ],
      "children": [
        {
          "tokens": [
            {
              "kind": {
                "Identifier": "meals"
              },
              "position": [
                [
                  2,
                  5
                ],
                [
                  2,
                  10
                ]
              ],
              "level": 2
            }
          ],
          "level": 2,
          "position": [
            [
              2,
              5
            ],
            [
              8,
              10
            ]
          ],
          "children": [
            {
              "tokens": [
                {
                  "kind": "HashPound",
                  "position": [
                    [
                      3,
                      9
                    ],
                    [
                      3,
                      10
                    ]
                  ],
                  "level": 3
                },
                {
                  "kind": {
                    "Identifier": "ln"
                  },
                  "position": [
                    [
                      3,
                      10
                    ],
                    [
                      3,
                      12
                    ]
                  ],
                  "level": 3
                },
                {
                  "kind": "Colon",
                  "position": [
                    [
                      3,
                      12
                    ],
                    [
                      3,
                      13
                    ]
                  ],
                  "level": 3
                },
                {
                  "kind": {
                    "Identifier": "en"
                  },
                  "position": [
                    [
                      3,
                      13
                    ],
                    [
                      3,
                      15
                    ]
                  ],
                  "level": 3
                },
                {
                  "kind": {
                    "ContentBlock": "Meals"
                  },
                  "position": [
                    [
                      3,
                      15
                    ],
                    [
                      5,
                      10
                    ]
                  ],
                  "level": 3
                }
              ],
              "level": 3,
              "position": [
                [
                  3,
                  9
                ],
                [
                  5,
                  10
                ]
              ],
              "children": []
            },
            {
              "tokens": [
                {
                  "kind": "HashPound",
                  "position": [
                    [
                      6,
                      9
                    ],
                    [
                      6,
                      10
                    ]
                  ],
                  "level": 3
                },
                {
                  "kind": {
                    "Identifier": "ln"
                  },
                  "position": [
                    [
                      6,
                      10
                    ],
                    [
                      6,
                      12
                    ]
                  ],
                  "level": 3
                },
                {
                  "kind": "Colon",
                  "position": [
                    [
                      6,
                      12
                    ],
                    [
                      6,
                      13
                    ]
                  ],
                  "level": 3
                },
                {
                  "kind": {
                    "Identifier": "ru"
                  },
                  "position": [
                    [
                      6,
                      13
                    ],
                    [
                      6,
                      15
                    ]
                  ],
                  "level": 3
                },
                {
                  "kind": {
                    "ContentBlock": "Блюда"
                  },
                  "position": [
                    [
                      6,
                      15
                    ],
                    [
                      8,
                      10
                    ]
                  ],
                  "level": 3
                }
              ],
              "level": 3,
              "position": [
                [
                  6,
                  9
                ],
                [
                  8,
                  10
                ]
              ],
              "children": []
            }
          ]
        },
        {
          "tokens": [
            {
              "kind": {
                "Identifier": "countries"
              },
              "position": [
                [
                  9,
                  5
                ],
                [
                  9,
                  14
                ]
              ],
              "level": 2
            }
          ],
          "level": 2,
          "position": [
            [
              9,
              5
            ],
            [
              15,
              10
            ]
          ],
          "children": [
            {
              "tokens": [
                {
                  "kind": "HashPound",
                  "position": [
                    [
                      10,
                      9
                    ],
                    [
                      10,
                      10
                    ]
                  ],
                  "level": 3
                },
                {
                  "kind": {
                    "Identifier": "ln"
                  },
                  "position": [
                    [
                      10,
                      10
                    ],
                    [
                      10,
                      12
                    ]
                  ],
                  "level": 3
                },
                {
                  "kind": "Colon",
                  "position": [
                    [
                      10,
                      12
                    ],
                    [
                      10,
                      13
                    ]
                  ],
                  "level": 3
                },
                {
                  "kind": {
                    "Identifier": "en"
                  },
                  "position": [
                    [
                      10,
                      13
                    ],
                    [
                      10,
                      15
                    ]
                  ],
                  "level": 3
                },
                {
                  "kind": {
                    "ContentBlock": "Countries"
                  },
                  "position": [
                    [
                      10,
                      15
                    ],
                    [
                      12,
                      10
                    ]
                  ],
                  "level": 3
                }
              ],
              "level": 3,
              "position": [
                [
                  10,
                  9
                ],
                [
                  12,
                  10
                ]
              ],
              "children": []
            },
            {
              "tokens": [
                {
                  "kind": "HashPound",
                  "position": [
                    [
                      13,
                      9
                    ],
                    [
                      13,
                      10
                    ]
                  ],
                  "level": 3
                },
                {
                  "kind": {
                    "Identifier": "ln"
                  },
                  "position": [
                    [
                      13,
                      10
                    ],
                    [
                      13,
                      12
                    ]
                  ],
                  "level": 3
                },
                {
                  "kind": "Colon",
                  "position": [
                    [
                      13,
                      12
                    ],
                    [
                      13,
                      13
                    ]
                  ],
                  "level": 3
                },
                {
                  "kind": {
                    "Identifier": "ru"
                  },
                  "position": [
                    [
                      13,
                      13
                    ],
                    [
                      13,
                      15
                    ]
                  ],
                  "level": 3
                },
                {
                  "kind": {
                    "ContentBlock": "Национальные кухни"
                  },
                  "position": [
                    [
                      13,
                      15
                    ],
                    [
                      15,
                      10
                    ]
                  ],
                  "level": 3
                }
              ],
              "level": 3,
              "position": [
                [
                  13,
                  9
                ],
                [
                  15,
                  10
                ]
              ],
              "children": []
            }
          ]
        },
        {
          "tokens": [
            {
              "kind": {
                "Identifier": "restrictions"
              },
              "position": [
                [
                  16,
                  5
                ],
                [
                  16,
                  17
                ]
              ],
              "level": 2
            }
          ],
          "level": 2,
          "position": [
            [
              16,
              5
            ],
            [
              22,
              10
            ]
          ],
          "children": [
            {
              "tokens": [
                {
                  "kind": "HashPound",
                  "position": [
                    [
                      17,
                      9
                    ],
                    [
                      17,
                      10
                    ]
                  ],
                  "level": 3
                },
                {
                  "kind": {
                    "Identifier": "ln"
                  },
                  "position": [
                    [
                      17,
                      10
                    ],
                    [
                      17,
                      12
                    ]
                  ],
                  "level": 3
                },
                {
                  "kind": "Colon",
                  "position": [
                    [
                      17,
                      12
                    ],
                    [
                      17,
                      13
                    ]
                  ],
                  "level": 3
                },
                {
                  "kind": {
                    "Identifier": "ru"
                  },
                  "position": [
                    [
                      17,
                      13
                    ],
                    [
                      17,
                      15
                    ]
                  ],
                  "level": 3
                },
                {
                  "kind": {
                    "ContentBlock": "Preferences"
                  },
                  "position": [
                    [
                      17,
                      15
                    ],
                    [
                      19,
                      10
                    ]
                  ],
                  "level": 3
                }
              ],
              "level": 3,
              "position": [
                [
                  17,
                  9
                ],
                [
                  19,
                  10
                ]
              ],
              "children": []
            },
            {
              "tokens": [
                {
                  "kind": "HashPound",
                  "position": [
                    [
                      20,
                      9
                    ],
                    [
                      20,
                      10
                    ]
                  ],
                  "level": 3
                },
                {
                  "kind": {
                    "Identifier": "ln"
                  },
                  "position": [
                    [
                      20,
                      10
                    ],
                    [
                      20,
                      12
                    ]
                  ],
                  "level": 3
                },
                {
                  "kind": "Colon",
                  "position": [
                    [
                      20,
                      12
                    ],
                    [
                      20,
                      13
                    ]
                  ],
                  "level": 3
                },
                {
                  "kind": {
                    "Identifier": "ru"
                  },
                  "position": [
                    [
                      20,
                      13
                    ],
                    [
                      20,
                      15
                    ]
                  ],
                  "level": 3
                },
                {
                  "kind": {
                    "ContentBlock": "Предпочтения"
                  },
                  "position": [
                    [
                      20,
                      15
                    ],
                    [
                      22,
                      10
                    ]
                  ],
                  "level": 3
                }
              ],
              "level": 3,
              "position": [
                [
                  20,
                  9
                ],
                [
                  22,
                  10
                ]
              ],
              "children": []
            }
          ]
        }
      ]
    },
    {
      "tokens": [
        {
          "kind": "Colon",
          "position": [
            [
              24,
              1
            ],
            [
              24,
              2
            ]
          ],
          "level": 1
        },
        {
          "kind": {
            "Identifier": "userItems"
          },
          "position": [
            [
              24,
              2
            ],
            [
              24,
              11
            ]
          ],
          "level": 1
        }
      ],
      "level": 1,
      "position": [
        [
          24,
          1
        ],
        [
          41,
          10
        ]
      ],
      "children": [
        {
          "tokens": [
            {
              "kind": {
                "Identifier": "addRecipe"
              },
              "position": [
                [
                  25,
                  5
                ],
                [
                  25,
                  14
                ]
              ],
              "level": 2
            }
          ],
          "level": 2,
          "position": [
            [
              25,
              5
            ],
            [
              34,
              10
            ]
          ],
          "children": [
            {
              "tokens": [
                {
                  "kind": "HashPound",
                  "position": [
                    [
                      26,
                      9
                    ],
                    [
                      26,
                      10
                    ]
                  ],
                  "level": 3
                },
                {
                  "kind": {
                    "Identifier": "kind"
                  },
                  "position": [
                    [
                      26,
                      10
                    ],
                    [
                      26,
                      14
                    ]
                  ],
                  "level": 3
                },
                {
                  "kind": "Colon",
                  "position": [
                    [
                      26,
                      14
                    ],
                    [
                      26,
                      15
                    ]
                  ],
                  "level": 3
                },
                {
                  "kind": {
                    "Identifier": "image"
                  },
                  "position": [
                    [
                      26,
                      15
                    ],
                    [
                      26,
                      20
                    ]
                  ],
                  "level": 3
                },
                {
                  "kind": {
                    "ContentBlock": "http://path.to.image"
                  },
                  "position": [
                    [
                      26,
                      20
                    ],
                    [
                      28,
                      10
                    ]
                  ],
                  "level": 3
                }
              ],
              "level": 3,
              "position": [
                [
                  26,
                  9
                ],
                [
                  28,
                  10
                ]
              ],
              "children": []
            },
            {
              "tokens": [
                {
                  "kind": "Coma",
                  "position": [
                    [
                      28,
                      10
                    ],
                    [
                      28,
                      11
                    ]
                  ],
                  "level": 3
                }
              ],
              "level": 3,
              "position": [
                [
                  28,
                  10
                ],
                [
                  28,
                  11
                ]
              ],
              "children": []
            },
            {
              "tokens": [
                {
                  "kind": "HashPound",
                  "position": [
                    [
                      29,
                      9
                    ],
                    [
                      29,
                      10
                    ]
                  ],
                  "level": 3
                },
                {
                  "kind": {
                    "Identifier": "ln"
                  },
                  "position": [
                    [
                      29,
                      10
                    ],
                    [
                      29,
                      12
                    ]
                  ],
                  "level": 3
                },
                {
                  "kind": "Colon",
                  "position": [
                    [
                      29,
                      12
                    ],
                    [
                      29,
                      13
                    ]
                  ],
                  "level": 3
                },
                {
                  "kind": {
                    "Identifier": "en"
                  },
                  "position": [
                    [
                      29,
                      13
                    ],
                    [
                      29,
                      15
                    ]
                  ],
                  "level": 3
                },
                {
                  "kind": {
                    "ContentBlock": "Add recipe"
                  },
                  "position": [
                    [
                      29,
                      15
                    ],
                    [
                      31,
                      10
                    ]
                  ],
                  "level": 3
                }
              ],
              "level": 3,
              "position": [
                [
                  29,
                  9
                ],
                [
                  31,
                  10
                ]
              ],
              "children": []
            },
            {
              "tokens": [
                {
                  "kind": "HashPound",
                  "position": [
                    [
                      32,
                      9
                    ],
                    [
                      32,
                      10
                    ]
                  ],
                  "level": 3
                },
                {
                  "kind": {
                    "Identifier": "ln"
                  },
                  "position": [
                    [
                      32,
                      10
                    ],
                    [
                      32,
                      12
                    ]
                  ],
                  "level": 3
                },
                {
                  "kind": "Colon",
                  "position": [
                    [
                      32,
                      12
                    ],
                    [
                      32,
                      13
                    ]
                  ],
                  "level": 3
                },
                {
                  "kind": {
                    "Identifier": "ru"
                  },
                  "position": [
                    [
                      32,
                      13
                    ],
                    [
                      32,
                      15
                    ]
                  ],
                  "level": 3
                },
                {
                  "kind": {
                    "ContentBlock": "Добавить рецепт"
                  },
                  "position": [
                    [
                      32,
                      15
                    ],
                    [
                      34,
                      10
                    ]
                  ],
                  "level": 3
                }
              ],
              "level": 3,
              "position": [
                [
                  32,
                  9
                ],
                [
                  34,
                  10
                ]
              ],
              "children": []
            }
          ]
        },
        {
          "tokens": [
            {
              "kind": {
                "Identifier": "myAccount"
              },
              "position": [
                [
                  35,
                  5
                ],
                [
                  35,
                  14
                ]
              ],
              "level": 2
            }
          ],
          "level": 2,
          "position": [
            [
              35,
              5
            ],
            [
              41,
              10
            ]
          ],
          "children": [
            {
              "tokens": [
                {
                  "kind": "HashPound",
                  "position": [
                    [
                      36,
                      9
                    ],
                    [
                      36,
                      10
                    ]
                  ],
                  "level": 3
                },
                {
                  "kind": {
                    "Identifier": "ln"
                  },
                  "position": [
                    [
                      36,
                      10
                    ],
                    [
                      36,
                      12
                    ]
                  ],
                  "level": 3
                },
                {
                  "kind": "Colon",
                  "position": [
                    [
                      36,
                      12
                    ],
                    [
                      36,
                      13
                    ]
                  ],
                  "level": 3
                },
                {
                  "kind": {
                    "Identifier": "en"
                  },
                  "position": [
                    [
                      36,
                      13
                    ],
                    [
                      36,
                      15
                    ]
                  ],
                  "level": 3
                },
                {
                  "kind": {
                    "ContentBlock": "My account"
                  },
                  "position": [
                    [
                      36,
                      15
                    ],
                    [
                      38,
                      10
                    ]
                  ],
                  "level": 3
                }
              ],
              "level": 3,
              "position": [
                [
                  36,
                  9
                ],
                [
                  38,
                  10
                ]
              ],
              "children": []
            },
            {
              "tokens": [
                {
                  "kind": "HashPound",
                  "position": [
                    [
                      39,
                      9
                    ],
                    [
                      39,
                      10
                    ]
                  ],
                  "level": 3
                },
                {
                  "kind": {
                    "Identifier": "ln"
                  },
                  "position": [
                    [
                      39,
                      10
                    ],
                    [
                      39,
                      12
                    ]
                  ],
                  "level": 3
                },
                {
                  "kind": "Colon",
                  "position": [
                    [
                      39,
                      12
                    ],
                    [
                      39,
                      13
                    ]
                  ],
                  "level": 3
                },
                {
                  "kind": {
                    "Identifier": "ru"
                  },
                  "position": [
                    [
                      39,
                      13
                    ],
                    [
                      39,
                      15
                    ]
                  ],
                  "level": 3
                },
                {
                  "kind": {
                    "ContentBlock": "Мой аккаунт"
                  },
                  "position": [
                    [
                      39,
                      15
                    ],
                    [
                      41,
                      10
                    ]
                  ],
                  "level": 3
                }
              ],
              "level": 3,
              "position": [
                [
                  39,
                  9
                ],
                [
                  41,
                  10
                ]
              ],
              "children": []
            }
          ]
        }
      ]
    },
    {
      "tokens": [
        {
          "kind": "Colon",
          "position": [
            [
              43,
              1
            ],
            [
              43,
              2
            ]
          ],
          "level": 1
        },
        {
          "kind": {
            "Identifier": "searchPlaceholder"
          },
          "position": [
            [
              43,
              2
            ],
            [
              43,
              19
            ]
          ],
          "level": 1
        }
      ],
      "level": 1,
      "position": [
        [
          43,
          1
        ],
        [
          49,
          6
        ]
      ],
      "children": [
        {
          "tokens": [
            {
              "kind": "HashPound",
              "position": [
                [
                  44,
                  5
                ],
                [
                  44,
                  6
                ]
              ],
              "level": 2
            },
            {
              "kind": {
                "Identifier": "ln"
              },
              "position": [
                [
                  44,
                  6
                ],
                [
                  44,
                  8
                ]
              ],
              "level": 2
            },
            {
              "kind": "Colon",
              "position": [
                [
                  44,
                  8
                ],
                [
                  44,
                  9
                ]
              ],
              "level": 2
            },
            {
              "kind": {
                "Identifier": "en"
              },
              "position": [
                [
                  44,
                  9
                ],
                [
                  44,
                  11
                ]
              ],
              "level": 2
            },
            {
              "kind": {
                "ContentBlock": "Find a recipe"
              },
              "position": [
                [
                  44,
                  11
                ],
                [
                  46,
                  6
                ]
              ],
              "level": 2
            }
          ],
          "level": 2,
          "position": [
            [
              44,
              5
            ],
            [
              46,
              6
            ]
          ],
          "children": []
        },
        {
          "tokens": [
            {
              "kind": "HashPound",
              "position": [
                [
                  47,
                  5
                ],
                [
                  47,
                  6
                ]
              ],
              "level": 2
            },
            {
              "kind": {
                "Identifier": "ln"
              },
              "position": [
                [
                  47,
                  6
                ],
                [
                  47,
                  8
                ]
              ],
              "level": 2
            },
            {
              "kind": "Colon",
              "position": [
                [
                  47,
                  8
                ],
                [
                  47,
                  9
                ]
              ],
              "level": 2
            },
            {
              "kind": {
                "Identifier": "ru"
              },
              "position": [
                [
                  47,
                  9
                ],
                [
                  47,
                  11
                ]
              ],
              "level": 2
            },
            {
              "kind": {
                "ContentBlock": "Найти рецепт"
              },
              "position": [
                [
                  47,
                  11
                ],
                [
                  49,
                  6
                ]
              ],
              "level": 2
            }
          ],
          "level": 2,
          "position": [
            [
              47,
              5
            ],
            [
              49,
              6
            ]
          ],
          "children": []
        }
      ]
    },
    {
      "tokens": [
        {
          "kind": "Colon",
          "position": [
            [
              51,
              1
            ],
            [
              51,
              2
            ]
          ],
          "level": 1
        },
        {
          "kind": {
            "Identifier": "pictureLabel"
          },
          "position": [
            [
              51,
              2
            ],
            [
              51,
              14
            ]
          ],
          "level": 1
        }
      ],
      "level": 1,
      "position": [
        [
          51,
          1
        ],
        [
          57,
          6
        ]
      ],
      "children": [
        {
          "tokens": [
            {
              "kind": "HashPound",
              "position": [
                [
                  52,
                  5
                ],
                [
                  52,
                  6
                ]
              ],
              "level": 2
            },
            {
              "kind": {
                "Identifier": "ln"
              },
              "position": [
                [
                  52,
                  6
                ],
                [
                  52,
                  8
                ]
              ],
              "level": 2
            },
            {
              "kind": "Colon",
              "position": [
                [
                  52,
                  8
                ],
                [
                  52,
                  9
                ]
              ],
              "level": 2
            },
            {
              "kind": {
                "Identifier": "en"
              },
              "position": [
                [
                  52,
                  9
                ],
                [
                  52,
                  11
                ]
              ],
              "level": 2
            },
            {
              "kind": {
                "ContentBlock": "Picture"
              },
              "position": [
                [
                  52,
                  11
                ],
                [
                  54,
                  6
                ]
              ],
              "level": 2
            }
          ],
          "level": 2,
          "position": [
            [
              52,
              5
            ],
            [
              54,
              6
            ]
          ],
          "children": []
        },
        {
          "tokens": [
            {
              "kind": "HashPound",
              "position": [
                [
                  55,
                  5
                ],
                [
                  55,
                  6
                ]
              ],
              "level": 2
            },
            {
              "kind": {
                "Identifier": "ln"
              },
              "position": [
                [
                  55,
                  6
                ],
                [
                  55,
                  8
                ]
              ],
              "level": 2
            },
            {
              "kind": "Colon",
              "position": [
                [
                  55,
                  8
                ],
                [
                  55,
                  9
                ]
              ],
              "level": 2
            },
            {
              "kind": {
                "Identifier": "ru"
              },
              "position": [
                [
                  55,
                  9
                ],
                [
                  55,
                  11
                ]
              ],
              "level": 2
            },
            {
              "kind": {
                "ContentBlock": "Картинка"
              },
              "position": [
                [
                  55,
                  11
                ],
                [
                  57,
                  6
                ]
              ],
              "level": 2
            }
          ],
          "level": 2,
          "position": [
            [
              55,
              5
            ],
            [
              57,
              6
            ]
          ],
          "children": []
        }
      ]
    }
  ]
}
