---
source: src/lib/ra_tree_parser/src/tests.rs
expression: tree
---
{
  "tokens": [],
  "level": 0,
  "position": [
    [
      0,
      0
    ],
    [
      64,
      36
    ]
  ],
  "children": [
    {
      "tokens": [
        {
          "kind": "OpenCurlyBrace",
          "len": 1,
          "content": "{",
          "position": [
            [
              2,
              0
            ],
            [
              2,
              1
            ]
          ],
          "level": 1
        },
        {
          "kind": {
            "Int": 1
          },
          "len": 1,
          "content": "1",
          "position": [
            [
              2,
              1
            ],
            [
              2,
              2
            ]
          ],
          "level": 1
        },
        {
          "kind": "Colon",
          "len": 1,
          "content": ":",
          "position": [
            [
              2,
              2
            ],
            [
              2,
              3
            ]
          ],
          "level": 1
        },
        {
          "kind": "OpenCurlyBrace",
          "len": 1,
          "content": "{",
          "position": [
            [
              2,
              3
            ],
            [
              2,
              4
            ]
          ],
          "level": 1
        }
      ],
      "level": 1,
      "position": [
        [
          2,
          0
        ],
        [
          2,
          4
        ]
      ],
      "children": []
    },
    {
      "tokens": [
        {
          "kind": {
            "Identifier": "recipe"
          },
          "len": 6,
          "content": "recipe",
          "position": [
            [
              3,
              0
            ],
            [
              3,
              6
            ]
          ],
          "level": 1
        },
        {
          "kind": "Dot",
          "len": 1,
          "content": ".",
          "position": [
            [
              3,
              6
            ],
            [
              3,
              7
            ]
          ],
          "level": 1
        },
        {
          "kind": {
            "Identifier": "publisher"
          },
          "len": 9,
          "content": "publisher",
          "position": [
            [
              3,
              7
            ],
            [
              3,
              16
            ]
          ],
          "level": 1
        },
        {
          "kind": "Equals",
          "len": 1,
          "content": "=",
          "position": [
            [
              3,
              17
            ],
            [
              3,
              18
            ]
          ],
          "level": 1
        },
        {
          "kind": "Equals",
          "len": 1,
          "content": "=",
          "position": [
            [
              3,
              18
            ],
            [
              3,
              19
            ]
          ],
          "level": 1
        },
        {
          "kind": {
            "Identifier": "user"
          },
          "len": 4,
          "content": "user",
          "position": [
            [
              3,
              20
            ],
            [
              3,
              24
            ]
          ],
          "level": 1
        }
      ],
      "level": 1,
      "position": [
        [
          3,
          0
        ],
        [
          3,
          24
        ]
      ],
      "children": []
    },
    {
      "tokens": [
        {
          "kind": "CloseCurlyBrace",
          "len": 1,
          "content": "}",
          "position": [
            [
              4,
              0
            ],
            [
              4,
              1
            ]
          ],
          "level": 1
        },
        {
          "kind": "CloseCurlyBrace",
          "len": 1,
          "content": "}",
          "position": [
            [
              4,
              1
            ],
            [
              4,
              2
            ]
          ],
          "level": 1
        }
      ],
      "level": 1,
      "position": [
        [
          4,
          0
        ],
        [
          4,
          2
        ]
      ],
      "children": []
    },
    {
      "tokens": [
        {
          "kind": {
            "Identifier": "recipe"
          },
          "len": 6,
          "content": "recipe",
          "position": [
            [
              6,
              0
            ],
            [
              6,
              6
            ]
          ],
          "level": 1
        }
      ],
      "level": 1,
      "position": [
        [
          6,
          0
        ],
        [
          6,
          6
        ]
      ],
      "children": []
    },
    {
      "tokens": [
        {
          "kind": {
            "Identifier": "publisher"
          },
          "len": 9,
          "content": "publisher",
          "position": [
            [
              7,
              0
            ],
            [
              7,
              9
            ]
          ],
          "level": 1
        }
      ],
      "level": 1,
      "position": [
        [
          7,
          0
        ],
        [
          8,
          8
        ]
      ],
      "children": [
        {
          "tokens": [
            {
              "kind": {
                "Identifier": "user"
              },
              "len": 4,
              "content": "user",
              "position": [
                [
                  8,
                  4
                ],
                [
                  8,
                  8
                ]
              ],
              "level": 2
            }
          ],
          "level": 2,
          "position": [
            [
              8,
              4
            ],
            [
              8,
              8
            ]
          ],
          "children": []
        }
      ]
    },
    {
      "tokens": [
        {
          "kind": {
            "Identifier": "name"
          },
          "len": 4,
          "content": "name",
          "position": [
            [
              9,
              0
            ],
            [
              9,
              4
            ]
          ],
          "level": 1
        }
      ],
      "level": 1,
      "position": [
        [
          9,
          0
        ],
        [
          13,
          23
        ]
      ],
      "children": [
        {
          "tokens": [
            {
              "kind": "Greater",
              "len": 1,
              "content": ">",
              "position": [
                [
                  10,
                  4
                ],
                [
                  10,
                  5
                ]
              ],
              "level": 2
            },
            {
              "kind": "Colon",
              "len": 1,
              "content": ":",
              "position": [
                [
                  10,
                  6
                ],
                [
                  10,
                  7
                ]
              ],
              "level": 2
            },
            {
              "kind": {
                "Identifier": "placeholder"
              },
              "len": 11,
              "content": "placeholder",
              "position": [
                [
                  10,
                  7
                ],
                [
                  10,
                  18
                ]
              ],
              "level": 2
            },
            {
              "kind": "Equals",
              "len": 1,
              "content": "=",
              "position": [
                [
                  10,
                  18
                ],
                [
                  10,
                  19
                ]
              ],
              "level": 2
            },
            {
              "kind": "ContentBlock",
              "len": 6,
              "content": "Name",
              "position": [
                [
                  10,
                  19
                ],
                [
                  10,
                  25
                ]
              ],
              "level": 2
            }
          ],
          "level": 2,
          "position": [
            [
              10,
              4
            ],
            [
              13,
              23
            ]
          ],
          "children": [
            {
              "tokens": [
                {
                  "kind": "Exclamation",
                  "len": 1,
                  "content": "!",
                  "position": [
                    [
                      11,
                      8
                    ],
                    [
                      11,
                      9
                    ]
                  ],
                  "level": 3
                },
                {
                  "kind": {
                    "Identifier": "required"
                  },
                  "len": 8,
                  "content": "required",
                  "position": [
                    [
                      11,
                      9
                    ],
                    [
                      11,
                      17
                    ]
                  ],
                  "level": 3
                }
              ],
              "level": 3,
              "position": [
                [
                  11,
                  8
                ],
                [
                  11,
                  17
                ]
              ],
              "children": []
            },
            {
              "tokens": [
                {
                  "kind": "Exclamation",
                  "len": 1,
                  "content": "!",
                  "position": [
                    [
                      12,
                      8
                    ],
                    [
                      12,
                      9
                    ]
                  ],
                  "level": 3
                },
                {
                  "kind": {
                    "Identifier": "text"
                  },
                  "len": 4,
                  "content": "text",
                  "position": [
                    [
                      12,
                      9
                    ],
                    [
                      12,
                      13
                    ]
                  ],
                  "level": 3
                }
              ],
              "level": 3,
              "position": [
                [
                  12,
                  8
                ],
                [
                  12,
                  13
                ]
              ],
              "children": []
            },
            {
              "tokens": [
                {
                  "kind": "Exclamation",
                  "len": 1,
                  "content": "!",
                  "position": [
                    [
                      13,
                      8
                    ],
                    [
                      13,
                      9
                    ]
                  ],
                  "level": 3
                },
                {
                  "kind": {
                    "Identifier": "maxLength"
                  },
                  "len": 9,
                  "content": "maxLength",
                  "position": [
                    [
                      13,
                      9
                    ],
                    [
                      13,
                      18
                    ]
                  ],
                  "level": 3
                },
                {
                  "kind": "Colon",
                  "len": 1,
                  "content": ":",
                  "position": [
                    [
                      13,
                      18
                    ],
                    [
                      13,
                      19
                    ]
                  ],
                  "level": 3
                },
                {
                  "kind": "Equals",
                  "len": 1,
                  "content": "=",
                  "position": [
                    [
                      13,
                      19
                    ],
                    [
                      13,
                      20
                    ]
                  ],
                  "level": 3
                },
                {
                  "kind": {
                    "Int": 100
                  },
                  "len": 3,
                  "content": "100",
                  "position": [
                    [
                      13,
                      20
                    ],
                    [
                      13,
                      23
                    ]
                  ],
                  "level": 3
                }
              ],
              "level": 3,
              "position": [
                [
                  13,
                  8
                ],
                [
                  13,
                  23
                ]
              ],
              "children": []
            }
          ]
        }
      ]
    },
    {
      "tokens": [
        {
          "kind": {
            "Identifier": "pictures"
          },
          "len": 8,
          "content": "pictures",
          "position": [
            [
              14,
              0
            ],
            [
              14,
              8
            ]
          ],
          "level": 1
        }
      ],
      "level": 1,
      "position": [
        [
          14,
          0
        ],
        [
          17,
          20
        ]
      ],
      "children": [
        {
          "tokens": [
            {
              "kind": "Plus",
              "len": 1,
              "content": "+",
              "position": [
                [
                  15,
                  4
                ],
                [
                  15,
                  5
                ]
              ],
              "level": 2
            },
            {
              "kind": "Greater",
              "len": 1,
              "content": ">",
              "position": [
                [
                  15,
                  5
                ],
                [
                  15,
                  6
                ]
              ],
              "level": 2
            },
            {
              "kind": "Colon",
              "len": 1,
              "content": ":",
              "position": [
                [
                  15,
                  7
                ],
                [
                  15,
                  8
                ]
              ],
              "level": 2
            },
            {
              "kind": {
                "Identifier": "placeholder"
              },
              "len": 11,
              "content": "placeholder",
              "position": [
                [
                  15,
                  8
                ],
                [
                  15,
                  19
                ]
              ],
              "level": 2
            },
            {
              "kind": "Equals",
              "len": 1,
              "content": "=",
              "position": [
                [
                  15,
                  19
                ],
                [
                  15,
                  20
                ]
              ],
              "level": 2
            },
            {
              "kind": "At",
              "len": 1,
              "content": "@",
              "position": [
                [
                  15,
                  20
                ],
                [
                  15,
                  21
                ]
              ],
              "level": 2
            },
            {
              "kind": {
                "Identifier": "resources"
              },
              "len": 9,
              "content": "resources",
              "position": [
                [
                  15,
                  21
                ],
                [
                  15,
                  30
                ]
              ],
              "level": 2
            },
            {
              "kind": "Dot",
              "len": 1,
              "content": ".",
              "position": [
                [
                  15,
                  30
                ],
                [
                  15,
                  31
                ]
              ],
              "level": 2
            },
            {
              "kind": {
                "Identifier": "pictureLabel"
              },
              "len": 12,
              "content": "pictureLabel",
              "position": [
                [
                  15,
                  31
                ],
                [
                  15,
                  43
                ]
              ],
              "level": 2
            }
          ],
          "level": 2,
          "position": [
            [
              15,
              4
            ],
            [
              17,
              20
            ]
          ],
          "children": [
            {
              "tokens": [
                {
                  "kind": "Exclamation",
                  "len": 1,
                  "content": "!",
                  "position": [
                    [
                      16,
                      8
                    ],
                    [
                      16,
                      9
                    ]
                  ],
                  "level": 3
                },
                {
                  "kind": {
                    "Identifier": "file"
                  },
                  "len": 4,
                  "content": "file",
                  "position": [
                    [
                      16,
                      9
                    ],
                    [
                      16,
                      13
                    ]
                  ],
                  "level": 3
                },
                {
                  "kind": "Colon",
                  "len": 1,
                  "content": ":",
                  "position": [
                    [
                      16,
                      13
                    ],
                    [
                      16,
                      14
                    ]
                  ],
                  "level": 3
                },
                {
                  "kind": {
                    "Identifier": "type"
                  },
                  "len": 4,
                  "content": "type",
                  "position": [
                    [
                      16,
                      14
                    ],
                    [
                      16,
                      18
                    ]
                  ],
                  "level": 3
                },
                {
                  "kind": "Equals",
                  "len": 1,
                  "content": "=",
                  "position": [
                    [
                      16,
                      18
                    ],
                    [
                      16,
                      19
                    ]
                  ],
                  "level": 3
                },
                {
                  "kind": {
                    "Identifier": "image"
                  },
                  "len": 5,
                  "content": "image",
                  "position": [
                    [
                      16,
                      19
                    ],
                    [
                      16,
                      24
                    ]
                  ],
                  "level": 3
                }
              ],
              "level": 3,
              "position": [
                [
                  16,
                  8
                ],
                [
                  16,
                  24
                ]
              ],
              "children": []
            },
            {
              "tokens": [
                {
                  "kind": "Exclamation",
                  "len": 1,
                  "content": "!",
                  "position": [
                    [
                      17,
                      8
                    ],
                    [
                      17,
                      9
                    ]
                  ],
                  "level": 3
                },
                {
                  "kind": {
                    "Identifier": "minCount"
                  },
                  "len": 8,
                  "content": "minCount",
                  "position": [
                    [
                      17,
                      9
                    ],
                    [
                      17,
                      17
                    ]
                  ],
                  "level": 3
                },
                {
                  "kind": "Colon",
                  "len": 1,
                  "content": ":",
                  "position": [
                    [
                      17,
                      17
                    ],
                    [
                      17,
                      18
                    ]
                  ],
                  "level": 3
                },
                {
                  "kind": "Equals",
                  "len": 1,
                  "content": "=",
                  "position": [
                    [
                      17,
                      18
                    ],
                    [
                      17,
                      19
                    ]
                  ],
                  "level": 3
                },
                {
                  "kind": {
                    "Int": 1
                  },
                  "len": 1,
                  "content": "1",
                  "position": [
                    [
                      17,
                      19
                    ],
                    [
                      17,
                      20
                    ]
                  ],
                  "level": 3
                }
              ],
              "level": 3,
              "position": [
                [
                  17,
                  8
                ],
                [
                  17,
                  20
                ]
              ],
              "children": []
            }
          ]
        }
      ]
    },
    {
      "tokens": [
        {
          "kind": {
            "Identifier": "ingredients"
          },
          "len": 11,
          "content": "ingredients",
          "position": [
            [
              18,
              0
            ],
            [
              18,
              11
            ]
          ],
          "level": 1
        }
      ],
      "level": 1,
      "position": [
        [
          18,
          0
        ],
        [
          30,
          35
        ]
      ],
      "children": [
        {
          "tokens": [
            {
              "kind": "Plus",
              "len": 1,
              "content": "+",
              "position": [
                [
                  19,
                  4
                ],
                [
                  19,
                  5
                ]
              ],
              "level": 2
            },
            {
              "kind": "Greater",
              "len": 1,
              "content": ">",
              "position": [
                [
                  19,
                  5
                ],
                [
                  19,
                  6
                ]
              ],
              "level": 2
            }
          ],
          "level": 2,
          "position": [
            [
              19,
              4
            ],
            [
              30,
              35
            ]
          ],
          "children": [
            {
              "tokens": [
                {
                  "kind": {
                    "Identifier": "ingredient"
                  },
                  "len": 10,
                  "content": "ingredient",
                  "position": [
                    [
                      20,
                      8
                    ],
                    [
                      20,
                      18
                    ]
                  ],
                  "level": 3
                }
              ],
              "level": 3,
              "position": [
                [
                  20,
                  8
                ],
                [
                  30,
                  35
                ]
              ],
              "children": [
                {
                  "tokens": [
                    {
                      "kind": {
                        "Identifier": "name"
                      },
                      "len": 4,
                      "content": "name",
                      "position": [
                        [
                          21,
                          12
                        ],
                        [
                          21,
                          16
                        ]
                      ],
                      "level": 4
                    }
                  ],
                  "level": 4,
                  "position": [
                    [
                      21,
                      12
                    ],
                    [
                      23,
                      25
                    ]
                  ],
                  "children": [
                    {
                      "tokens": [
                        {
                          "kind": "Greater",
                          "len": 1,
                          "content": ">",
                          "position": [
                            [
                              22,
                              16
                            ],
                            [
                              22,
                              17
                            ]
                          ],
                          "level": 5
                        }
                      ],
                      "level": 5,
                      "position": [
                        [
                          22,
                          16
                        ],
                        [
                          23,
                          25
                        ]
                      ],
                      "children": [
                        {
                          "tokens": [
                            {
                              "kind": "Exclamation",
                              "len": 1,
                              "content": "!",
                              "position": [
                                [
                                  23,
                                  20
                                ],
                                [
                                  23,
                                  21
                                ]
                              ],
                              "level": 6
                            },
                            {
                              "kind": {
                                "Identifier": "text"
                              },
                              "len": 4,
                              "content": "text",
                              "position": [
                                [
                                  23,
                                  21
                                ],
                                [
                                  23,
                                  25
                                ]
                              ],
                              "level": 6
                            }
                          ],
                          "level": 6,
                          "position": [
                            [
                              23,
                              20
                            ],
                            [
                              23,
                              25
                            ]
                          ],
                          "children": []
                        }
                      ]
                    }
                  ]
                },
                {
                  "tokens": [
                    {
                      "kind": {
                        "Identifier": "amount"
                      },
                      "len": 6,
                      "content": "amount",
                      "position": [
                        [
                          24,
                          12
                        ],
                        [
                          24,
                          18
                        ]
                      ],
                      "level": 4
                    }
                  ],
                  "level": 4,
                  "position": [
                    [
                      24,
                      12
                    ],
                    [
                      26,
                      27
                    ]
                  ],
                  "children": [
                    {
                      "tokens": [
                        {
                          "kind": "Greater",
                          "len": 1,
                          "content": ">",
                          "position": [
                            [
                              25,
                              16
                            ],
                            [
                              25,
                              17
                            ]
                          ],
                          "level": 5
                        }
                      ],
                      "level": 5,
                      "position": [
                        [
                          25,
                          16
                        ],
                        [
                          26,
                          27
                        ]
                      ],
                      "children": [
                        {
                          "tokens": [
                            {
                              "kind": "Exclamation",
                              "len": 1,
                              "content": "!",
                              "position": [
                                [
                                  26,
                                  20
                                ],
                                [
                                  26,
                                  21
                                ]
                              ],
                              "level": 6
                            },
                            {
                              "kind": {
                                "Identifier": "number"
                              },
                              "len": 6,
                              "content": "number",
                              "position": [
                                [
                                  26,
                                  21
                                ],
                                [
                                  26,
                                  27
                                ]
                              ],
                              "level": 6
                            }
                          ],
                          "level": 6,
                          "position": [
                            [
                              26,
                              20
                            ],
                            [
                              26,
                              27
                            ]
                          ],
                          "children": []
                        }
                      ]
                    }
                  ]
                },
                {
                  "tokens": [
                    {
                      "kind": {
                        "Identifier": "unit"
                      },
                      "len": 4,
                      "content": "unit",
                      "position": [
                        [
                          27,
                          12
                        ],
                        [
                          27,
                          16
                        ]
                      ],
                      "level": 4
                    }
                  ],
                  "level": 4,
                  "position": [
                    [
                      27,
                      12
                    ],
                    [
                      30,
                      35
                    ]
                  ],
                  "children": [
                    {
                      "tokens": [
                        {
                          "kind": "Greater",
                          "len": 1,
                          "content": ">",
                          "position": [
                            [
                              28,
                              16
                            ],
                            [
                              28,
                              17
                            ]
                          ],
                          "level": 5
                        }
                      ],
                      "level": 5,
                      "position": [
                        [
                          28,
                          16
                        ],
                        [
                          30,
                          35
                        ]
                      ],
                      "children": [
                        {
                          "tokens": [
                            {
                              "kind": "Exclamation",
                              "len": 1,
                              "content": "!",
                              "position": [
                                [
                                  29,
                                  20
                                ],
                                [
                                  29,
                                  21
                                ]
                              ],
                              "level": 6
                            },
                            {
                              "kind": {
                                "Identifier": "text"
                              },
                              "len": 4,
                              "content": "text",
                              "position": [
                                [
                                  29,
                                  21
                                ],
                                [
                                  29,
                                  25
                                ]
                              ],
                              "level": 6
                            }
                          ],
                          "level": 6,
                          "position": [
                            [
                              29,
                              20
                            ],
                            [
                              29,
                              25
                            ]
                          ],
                          "children": []
                        },
                        {
                          "tokens": [
                            {
                              "kind": "Exclamation",
                              "len": 1,
                              "content": "!",
                              "position": [
                                [
                                  30,
                                  20
                                ],
                                [
                                  30,
                                  21
                                ]
                              ],
                              "level": 6
                            },
                            {
                              "kind": {
                                "Identifier": "maxLength"
                              },
                              "len": 9,
                              "content": "maxLength",
                              "position": [
                                [
                                  30,
                                  21
                                ],
                                [
                                  30,
                                  30
                                ]
                              ],
                              "level": 6
                            },
                            {
                              "kind": "Colon",
                              "len": 1,
                              "content": ":",
                              "position": [
                                [
                                  30,
                                  30
                                ],
                                [
                                  30,
                                  31
                                ]
                              ],
                              "level": 6
                            },
                            {
                              "kind": "Equals",
                              "len": 1,
                              "content": "=",
                              "position": [
                                [
                                  30,
                                  31
                                ],
                                [
                                  30,
                                  32
                                ]
                              ],
                              "level": 6
                            },
                            {
                              "kind": {
                                "Int": 100
                              },
                              "len": 3,
                              "content": "100",
                              "position": [
                                [
                                  30,
                                  32
                                ],
                                [
                                  30,
                                  35
                                ]
                              ],
                              "level": 6
                            }
                          ],
                          "level": 6,
                          "position": [
                            [
                              30,
                              20
                            ],
                            [
                              30,
                              35
                            ]
                          ],
                          "children": []
                        }
                      ]
                    }
                  ]
                }
              ]
            }
          ]
        }
      ]
    },
    {
      "tokens": [
        {
          "kind": {
            "Identifier": "tools"
          },
          "len": 5,
          "content": "tools",
          "position": [
            [
              31,
              0
            ],
            [
              31,
              5
            ]
          ],
          "level": 1
        }
      ],
      "level": 1,
      "position": [
        [
          31,
          0
        ],
        [
          33,
          13
        ]
      ],
      "children": [
        {
          "tokens": [
            {
              "kind": "Plus",
              "len": 1,
              "content": "+",
              "position": [
                [
                  32,
                  4
                ],
                [
                  32,
                  5
                ]
              ],
              "level": 2
            },
            {
              "kind": "Greater",
              "len": 1,
              "content": ">",
              "position": [
                [
                  32,
                  5
                ],
                [
                  32,
                  6
                ]
              ],
              "level": 2
            }
          ],
          "level": 2,
          "position": [
            [
              32,
              4
            ],
            [
              33,
              13
            ]
          ],
          "children": [
            {
              "tokens": [
                {
                  "kind": "Exclamation",
                  "len": 1,
                  "content": "!",
                  "position": [
                    [
                      33,
                      8
                    ],
                    [
                      33,
                      9
                    ]
                  ],
                  "level": 3
                },
                {
                  "kind": {
                    "Identifier": "text"
                  },
                  "len": 4,
                  "content": "text",
                  "position": [
                    [
                      33,
                      9
                    ],
                    [
                      33,
                      13
                    ]
                  ],
                  "level": 3
                }
              ],
              "level": 3,
              "position": [
                [
                  33,
                  8
                ],
                [
                  33,
                  13
                ]
              ],
              "children": []
            }
          ]
        }
      ]
    },
    {
      "tokens": [
        {
          "kind": {
            "Identifier": "kindOfMeal"
          },
          "len": 10,
          "content": "kindOfMeal",
          "position": [
            [
              34,
              0
            ],
            [
              34,
              10
            ]
          ],
          "level": 1
        }
      ],
      "level": 1,
      "position": [
        [
          34,
          0
        ],
        [
          38,
          22
        ]
      ],
      "children": [
        {
          "tokens": [
            {
              "kind": "Greater",
              "len": 1,
              "content": ">",
              "position": [
                [
                  35,
                  4
                ],
                [
                  35,
                  5
                ]
              ],
              "level": 2
            }
          ],
          "level": 2,
          "position": [
            [
              35,
              4
            ],
            [
              38,
              22
            ]
          ],
          "children": [
            {
              "tokens": [
                {
                  "kind": "Exclamation",
                  "len": 1,
                  "content": "!",
                  "position": [
                    [
                      36,
                      8
                    ],
                    [
                      36,
                      9
                    ]
                  ],
                  "level": 3
                },
                {
                  "kind": {
                    "Identifier": "options"
                  },
                  "len": 7,
                  "content": "options",
                  "position": [
                    [
                      36,
                      9
                    ],
                    [
                      36,
                      16
                    ]
                  ],
                  "level": 3
                },
                {
                  "kind": "Colon",
                  "len": 1,
                  "content": ":",
                  "position": [
                    [
                      36,
                      16
                    ],
                    [
                      36,
                      17
                    ]
                  ],
                  "level": 3
                },
                {
                  "kind": "At",
                  "len": 1,
                  "content": "@",
                  "position": [
                    [
                      36,
                      17
                    ],
                    [
                      36,
                      18
                    ]
                  ],
                  "level": 3
                },
                {
                  "kind": {
                    "Identifier": "resources"
                  },
                  "len": 9,
                  "content": "resources",
                  "position": [
                    [
                      36,
                      18
                    ],
                    [
                      36,
                      27
                    ]
                  ],
                  "level": 3
                },
                {
                  "kind": "Dot",
                  "len": 1,
                  "content": ".",
                  "position": [
                    [
                      36,
                      27
                    ],
                    [
                      36,
                      28
                    ]
                  ],
                  "level": 3
                },
                {
                  "kind": {
                    "Identifier": "mealsTypes"
                  },
                  "len": 10,
                  "content": "mealsTypes",
                  "position": [
                    [
                      36,
                      28
                    ],
                    [
                      36,
                      38
                    ]
                  ],
                  "level": 3
                }
              ],
              "level": 3,
              "position": [
                [
                  36,
                  8
                ],
                [
                  36,
                  38
                ]
              ],
              "children": []
            },
            {
              "tokens": [
                {
                  "kind": "Exclamation",
                  "len": 1,
                  "content": "!",
                  "position": [
                    [
                      37,
                      8
                    ],
                    [
                      37,
                      9
                    ]
                  ],
                  "level": 3
                },
                {
                  "kind": {
                    "Identifier": "required"
                  },
                  "len": 8,
                  "content": "required",
                  "position": [
                    [
                      37,
                      9
                    ],
                    [
                      37,
                      17
                    ]
                  ],
                  "level": 3
                }
              ],
              "level": 3,
              "position": [
                [
                  37,
                  8
                ],
                [
                  37,
                  17
                ]
              ],
              "children": []
            },
            {
              "tokens": [
                {
                  "kind": "Exclamation",
                  "len": 1,
                  "content": "!",
                  "position": [
                    [
                      38,
                      8
                    ],
                    [
                      38,
                      9
                    ]
                  ],
                  "level": 3
                },
                {
                  "kind": {
                    "Identifier": "select"
                  },
                  "len": 6,
                  "content": "select",
                  "position": [
                    [
                      38,
                      9
                    ],
                    [
                      38,
                      15
                    ]
                  ],
                  "level": 3
                },
                {
                  "kind": "Colon",
                  "len": 1,
                  "content": ":",
                  "position": [
                    [
                      38,
                      15
                    ],
                    [
                      38,
                      16
                    ]
                  ],
                  "level": 3
                },
                {
                  "kind": {
                    "Identifier": "single"
                  },
                  "len": 6,
                  "content": "single",
                  "position": [
                    [
                      38,
                      16
                    ],
                    [
                      38,
                      22
                    ]
                  ],
                  "level": 3
                }
              ],
              "level": 3,
              "position": [
                [
                  38,
                  8
                ],
                [
                  38,
                  22
                ]
              ],
              "children": []
            }
          ]
        }
      ]
    },
    {
      "tokens": [
        {
          "kind": {
            "Identifier": "countryOfOrigin"
          },
          "len": 15,
          "content": "countryOfOrigin",
          "position": [
            [
              39,
              0
            ],
            [
              39,
              15
            ]
          ],
          "level": 1
        }
      ],
      "level": 1,
      "position": [
        [
          39,
          0
        ],
        [
          43,
          22
        ]
      ],
      "children": [
        {
          "tokens": [
            {
              "kind": "Greater",
              "len": 1,
              "content": ">",
              "position": [
                [
                  40,
                  4
                ],
                [
                  40,
                  5
                ]
              ],
              "level": 2
            }
          ],
          "level": 2,
          "position": [
            [
              40,
              4
            ],
            [
              43,
              22
            ]
          ],
          "children": [
            {
              "tokens": [
                {
                  "kind": "Exclamation",
                  "len": 1,
                  "content": "!",
                  "position": [
                    [
                      41,
                      8
                    ],
                    [
                      41,
                      9
                    ]
                  ],
                  "level": 3
                },
                {
                  "kind": {
                    "Identifier": "options"
                  },
                  "len": 7,
                  "content": "options",
                  "position": [
                    [
                      41,
                      9
                    ],
                    [
                      41,
                      16
                    ]
                  ],
                  "level": 3
                },
                {
                  "kind": "Colon",
                  "len": 1,
                  "content": ":",
                  "position": [
                    [
                      41,
                      16
                    ],
                    [
                      41,
                      17
                    ]
                  ],
                  "level": 3
                },
                {
                  "kind": "At",
                  "len": 1,
                  "content": "@",
                  "position": [
                    [
                      41,
                      17
                    ],
                    [
                      41,
                      18
                    ]
                  ],
                  "level": 3
                },
                {
                  "kind": {
                    "Identifier": "resources"
                  },
                  "len": 9,
                  "content": "resources",
                  "position": [
                    [
                      41,
                      18
                    ],
                    [
                      41,
                      27
                    ]
                  ],
                  "level": 3
                },
                {
                  "kind": "Dot",
                  "len": 1,
                  "content": ".",
                  "position": [
                    [
                      41,
                      27
                    ],
                    [
                      41,
                      28
                    ]
                  ],
                  "level": 3
                },
                {
                  "kind": {
                    "Identifier": "countries"
                  },
                  "len": 9,
                  "content": "countries",
                  "position": [
                    [
                      41,
                      28
                    ],
                    [
                      41,
                      37
                    ]
                  ],
                  "level": 3
                }
              ],
              "level": 3,
              "position": [
                [
                  41,
                  8
                ],
                [
                  41,
                  37
                ]
              ],
              "children": []
            },
            {
              "tokens": [
                {
                  "kind": "Exclamation",
                  "len": 1,
                  "content": "!",
                  "position": [
                    [
                      42,
                      8
                    ],
                    [
                      42,
                      9
                    ]
                  ],
                  "level": 3
                },
                {
                  "kind": {
                    "Identifier": "required"
                  },
                  "len": 8,
                  "content": "required",
                  "position": [
                    [
                      42,
                      9
                    ],
                    [
                      42,
                      17
                    ]
                  ],
                  "level": 3
                }
              ],
              "level": 3,
              "position": [
                [
                  42,
                  8
                ],
                [
                  42,
                  17
                ]
              ],
              "children": []
            },
            {
              "tokens": [
                {
                  "kind": "Exclamation",
                  "len": 1,
                  "content": "!",
                  "position": [
                    [
                      43,
                      8
                    ],
                    [
                      43,
                      9
                    ]
                  ],
                  "level": 3
                },
                {
                  "kind": {
                    "Identifier": "select"
                  },
                  "len": 6,
                  "content": "select",
                  "position": [
                    [
                      43,
                      9
                    ],
                    [
                      43,
                      15
                    ]
                  ],
                  "level": 3
                },
                {
                  "kind": "Colon",
                  "len": 1,
                  "content": ":",
                  "position": [
                    [
                      43,
                      15
                    ],
                    [
                      43,
                      16
                    ]
                  ],
                  "level": 3
                },
                {
                  "kind": {
                    "Identifier": "single"
                  },
                  "len": 6,
                  "content": "single",
                  "position": [
                    [
                      43,
                      16
                    ],
                    [
                      43,
                      22
                    ]
                  ],
                  "level": 3
                }
              ],
              "level": 3,
              "position": [
                [
                  43,
                  8
                ],
                [
                  43,
                  22
                ]
              ],
              "children": []
            }
          ]
        }
      ]
    },
    {
      "tokens": [
        {
          "kind": {
            "Identifier": "restrictions"
          },
          "len": 12,
          "content": "restrictions",
          "position": [
            [
              44,
              0
            ],
            [
              44,
              12
            ]
          ],
          "level": 1
        }
      ],
      "level": 1,
      "position": [
        [
          44,
          0
        ],
        [
          48,
          24
        ]
      ],
      "children": [
        {
          "tokens": [
            {
              "kind": "Greater",
              "len": 1,
              "content": ">",
              "position": [
                [
                  45,
                  4
                ],
                [
                  45,
                  5
                ]
              ],
              "level": 2
            }
          ],
          "level": 2,
          "position": [
            [
              45,
              4
            ],
            [
              48,
              24
            ]
          ],
          "children": [
            {
              "tokens": [
                {
                  "kind": "Exclamation",
                  "len": 1,
                  "content": "!",
                  "position": [
                    [
                      46,
                      8
                    ],
                    [
                      46,
                      9
                    ]
                  ],
                  "level": 3
                },
                {
                  "kind": {
                    "Identifier": "options"
                  },
                  "len": 7,
                  "content": "options",
                  "position": [
                    [
                      46,
                      9
                    ],
                    [
                      46,
                      16
                    ]
                  ],
                  "level": 3
                },
                {
                  "kind": "Colon",
                  "len": 1,
                  "content": ":",
                  "position": [
                    [
                      46,
                      16
                    ],
                    [
                      46,
                      17
                    ]
                  ],
                  "level": 3
                },
                {
                  "kind": "At",
                  "len": 1,
                  "content": "@",
                  "position": [
                    [
                      46,
                      17
                    ],
                    [
                      46,
                      18
                    ]
                  ],
                  "level": 3
                },
                {
                  "kind": {
                    "Identifier": "resources"
                  },
                  "len": 9,
                  "content": "resources",
                  "position": [
                    [
                      46,
                      18
                    ],
                    [
                      46,
                      27
                    ]
                  ],
                  "level": 3
                },
                {
                  "kind": "Dot",
                  "len": 1,
                  "content": ".",
                  "position": [
                    [
                      46,
                      27
                    ],
                    [
                      46,
                      28
                    ]
                  ],
                  "level": 3
                },
                {
                  "kind": {
                    "Identifier": "foodRestrictions"
                  },
                  "len": 16,
                  "content": "foodRestrictions",
                  "position": [
                    [
                      46,
                      28
                    ],
                    [
                      46,
                      44
                    ]
                  ],
                  "level": 3
                }
              ],
              "level": 3,
              "position": [
                [
                  46,
                  8
                ],
                [
                  46,
                  44
                ]
              ],
              "children": []
            },
            {
              "tokens": [
                {
                  "kind": "Exclamation",
                  "len": 1,
                  "content": "!",
                  "position": [
                    [
                      47,
                      8
                    ],
                    [
                      47,
                      9
                    ]
                  ],
                  "level": 3
                },
                {
                  "kind": {
                    "Identifier": "required"
                  },
                  "len": 8,
                  "content": "required",
                  "position": [
                    [
                      47,
                      9
                    ],
                    [
                      47,
                      17
                    ]
                  ],
                  "level": 3
                }
              ],
              "level": 3,
              "position": [
                [
                  47,
                  8
                ],
                [
                  47,
                  17
                ]
              ],
              "children": []
            },
            {
              "tokens": [
                {
                  "kind": "Exclamation",
                  "len": 1,
                  "content": "!",
                  "position": [
                    [
                      48,
                      8
                    ],
                    [
                      48,
                      9
                    ]
                  ],
                  "level": 3
                },
                {
                  "kind": {
                    "Identifier": "select"
                  },
                  "len": 6,
                  "content": "select",
                  "position": [
                    [
                      48,
                      9
                    ],
                    [
                      48,
                      15
                    ]
                  ],
                  "level": 3
                },
                {
                  "kind": "Colon",
                  "len": 1,
                  "content": ":",
                  "position": [
                    [
                      48,
                      15
                    ],
                    [
                      48,
                      16
                    ]
                  ],
                  "level": 3
                },
                {
                  "kind": {
                    "Identifier": "multiple"
                  },
                  "len": 8,
                  "content": "multiple",
                  "position": [
                    [
                      48,
                      16
                    ],
                    [
                      48,
                      24
                    ]
                  ],
                  "level": 3
                }
              ],
              "level": 3,
              "position": [
                [
                  48,
                  8
                ],
                [
                  48,
                  24
                ]
              ],
              "children": []
            }
          ]
        }
      ]
    },
    {
      "tokens": [
        {
          "kind": {
            "Identifier": "preparation"
          },
          "len": 11,
          "content": "preparation",
          "position": [
            [
              49,
              0
            ],
            [
              49,
              11
            ]
          ],
          "level": 1
        }
      ],
      "level": 1,
      "position": [
        [
          49,
          0
        ],
        [
          64,
          36
        ]
      ],
      "children": [
        {
          "tokens": [
            {
              "kind": "Plus",
              "len": 1,
              "content": "+",
              "position": [
                [
                  50,
                  4
                ],
                [
                  50,
                  5
                ]
              ],
              "level": 2
            },
            {
              "kind": "Greater",
              "len": 1,
              "content": ">",
              "position": [
                [
                  50,
                  5
                ],
                [
                  50,
                  6
                ]
              ],
              "level": 2
            }
          ],
          "level": 2,
          "position": [
            [
              50,
              4
            ],
            [
              64,
              36
            ]
          ],
          "children": [
            {
              "tokens": [
                {
                  "kind": {
                    "Identifier": "preparationSteps"
                  },
                  "len": 16,
                  "content": "preparationSteps",
                  "position": [
                    [
                      51,
                      8
                    ],
                    [
                      51,
                      24
                    ]
                  ],
                  "level": 3
                }
              ],
              "level": 3,
              "position": [
                [
                  51,
                  8
                ],
                [
                  64,
                  36
                ]
              ],
              "children": [
                {
                  "tokens": [
                    {
                      "kind": {
                        "Identifier": "description"
                      },
                      "len": 11,
                      "content": "description",
                      "position": [
                        [
                          52,
                          12
                        ],
                        [
                          52,
                          23
                        ]
                      ],
                      "level": 4
                    }
                  ],
                  "level": 4,
                  "position": [
                    [
                      52,
                      12
                    ],
                    [
                      60,
                      25
                    ]
                  ],
                  "children": [
                    {
                      "tokens": [
                        {
                          "kind": "HashPound",
                          "len": 1,
                          "content": "#",
                          "position": [
                            [
                              53,
                              16
                            ],
                            [
                              53,
                              17
                            ]
                          ],
                          "level": 5
                        },
                        {
                          "kind": {
                            "Identifier": "ln"
                          },
                          "len": 2,
                          "content": "ln",
                          "position": [
                            [
                              53,
                              17
                            ],
                            [
                              53,
                              19
                            ]
                          ],
                          "level": 5
                        },
                        {
                          "kind": "Colon",
                          "len": 1,
                          "content": ":",
                          "position": [
                            [
                              53,
                              19
                            ],
                            [
                              53,
                              20
                            ]
                          ],
                          "level": 5
                        },
                        {
                          "kind": {
                            "Identifier": "en"
                          },
                          "len": 2,
                          "content": "en",
                          "position": [
                            [
                              53,
                              20
                            ],
                            [
                              53,
                              22
                            ]
                          ],
                          "level": 5
                        },
                        {
                          "kind": "ContentBlock",
                          "len": 64,
                          "content": "\n                        Step description\n                    ",
                          "position": [
                            [
                              53,
                              22
                            ],
                            [
                              55,
                              17
                            ]
                          ],
                          "level": 5
                        }
                      ],
                      "level": 5,
                      "position": [
                        [
                          53,
                          16
                        ],
                        [
                          55,
                          17
                        ]
                      ],
                      "children": []
                    },
                    {
                      "tokens": [
                        {
                          "kind": "HashPound",
                          "len": 1,
                          "content": "#",
                          "position": [
                            [
                              56,
                              16
                            ],
                            [
                              56,
                              17
                            ]
                          ],
                          "level": 5
                        },
                        {
                          "kind": {
                            "Identifier": "ln"
                          },
                          "len": 2,
                          "content": "ln",
                          "position": [
                            [
                              56,
                              17
                            ],
                            [
                              56,
                              19
                            ]
                          ],
                          "level": 5
                        },
                        {
                          "kind": "Colon",
                          "len": 1,
                          "content": ":",
                          "position": [
                            [
                              56,
                              19
                            ],
                            [
                              56,
                              20
                            ]
                          ],
                          "level": 5
                        },
                        {
                          "kind": {
                            "Identifier": "ru"
                          },
                          "len": 2,
                          "content": "ru",
                          "position": [
                            [
                              56,
                              20
                            ],
                            [
                              56,
                              22
                            ]
                          ],
                          "level": 5
                        },
                        {
                          "kind": "ContentBlock",
                          "len": 73,
                          "content": "\n                        Описание шага\n                    ",
                          "position": [
                            [
                              56,
                              22
                            ],
                            [
                              58,
                              17
                            ]
                          ],
                          "level": 5
                        }
                      ],
                      "level": 5,
                      "position": [
                        [
                          56,
                          16
                        ],
                        [
                          58,
                          17
                        ]
                      ],
                      "children": []
                    },
                    {
                      "tokens": [
                        {
                          "kind": "Coma",
                          "len": 1,
                          "content": ",",
                          "position": [
                            [
                              58,
                              17
                            ],
                            [
                              58,
                              18
                            ]
                          ],
                          "level": 5
                        }
                      ],
                      "level": 5,
                      "position": [
                        [
                          58,
                          17
                        ],
                        [
                          58,
                          18
                        ]
                      ],
                      "children": []
                    },
                    {
                      "tokens": [
                        {
                          "kind": "Greater",
                          "len": 1,
                          "content": ">",
                          "position": [
                            [
                              59,
                              16
                            ],
                            [
                              59,
                              17
                            ]
                          ],
                          "level": 5
                        }
                      ],
                      "level": 5,
                      "position": [
                        [
                          59,
                          16
                        ],
                        [
                          60,
                          25
                        ]
                      ],
                      "children": [
                        {
                          "tokens": [
                            {
                              "kind": "Exclamation",
                              "len": 1,
                              "content": "!",
                              "position": [
                                [
                                  60,
                                  20
                                ],
                                [
                                  60,
                                  21
                                ]
                              ],
                              "level": 6
                            },
                            {
                              "kind": {
                                "Identifier": "text"
                              },
                              "len": 4,
                              "content": "text",
                              "position": [
                                [
                                  60,
                                  21
                                ],
                                [
                                  60,
                                  25
                                ]
                              ],
                              "level": 6
                            }
                          ],
                          "level": 6,
                          "position": [
                            [
                              60,
                              20
                            ],
                            [
                              60,
                              25
                            ]
                          ],
                          "children": []
                        }
                      ]
                    }
                  ]
                },
                {
                  "tokens": [
                    {
                      "kind": {
                        "Identifier": "picture"
                      },
                      "len": 7,
                      "content": "picture",
                      "position": [
                        [
                          61,
                          12
                        ],
                        [
                          61,
                          19
                        ]
                      ],
                      "level": 4
                    }
                  ],
                  "level": 4,
                  "position": [
                    [
                      61,
                      12
                    ],
                    [
                      64,
                      36
                    ]
                  ],
                  "children": [
                    {
                      "tokens": [
                        {
                          "kind": "At",
                          "len": 1,
                          "content": "@",
                          "position": [
                            [
                              62,
                              16
                            ],
                            [
                              62,
                              17
                            ]
                          ],
                          "level": 5
                        },
                        {
                          "kind": {
                            "Identifier": "resources"
                          },
                          "len": 9,
                          "content": "resources",
                          "position": [
                            [
                              62,
                              17
                            ],
                            [
                              62,
                              26
                            ]
                          ],
                          "level": 5
                        },
                        {
                          "kind": "Dot",
                          "len": 1,
                          "content": ".",
                          "position": [
                            [
                              62,
                              26
                            ],
                            [
                              62,
                              27
                            ]
                          ],
                          "level": 5
                        },
                        {
                          "kind": {
                            "Identifier": "pictureLabel"
                          },
                          "len": 12,
                          "content": "pictureLabel",
                          "position": [
                            [
                              62,
                              27
                            ],
                            [
                              62,
                              39
                            ]
                          ],
                          "level": 5
                        },
                        {
                          "kind": "Coma",
                          "len": 1,
                          "content": ",",
                          "position": [
                            [
                              62,
                              39
                            ],
                            [
                              62,
                              40
                            ]
                          ],
                          "level": 5
                        }
                      ],
                      "level": 5,
                      "position": [
                        [
                          62,
                          16
                        ],
                        [
                          62,
                          40
                        ]
                      ],
                      "children": []
                    },
                    {
                      "tokens": [
                        {
                          "kind": "Greater",
                          "len": 1,
                          "content": ">",
                          "position": [
                            [
                              63,
                              16
                            ],
                            [
                              63,
                              17
                            ]
                          ],
                          "level": 5
                        }
                      ],
                      "level": 5,
                      "position": [
                        [
                          63,
                          16
                        ],
                        [
                          64,
                          36
                        ]
                      ],
                      "children": [
                        {
                          "tokens": [
                            {
                              "kind": "Exclamation",
                              "len": 1,
                              "content": "!",
                              "position": [
                                [
                                  64,
                                  20
                                ],
                                [
                                  64,
                                  21
                                ]
                              ],
                              "level": 6
                            },
                            {
                              "kind": {
                                "Identifier": "file"
                              },
                              "len": 4,
                              "content": "file",
                              "position": [
                                [
                                  64,
                                  21
                                ],
                                [
                                  64,
                                  25
                                ]
                              ],
                              "level": 6
                            },
                            {
                              "kind": "Colon",
                              "len": 1,
                              "content": ":",
                              "position": [
                                [
                                  64,
                                  25
                                ],
                                [
                                  64,
                                  26
                                ]
                              ],
                              "level": 6
                            },
                            {
                              "kind": {
                                "Identifier": "type"
                              },
                              "len": 4,
                              "content": "type",
                              "position": [
                                [
                                  64,
                                  26
                                ],
                                [
                                  64,
                                  30
                                ]
                              ],
                              "level": 6
                            },
                            {
                              "kind": "Equals",
                              "len": 1,
                              "content": "=",
                              "position": [
                                [
                                  64,
                                  30
                                ],
                                [
                                  64,
                                  31
                                ]
                              ],
                              "level": 6
                            },
                            {
                              "kind": {
                                "Identifier": "image"
                              },
                              "len": 5,
                              "content": "image",
                              "position": [
                                [
                                  64,
                                  31
                                ],
                                [
                                  64,
                                  36
                                ]
                              ],
                              "level": 6
                            }
                          ],
                          "level": 6,
                          "position": [
                            [
                              64,
                              20
                            ],
                            [
                              64,
                              36
                            ]
                          ],
                          "children": []
                        }
                      ]
                    }
                  ]
                }
              ]
            }
          ]
        }
      ]
    }
  ]
}
