---
source: src/lib/ra_parser/src/tests.rs
expression: block_tree
---
{
  "kind": "Program",
  "children": [],
  "first_token": {
    "kind": null,
    "len": 1,
    "content": "",
    "position": [
      [
        0,
        0
      ],
      [
        0,
        1
      ]
    ],
    "level": 0
  }
}
